[0.373s] Invoking command in '/home/dario/Desktop/Aerial-Grasping---Adaptive-Control/ros2_ws/src/aerial_grasping_control': PYTHONPATH=/home/dario/Desktop/Aerial-Grasping---Adaptive-Control/ros2_ws/build/aerial_grasping_control/prefix_override:/usr/lib/python3/dist-packages/colcon_core/task/python/colcon_distutils_commands:/home/dario/Desktop/Aerial-Grasping---Adaptive-Control/ros2_ws/install/aerial_grasping_control/lib/python3.10/site-packages:${PYTHONPATH} /usr/bin/python3 -W ignore:setup.py install is deprecated -W ignore:easy_install command is deprecated setup.py egg_info --egg-base ../../build/aerial_grasping_control build --build-base /home/dario/Desktop/Aerial-Grasping---Adaptive-Control/ros2_ws/build/aerial_grasping_control/build install --record /home/dario/Desktop/Aerial-Grasping---Adaptive-Control/ros2_ws/build/aerial_grasping_control/install.log --single-version-externally-managed install_data
[0.517s] running egg_info
[0.518s] writing ../../build/aerial_grasping_control/aerial_grasping_control.egg-info/PKG-INFO
[0.518s] writing dependency_links to ../../build/aerial_grasping_control/aerial_grasping_control.egg-info/dependency_links.txt
[0.518s] writing entry points to ../../build/aerial_grasping_control/aerial_grasping_control.egg-info/entry_points.txt
[0.518s] writing requirements to ../../build/aerial_grasping_control/aerial_grasping_control.egg-info/requires.txt
[0.518s] writing top-level names to ../../build/aerial_grasping_control/aerial_grasping_control.egg-info/top_level.txt
[0.519s] reading manifest file '../../build/aerial_grasping_control/aerial_grasping_control.egg-info/SOURCES.txt'
[0.519s] writing manifest file '../../build/aerial_grasping_control/aerial_grasping_control.egg-info/SOURCES.txt'
[0.519s] running build
[0.519s] running build_py
[0.520s] copying aerial_grasping_control/full_adaptive_controller.py -> /home/dario/Desktop/Aerial-Grasping---Adaptive-Control/ros2_ws/build/aerial_grasping_control/build/lib/aerial_grasping_control
[0.520s] copying aerial_grasping_control/full_adaptive_controller_v6.py -> /home/dario/Desktop/Aerial-Grasping---Adaptive-Control/ros2_ws/build/aerial_grasping_control/build/lib/aerial_grasping_control
[0.520s] running install
[0.520s] running install_lib
[0.520s] copying /home/dario/Desktop/Aerial-Grasping---Adaptive-Control/ros2_ws/build/aerial_grasping_control/build/lib/aerial_grasping_control/full_adaptive_controller.py -> /home/dario/Desktop/Aerial-Grasping---Adaptive-Control/ros2_ws/install/aerial_grasping_control/lib/python3.10/site-packages/aerial_grasping_control
[0.521s] copying /home/dario/Desktop/Aerial-Grasping---Adaptive-Control/ros2_ws/build/aerial_grasping_control/build/lib/aerial_grasping_control/full_adaptive_controller_v6.py -> /home/dario/Desktop/Aerial-Grasping---Adaptive-Control/ros2_ws/install/aerial_grasping_control/lib/python3.10/site-packages/aerial_grasping_control
[0.521s] byte-compiling /home/dario/Desktop/Aerial-Grasping---Adaptive-Control/ros2_ws/install/aerial_grasping_control/lib/python3.10/site-packages/aerial_grasping_control/full_adaptive_controller.py to full_adaptive_controller.cpython-310.pyc
[0.524s] byte-compiling /home/dario/Desktop/Aerial-Grasping---Adaptive-Control/ros2_ws/install/aerial_grasping_control/lib/python3.10/site-packages/aerial_grasping_control/full_adaptive_controller_v6.py to full_adaptive_controller_v6.cpython-310.pyc
[0.527s] running install_data
[0.527s] running install_egg_info
[0.528s] removing '/home/dario/Desktop/Aerial-Grasping---Adaptive-Control/ros2_ws/install/aerial_grasping_control/lib/python3.10/site-packages/aerial_grasping_control-0.0.0-py3.10.egg-info' (and everything under it)
[0.528s] Copying ../../build/aerial_grasping_control/aerial_grasping_control.egg-info to /home/dario/Desktop/Aerial-Grasping---Adaptive-Control/ros2_ws/install/aerial_grasping_control/lib/python3.10/site-packages/aerial_grasping_control-0.0.0-py3.10.egg-info
[0.529s] running install_scripts
[0.540s] Installing adaptive_joint_controller script to /home/dario/Desktop/Aerial-Grasping---Adaptive-Control/ros2_ws/install/aerial_grasping_control/lib/aerial_grasping_control
[0.540s] writing list of installed files to '/home/dario/Desktop/Aerial-Grasping---Adaptive-Control/ros2_ws/build/aerial_grasping_control/install.log'
[0.556s] Invoked command in '/home/dario/Desktop/Aerial-Grasping---Adaptive-Control/ros2_ws/src/aerial_grasping_control' returned '0': PYTHONPATH=/home/dario/Desktop/Aerial-Grasping---Adaptive-Control/ros2_ws/build/aerial_grasping_control/prefix_override:/usr/lib/python3/dist-packages/colcon_core/task/python/colcon_distutils_commands:/home/dario/Desktop/Aerial-Grasping---Adaptive-Control/ros2_ws/install/aerial_grasping_control/lib/python3.10/site-packages:${PYTHONPATH} /usr/bin/python3 -W ignore:setup.py install is deprecated -W ignore:easy_install command is deprecated setup.py egg_info --egg-base ../../build/aerial_grasping_control build --build-base /home/dario/Desktop/Aerial-Grasping---Adaptive-Control/ros2_ws/build/aerial_grasping_control/build install --record /home/dario/Desktop/Aerial-Grasping---Adaptive-Control/ros2_ws/build/aerial_grasping_control/install.log --single-version-externally-managed install_data
