[0.015s] Invoking command in '/home/dario/Desktop/Aerial-Grasping---Adaptive-Control/ros2_ws/build/aerial_grasping_gazebo': CMAKE_PREFIX_PATH=/opt/ros/humble /usr/bin/cmake --build /home/dario/Desktop/Aerial-Grasping---Adaptive-Control/ros2_ws/build/aerial_grasping_gazebo -- -j22 -l22
[0.051s] -- Found ament_cmake: 1.3.14 (/opt/ros/humble/share/ament_cmake/cmake)
[0.148s] -- Found rclcpp: 16.0.19 (/opt/ros/humble/share/rclcpp/cmake)
[0.174s] -- Found rosidl_generator_c: 3.1.8 (/opt/ros/humble/share/rosidl_generator_c/cmake)
[0.176s] -- Found rosidl_adapter: 3.1.8 (/opt/ros/humble/share/rosidl_adapter/cmake)
[0.181s] -- Found rosidl_generator_cpp: 3.1.8 (/opt/ros/humble/share/rosidl_generator_cpp/cmake)
[0.188s] -- Using all available rosidl_typesupport_c: rosidl_typesupport_fastrtps_c;rosidl_typesupport_introspection_c
[0.197s] -- Using all available rosidl_typesupport_cpp: rosidl_typesupport_fastrtps_cpp;rosidl_typesupport_introspection_cpp
[0.223s] -- Found rmw_implementation_cmake: 6.1.2 (/opt/ros/humble/share/rmw_implementation_cmake/cmake)
[0.224s] -- Found rmw_fastrtps_cpp: 6.2.10 (/opt/ros/humble/share/rmw_fastrtps_cpp/cmake)
[0.301s] -- Using RMW implementation 'rmw_fastrtps_cpp' as default
[0.340s] -- Found gazebo_ros: 3.9.0 (/opt/ros/humble/share/gazebo_ros/cmake)
[0.378s] -- Found DART: /usr/include (Required is at least version "6.6") found components: dart 
[0.405s] -- Found Protobuf: /usr/lib/x86_64-linux-gnu/libprotobuf.so (found version "3.12.4") 
[0.408s] -- Looking for ignition-math6 -- found version 6.15.1
[0.414s] -- Searching for dependencies of ignition-math6
[0.416s] -- Looking for OGRE...
[0.424s] -- Found Ogre Ghadamon (1.9.0)
[0.425s] -- Found OGRE: optimized;/usr/lib/x86_64-linux-gnu/libOgreMain.so;debug;/usr/lib/x86_64-linux-gnu/libOgreMain.so
[0.437s] -- Looking for OGRE_Paging...
[0.437s] -- Found OGRE_Paging: optimized;/usr/lib/x86_64-linux-gnu/libOgrePaging.so;debug;/usr/lib/x86_64-linux-gnu/libOgrePaging.so
[0.437s] -- Looking for OGRE_Terrain...
[0.437s] -- Found OGRE_Terrain: optimized;/usr/lib/x86_64-linux-gnu/libOgreTerrain.so;debug;/usr/lib/x86_64-linux-gnu/libOgreTerrain.so
[0.437s] -- Looking for OGRE_Property...
[0.437s] -- Found OGRE_Property: optimized;/usr/lib/x86_64-linux-gnu/libOgreProperty.so;debug;/usr/lib/x86_64-linux-gnu/libOgreProperty.so
[0.437s] -- Looking for OGRE_RTShaderSystem...
[0.437s] -- Found OGRE_RTShaderSystem: optimized;/usr/lib/x86_64-linux-gnu/libOgreRTShaderSystem.so;debug;/usr/lib/x86_64-linux-gnu/libOgreRTShaderSystem.so
[0.437s] -- Looking for OGRE_Volume...
[0.437s] -- Found OGRE_Volume: optimized;/usr/lib/x86_64-linux-gnu/libOgreVolume.so;debug;/usr/lib/x86_64-linux-gnu/libOgreVolume.so
[0.437s] -- Looking for OGRE_Overlay...
[0.437s] -- Found OGRE_Overlay: optimized;/usr/lib/x86_64-linux-gnu/libOgreOverlay.so;debug;/usr/lib/x86_64-linux-gnu/libOgreOverlay.so
[0.505s] -- Looking for ignition-math6 -- found version 6.15.1
[0.506s] -- Looking for ignition-transport8 -- found version 8.2.1
[0.506s] -- Searching for dependencies of ignition-transport8
[0.519s] -- Found Protobuf: /usr/lib/x86_64-linux-gnu/libprotobuf.so (found suitable version "3.12.4", minimum required is "3") 
[0.527s] -- Checking for module 'uuid'
[0.539s] --   Found uuid, version 2.37.2
[0.572s] -- Looking for ignition-msgs5 -- found version 5.8.1
[0.572s] -- Searching for dependencies of ignition-msgs5
[0.585s] -- Looking for ignition-math6 -- found version 6.15.1
[0.588s] -- Checking for module 'tinyxml2'
[0.601s] --   Found tinyxml2, version 9.0.0
[0.635s] -- Looking for ignition-msgs5 -- found version 5.8.1
[0.636s] -- Looking for ignition-common3 -- found version 3.14.0
[0.636s] -- Searching for dependencies of ignition-common3
[0.636s] -- Looking for dlfcn.h - found
[0.636s] -- Looking for libdl - found
[0.646s] -- Searching for <ignition-common3> component [graphics]
[0.646s] -- Looking for ignition-common3-graphics -- found version 3.14.0
[0.646s] -- Searching for dependencies of ignition-common3-graphics
[0.646s] -- Looking for ignition-math6 -- found version 6.15.1
[0.648s] -- Looking for ignition-fuel_tools4 -- found version 4.4.0
[0.649s] -- Searching for dependencies of ignition-fuel_tools4
[0.680s] -- Checking for module 'jsoncpp'
[0.693s] --   Found jsoncpp, version 1.9.5
[0.737s] -- Checking for module 'libzip'
[0.749s] --   Found libzip, version 1.7.3
[0.779s] -- Looking for ignition-common3 -- found version 3.14.0
[0.779s] -- Looking for ignition-math6 -- found version 6.15.1
[0.779s] -- Looking for ignition-msgs5 -- found version 5.8.1
[0.782s] -- Gazebo version: 11.10
[0.865s] -- Configuring done
[0.896s] [33mCMake Warning at CMakeLists.txt:24 (add_library):
[0.896s]   Cannot generate a safe runtime search path for target motor_thrust_plugin
[0.896s]   because files in some directories may conflict with libraries in implicit
[0.896s]   directories:
[0.896s] 
[0.896s]     runtime library [libuuid.so.1] in /usr/lib/x86_64-linux-gnu may be hidden by files in:
[0.896s]       /home/dario/miniconda3/lib
[0.896s] 
[0.896s]   Some of these libraries may not be found correctly.
[0.896s] 
[0.896s] [0m
[0.900s] [33mCMake Warning at CMakeLists.txt:43 (add_library):
[0.901s]   Cannot generate a safe runtime search path for target grasp_attach_plugin
[0.901s]   because files in some directories may conflict with libraries in implicit
[0.901s]   directories:
[0.901s] 
[0.901s]     runtime library [libuuid.so.1] in /usr/lib/x86_64-linux-gnu may be hidden by files in:
[0.901s]       /home/dario/miniconda3/lib
[0.901s] 
[0.901s]   Some of these libraries may not be found correctly.
[0.901s] 
[0.901s] [0m
[0.901s] -- Generating done
[0.905s] -- Build files have been written to: /home/dario/Desktop/Aerial-Grasping---Adaptive-Control/ros2_ws/build/aerial_grasping_gazebo
[0.935s] [35m[1mConsolidate compiler generated dependencies of target motor_thrust_plugin[0m
[0.941s] [ 25%] [32mBuilding CXX object CMakeFiles/grasp_attach_plugin.dir/src/grasp_attach_plugin.cpp.o[0m
[0.977s] [ 75%] Built target motor_thrust_plugin
[12.652s] [100%] [32m[1mLinking CXX shared library libgrasp_attach_plugin.so[0m
[13.158s] [100%] Built target grasp_attach_plugin
[13.170s] Invoked command in '/home/dario/Desktop/Aerial-Grasping---Adaptive-Control/ros2_ws/build/aerial_grasping_gazebo' returned '0': CMAKE_PREFIX_PATH=/opt/ros/humble /usr/bin/cmake --build /home/dario/Desktop/Aerial-Grasping---Adaptive-Control/ros2_ws/build/aerial_grasping_gazebo -- -j22 -l22
[13.170s] Invoking command in '/home/dario/Desktop/Aerial-Grasping---Adaptive-Control/ros2_ws/build/aerial_grasping_gazebo': CMAKE_PREFIX_PATH=/opt/ros/humble /usr/bin/cmake --install /home/dario/Desktop/Aerial-Grasping---Adaptive-Control/ros2_ws/build/aerial_grasping_gazebo
[13.174s] -- Install configuration: ""
[13.174s] -- Up-to-date: /home/dario/Desktop/Aerial-Grasping---Adaptive-Control/ros2_ws/install/aerial_grasping_gazebo/lib/libmotor_thrust_plugin.so
[13.174s] -- Installing: /home/dario/Desktop/Aerial-Grasping---Adaptive-Control/ros2_ws/install/aerial_grasping_gazebo/lib/libgrasp_attach_plugin.so
[13.180s] -- Set runtime path of "/home/dario/Desktop/Aerial-Grasping---Adaptive-Control/ros2_ws/install/aerial_grasping_gazebo/lib/libgrasp_attach_plugin.so" to ""
[13.180s] -- Up-to-date: /home/dario/Desktop/Aerial-Grasping---Adaptive-Control/ros2_ws/install/aerial_grasping_gazebo/share/ament_index/resource_index/package_run_dependencies/aerial_grasping_gazebo
[13.180s] -- Up-to-date: /home/dario/Desktop/Aerial-Grasping---Adaptive-Control/ros2_ws/install/aerial_grasping_gazebo/share/ament_index/resource_index/parent_prefix_path/aerial_grasping_gazebo
[13.180s] -- Up-to-date: /home/dario/Desktop/Aerial-Grasping---Adaptive-Control/ros2_ws/install/aerial_grasping_gazebo/share/aerial_grasping_gazebo/environment/ament_prefix_path.sh
[13.184s] -- Installing: /home/dario/Desktop/Aerial-Grasping---Adaptive-Control/ros2_ws/install/aerial_grasping_gazebo/share/aerial_grasping_gazebo/environment/ament_prefix_path.dsv
[13.184s] -- Up-to-date: /home/dario/Desktop/Aerial-Grasping---Adaptive-Control/ros2_ws/install/aerial_grasping_gazebo/share/aerial_grasping_gazebo/environment/path.sh
[13.184s] -- Installing: /home/dario/Desktop/Aerial-Grasping---Adaptive-Control/ros2_ws/install/aerial_grasping_gazebo/share/aerial_grasping_gazebo/environment/path.dsv
[13.184s] -- Up-to-date: /home/dario/Desktop/Aerial-Grasping---Adaptive-Control/ros2_ws/install/aerial_grasping_gazebo/share/aerial_grasping_gazebo/local_setup.bash
[13.185s] -- Up-to-date: /home/dario/Desktop/Aerial-Grasping---Adaptive-Control/ros2_ws/install/aerial_grasping_gazebo/share/aerial_grasping_gazebo/local_setup.sh
[13.185s] -- Up-to-date: /home/dario/Desktop/Aerial-Grasping---Adaptive-Control/ros2_ws/install/aerial_grasping_gazebo/share/aerial_grasping_gazebo/local_setup.zsh
[13.186s] -- Installing: /home/dario/Desktop/Aerial-Grasping---Adaptive-Control/ros2_ws/install/aerial_grasping_gazebo/share/aerial_grasping_gazebo/local_setup.dsv
[13.186s] -- Installing: /home/dario/Desktop/Aerial-Grasping---Adaptive-Control/ros2_ws/install/aerial_grasping_gazebo/share/aerial_grasping_gazebo/package.dsv
[13.186s] -- Up-to-date: /home/dario/Desktop/Aerial-Grasping---Adaptive-Control/ros2_ws/install/aerial_grasping_gazebo/share/ament_index/resource_index/packages/aerial_grasping_gazebo
[13.186s] -- Up-to-date: /home/dario/Desktop/Aerial-Grasping---Adaptive-Control/ros2_ws/install/aerial_grasping_gazebo/share/aerial_grasping_gazebo/cmake/aerial_grasping_gazeboConfig.cmake
[13.187s] -- Up-to-date: /home/dario/Desktop/Aerial-Grasping---Adaptive-Control/ros2_ws/install/aerial_grasping_gazebo/share/aerial_grasping_gazebo/cmake/aerial_grasping_gazeboConfig-version.cmake
[13.188s] -- Installing: /home/dario/Desktop/Aerial-Grasping---Adaptive-Control/ros2_ws/install/aerial_grasping_gazebo/share/aerial_grasping_gazebo/package.xml
[13.188s] Invoked command in '/home/dario/Desktop/Aerial-Grasping---Adaptive-Control/ros2_ws/build/aerial_grasping_gazebo' returned '0': CMAKE_PREFIX_PATH=/opt/ros/humble /usr/bin/cmake --install /home/dario/Desktop/Aerial-Grasping---Adaptive-Control/ros2_ws/build/aerial_grasping_gazebo
