[0.599s] Invoking command in '/home/dario/Desktop/Aerial-Grasping---Adaptive-Control/ros2_ws/src/aerial_grasping_control': CONDA_PROMPT_MODIFIER=(base) PYTHONPATH=/home/dario/Desktop/Aerial-Grasping---Adaptive-Control/ros2_ws/build/aerial_grasping_control/prefix_override:/usr/lib/python3/dist-packages/colcon_core/task/python/colcon_distutils_commands:/home/dario/Desktop/Aerial-Grasping---Adaptive-Control/ros2_ws/install/aerial_grasping_control/lib/python3.10/site-packages:${PYTHONPATH} /usr/bin/python3 -W ignore:setup.py install is deprecated -W ignore:easy_install command is deprecated setup.py egg_info --egg-base ../../build/aerial_grasping_control build --build-base /home/dario/Desktop/Aerial-Grasping---Adaptive-Control/ros2_ws/build/aerial_grasping_control/build install --record /home/dario/Desktop/Aerial-Grasping---Adaptive-Control/ros2_ws/build/aerial_grasping_control/install.log --single-version-externally-managed install_data
[0.747s] running egg_info
[0.747s] writing ../../build/aerial_grasping_control/aerial_grasping_control.egg-info/PKG-INFO
[0.747s] writing dependency_links to ../../build/aerial_grasping_control/aerial_grasping_control.egg-info/dependency_links.txt
[0.747s] writing entry points to ../../build/aerial_grasping_control/aerial_grasping_control.egg-info/entry_points.txt
[0.748s] writing requirements to ../../build/aerial_grasping_control/aerial_grasping_control.egg-info/requires.txt
[0.748s] writing top-level names to ../../build/aerial_grasping_control/aerial_grasping_control.egg-info/top_level.txt
[0.749s] reading manifest file '../../build/aerial_grasping_control/aerial_grasping_control.egg-info/SOURCES.txt'
[0.749s] writing manifest file '../../build/aerial_grasping_control/aerial_grasping_control.egg-info/SOURCES.txt'
[0.749s] running build
[0.750s] running build_py
[0.750s] running install
[0.750s] running install_lib
[0.750s] running install_data
[0.751s] running install_egg_info
[0.752s] removing '/home/dario/Desktop/Aerial-Grasping---Adaptive-Control/ros2_ws/install/aerial_grasping_control/lib/python3.10/site-packages/aerial_grasping_control-0.0.0-py3.10.egg-info' (and everything under it)
[0.752s] Copying ../../build/aerial_grasping_control/aerial_grasping_control.egg-info to /home/dario/Desktop/Aerial-Grasping---Adaptive-Control/ros2_ws/install/aerial_grasping_control/lib/python3.10/site-packages/aerial_grasping_control-0.0.0-py3.10.egg-info
[0.752s] running install_scripts
[0.766s] Installing adaptive_joint_controller script to /home/dario/Desktop/Aerial-Grasping---Adaptive-Control/ros2_ws/install/aerial_grasping_control/lib/aerial_grasping_control
[0.766s] writing list of installed files to '/home/dario/Desktop/Aerial-Grasping---Adaptive-Control/ros2_ws/build/aerial_grasping_control/install.log'
[0.781s] Invoked command in '/home/dario/Desktop/Aerial-Grasping---Adaptive-Control/ros2_ws/src/aerial_grasping_control' returned '0': CONDA_PROMPT_MODIFIER=(base) PYTHONPATH=/home/dario/Desktop/Aerial-Grasping---Adaptive-Control/ros2_ws/build/aerial_grasping_control/prefix_override:/usr/lib/python3/dist-packages/colcon_core/task/python/colcon_distutils_commands:/home/dario/Desktop/Aerial-Grasping---Adaptive-Control/ros2_ws/install/aerial_grasping_control/lib/python3.10/site-packages:${PYTHONPATH} /usr/bin/python3 -W ignore:setup.py install is deprecated -W ignore:easy_install command is deprecated setup.py egg_info --egg-base ../../build/aerial_grasping_control build --build-base /home/dario/Desktop/Aerial-Grasping---Adaptive-Control/ros2_ws/build/aerial_grasping_control/build install --record /home/dario/Desktop/Aerial-Grasping---Adaptive-Control/ros2_ws/build/aerial_grasping_control/install.log --single-version-externally-managed install_data
