[0.326s] Invoking command in '/home/dario/Desktop/Aerial-Grasping---Adaptive-Control/ros2_ws/build/aerial_grasping_description': CMAKE_PREFIX_PATH=${CMAKE_PREFIX_PATH}:/home/dario/Desktop/Aerial-Grasping---Adaptive-Control/ros2_ws/install/aerial_grasping_control:/home/dario/Desktop/Aerial-Grasping---Adaptive-Control/ros2_ws/install/aerial_grasping_bringup:/opt/ros/humble /usr/bin/cmake --build /home/dario/Desktop/Aerial-Grasping---Adaptive-Control/ros2_ws/build/aerial_grasping_description -- -j22 -l22
[0.363s] Invoked command in '/home/dario/Desktop/Aerial-Grasping---Adaptive-Control/ros2_ws/build/aerial_grasping_description' returned '0': CMAKE_PREFIX_PATH=${CMAKE_PREFIX_PATH}:/home/dario/Desktop/Aerial-Grasping---Adaptive-Control/ros2_ws/install/aerial_grasping_control:/home/dario/Desktop/Aerial-Grasping---Adaptive-Control/ros2_ws/install/aerial_grasping_bringup:/opt/ros/humble /usr/bin/cmake --build /home/dario/Desktop/Aerial-Grasping---Adaptive-Control/ros2_ws/build/aerial_grasping_description -- -j22 -l22
[0.373s] Invoking command in '/home/dario/Desktop/Aerial-Grasping---Adaptive-Control/ros2_ws/build/aerial_grasping_description': CMAKE_PREFIX_PATH=${CMAKE_PREFIX_PATH}:/home/dario/Desktop/Aerial-Grasping---Adaptive-Control/ros2_ws/install/aerial_grasping_control:/home/dario/Desktop/Aerial-Grasping---Adaptive-Control/ros2_ws/install/aerial_grasping_bringup:/opt/ros/humble /usr/bin/cmake --install /home/dario/Desktop/Aerial-Grasping---Adaptive-Control/ros2_ws/build/aerial_grasping_description
[0.378s] -- Install configuration: ""
[0.378s] -- Up-to-date: /home/dario/Desktop/Aerial-Grasping---Adaptive-Control/ros2_ws/install/aerial_grasping_description/share/aerial_grasping_description/urdf
[0.378s] -- Installing: /home/dario/Desktop/Aerial-Grasping---Adaptive-Control/ros2_ws/install/aerial_grasping_description/share/aerial_grasping_description/urdf/drone_arm.urdf
[0.378s] -- Up-to-date: /home/dario/Desktop/Aerial-Grasping---Adaptive-Control/ros2_ws/install/aerial_grasping_description/share/aerial_grasping_description/config
[0.378s] -- Up-to-date: /home/dario/Desktop/Aerial-Grasping---Adaptive-Control/ros2_ws/install/aerial_grasping_description/share/aerial_grasping_description/config/controllers.yaml
[0.378s] -- Up-to-date: /home/dario/Desktop/Aerial-Grasping---Adaptive-Control/ros2_ws/install/aerial_grasping_description/share/aerial_grasping_description/meshes
[0.378s] -- Up-to-date: /home/dario/Desktop/Aerial-Grasping---Adaptive-Control/ros2_ws/install/aerial_grasping_description/share/aerial_grasping_description/meshes/droneModel_binary.stl
[0.378s] -- Up-to-date: /home/dario/Desktop/Aerial-Grasping---Adaptive-Control/ros2_ws/install/aerial_grasping_description/share/ament_index/resource_index/package_run_dependencies/aerial_grasping_description
[0.378s] -- Up-to-date: /home/dario/Desktop/Aerial-Grasping---Adaptive-Control/ros2_ws/install/aerial_grasping_description/share/ament_index/resource_index/parent_prefix_path/aerial_grasping_description
[0.379s] -- Up-to-date: /home/dario/Desktop/Aerial-Grasping---Adaptive-Control/ros2_ws/install/aerial_grasping_description/share/aerial_grasping_description/environment/ament_prefix_path.sh
[0.379s] -- Up-to-date: /home/dario/Desktop/Aerial-Grasping---Adaptive-Control/ros2_ws/install/aerial_grasping_description/share/aerial_grasping_description/environment/ament_prefix_path.dsv
[0.379s] -- Up-to-date: /home/dario/Desktop/Aerial-Grasping---Adaptive-Control/ros2_ws/install/aerial_grasping_description/share/aerial_grasping_description/environment/path.sh
[0.380s] -- Up-to-date: /home/dario/Desktop/Aerial-Grasping---Adaptive-Control/ros2_ws/install/aerial_grasping_description/share/aerial_grasping_description/environment/path.dsv
[0.380s] -- Up-to-date: /home/dario/Desktop/Aerial-Grasping---Adaptive-Control/ros2_ws/install/aerial_grasping_description/share/aerial_grasping_description/local_setup.bash
[0.380s] -- Up-to-date: /home/dario/Desktop/Aerial-Grasping---Adaptive-Control/ros2_ws/install/aerial_grasping_description/share/aerial_grasping_description/local_setup.sh
[0.380s] -- Up-to-date: /home/dario/Desktop/Aerial-Grasping---Adaptive-Control/ros2_ws/install/aerial_grasping_description/share/aerial_grasping_description/local_setup.zsh
[0.380s] -- Up-to-date: /home/dario/Desktop/Aerial-Grasping---Adaptive-Control/ros2_ws/install/aerial_grasping_description/share/aerial_grasping_description/local_setup.dsv
[0.380s] -- Installing: /home/dario/Desktop/Aerial-Grasping---Adaptive-Control/ros2_ws/install/aerial_grasping_description/share/aerial_grasping_description/package.dsv
[0.380s] -- Up-to-date: /home/dario/Desktop/Aerial-Grasping---Adaptive-Control/ros2_ws/install/aerial_grasping_description/share/ament_index/resource_index/packages/aerial_grasping_description
[0.380s] -- Up-to-date: /home/dario/Desktop/Aerial-Grasping---Adaptive-Control/ros2_ws/install/aerial_grasping_description/share/aerial_grasping_description/cmake/aerial_grasping_descriptionConfig.cmake
[0.380s] -- Up-to-date: /home/dario/Desktop/Aerial-Grasping---Adaptive-Control/ros2_ws/install/aerial_grasping_description/share/aerial_grasping_description/cmake/aerial_grasping_descriptionConfig-version.cmake
[0.381s] -- Up-to-date: /home/dario/Desktop/Aerial-Grasping---Adaptive-Control/ros2_ws/install/aerial_grasping_description/share/aerial_grasping_description/package.xml
[0.381s] Invoked command in '/home/dario/Desktop/Aerial-Grasping---Adaptive-Control/ros2_ws/build/aerial_grasping_description' returned '0': CMAKE_PREFIX_PATH=${CMAKE_PREFIX_PATH}:/home/dario/Desktop/Aerial-Grasping---Adaptive-Control/ros2_ws/install/aerial_grasping_control:/home/dario/Desktop/Aerial-Grasping---Adaptive-Control/ros2_ws/install/aerial_grasping_bringup:/opt/ros/humble /usr/bin/cmake --install /home/dario/Desktop/Aerial-Grasping---Adaptive-Control/ros2_ws/build/aerial_grasping_description
