[ 50%] Built target motor_thrust_plugin
[100%] Built target grasp_attach_plugin
-- Install configuration: ""
-- Up-to-date: /home/dario/Desktop/Aerial-Grasping---Adaptive-Control/ros2_ws/install/aerial_grasping_gazebo/lib/libmotor_thrust_plugin.so
-- Up-to-date: /home/dario/Desktop/Aerial-Grasping---Adaptive-Control/ros2_ws/install/aerial_grasping_gazebo/lib/libgrasp_attach_plugin.so
-- Up-to-date: /home/dario/Desktop/Aerial-Grasping---Adaptive-Control/ros2_ws/install/aerial_grasping_gazebo/share/ament_index/resource_index/package_run_dependencies/aerial_grasping_gazebo
-- Up-to-date: /home/dario/Desktop/Aerial-Grasping---Adaptive-Control/ros2_ws/install/aerial_grasping_gazebo/share/ament_index/resource_index/parent_prefix_path/aerial_grasping_gazebo
-- Up-to-date: /home/dario/Desktop/Aerial-Grasping---Adaptive-Control/ros2_ws/install/aerial_grasping_gazebo/share/aerial_grasping_gazebo/environment/ament_prefix_path.sh
-- Up-to-date: /home/dario/Desktop/Aerial-Grasping---Adaptive-Control/ros2_ws/install/aerial_grasping_gazebo/share/aerial_grasping_gazebo/environment/ament_prefix_path.dsv
-- Up-to-date: /home/dario/Desktop/Aerial-Grasping---Adaptive-Control/ros2_ws/install/aerial_grasping_gazebo/share/aerial_grasping_gazebo/environment/path.sh
-- Up-to-date: /home/dario/Desktop/Aerial-Grasping---Adaptive-Control/ros2_ws/install/aerial_grasping_gazebo/share/aerial_grasping_gazebo/environment/path.dsv
-- Up-to-date: /home/dario/Desktop/Aerial-Grasping---Adaptive-Control/ros2_ws/install/aerial_grasping_gazebo/share/aerial_grasping_gazebo/local_setup.bash
-- Up-to-date: /home/dario/Desktop/Aerial-Grasping---Adaptive-Control/ros2_ws/install/aerial_grasping_gazebo/share/aerial_grasping_gazebo/local_setup.sh
-- Up-to-date: /home/dario/Desktop/Aerial-Grasping---Adaptive-Control/ros2_ws/install/aerial_grasping_gazebo/share/aerial_grasping_gazebo/local_setup.zsh
-- Up-to-date: /home/dario/Desktop/Aerial-Grasping---Adaptive-Control/ros2_ws/install/aerial_grasping_gazebo/share/aerial_grasping_gazebo/local_setup.dsv
-- Installing: /home/dario/Desktop/Aerial-Grasping---Adaptive-Control/ros2_ws/install/aerial_grasping_gazebo/share/aerial_grasping_gazebo/package.dsv
-- Up-to-date: /home/dario/Desktop/Aerial-Grasping---Adaptive-Control/ros2_ws/install/aerial_grasping_gazebo/share/ament_index/resource_index/packages/aerial_grasping_gazebo
-- Up-to-date: /home/dario/Desktop/Aerial-Grasping---Adaptive-Control/ros2_ws/install/aerial_grasping_gazebo/share/aerial_grasping_gazebo/cmake/aerial_grasping_gazeboConfig.cmake
-- Up-to-date: /home/dario/Desktop/Aerial-Grasping---Adaptive-Control/ros2_ws/install/aerial_grasping_gazebo/share/aerial_grasping_gazebo/cmake/aerial_grasping_gazeboConfig-version.cmake
-- Up-to-date: /home/dario/Desktop/Aerial-Grasping---Adaptive-Control/ros2_ws/install/aerial_grasping_gazebo/share/aerial_grasping_gazebo/package.xml
