running develop
Removing /home/dario/Desktop/aerial_project/ros2_ws/install/aerial_grasping_control/lib/python3.10/site-packages/aerial-grasping-control.egg-link (link to .)
running egg_info
writing ../../build/aerial_grasping_control/aerial_grasping_control.egg-info/PKG-INFO
writing dependency_links to ../../build/aerial_grasping_control/aerial_grasping_control.egg-info/dependency_links.txt
writing entry points to ../../build/aerial_grasping_control/aerial_grasping_control.egg-info/entry_points.txt
writing requirements to ../../build/aerial_grasping_control/aerial_grasping_control.egg-info/requires.txt
writing top-level names to ../../build/aerial_grasping_control/aerial_grasping_control.egg-info/top_level.txt
reading manifest file '../../build/aerial_grasping_control/aerial_grasping_control.egg-info/SOURCES.txt'
writing manifest file '../../build/aerial_grasping_control/aerial_grasping_control.egg-info/SOURCES.txt'
running build
running build_py
creating /home/dario/Desktop/aerial_project/ros2_ws/build/aerial_grasping_control/build
creating /home/dario/Desktop/aerial_project/ros2_ws/build/aerial_grasping_control/build/lib
creating /home/dario/Desktop/aerial_project/ros2_ws/build/aerial_grasping_control/build/lib/aerial_grasping_control
copying aerial_grasping_control/adaptive_joint_controller.py -> /home/dario/Desktop/aerial_project/ros2_ws/build/aerial_grasping_control/build/lib/aerial_grasping_control
copying aerial_grasping_control/joint_motion_node.py -> /home/dario/Desktop/aerial_project/ros2_ws/build/aerial_grasping_control/build/lib/aerial_grasping_control
copying aerial_grasping_control/__init__.py -> /home/dario/Desktop/aerial_project/ros2_ws/build/aerial_grasping_control/build/lib/aerial_grasping_control
running install
running install_lib
creating /home/dario/Desktop/aerial_project/ros2_ws/install/aerial_grasping_control/lib/python3.10/site-packages/aerial_grasping_control
copying /home/dario/Desktop/aerial_project/ros2_ws/build/aerial_grasping_control/build/lib/aerial_grasping_control/adaptive_joint_controller.py -> /home/dario/Desktop/aerial_project/ros2_ws/install/aerial_grasping_control/lib/python3.10/site-packages/aerial_grasping_control
copying /home/dario/Desktop/aerial_project/ros2_ws/build/aerial_grasping_control/build/lib/aerial_grasping_control/joint_motion_node.py -> /home/dario/Desktop/aerial_project/ros2_ws/install/aerial_grasping_control/lib/python3.10/site-packages/aerial_grasping_control
copying /home/dario/Desktop/aerial_project/ros2_ws/build/aerial_grasping_control/build/lib/aerial_grasping_control/__init__.py -> /home/dario/Desktop/aerial_project/ros2_ws/install/aerial_grasping_control/lib/python3.10/site-packages/aerial_grasping_control
byte-compiling /home/dario/Desktop/aerial_project/ros2_ws/install/aerial_grasping_control/lib/python3.10/site-packages/aerial_grasping_control/adaptive_joint_controller.py to adaptive_joint_controller.cpython-310.pyc
byte-compiling /home/dario/Desktop/aerial_project/ros2_ws/install/aerial_grasping_control/lib/python3.10/site-packages/aerial_grasping_control/joint_motion_node.py to joint_motion_node.cpython-310.pyc
byte-compiling /home/dario/Desktop/aerial_project/ros2_ws/install/aerial_grasping_control/lib/python3.10/site-packages/aerial_grasping_control/__init__.py to __init__.cpython-310.pyc
running install_data
copying resource/aerial_grasping_control -> /home/dario/Desktop/aerial_project/ros2_ws/install/aerial_grasping_control/share/ament_index/resource_index/packages
copying package.xml -> /home/dario/Desktop/aerial_project/ros2_ws/install/aerial_grasping_control/share/aerial_grasping_control
running install_egg_info
Copying ../../build/aerial_grasping_control/aerial_grasping_control.egg-info to /home/dario/Desktop/aerial_project/ros2_ws/install/aerial_grasping_control/lib/python3.10/site-packages/aerial_grasping_control-0.0.0-py3.10.egg-info
running install_scripts
Installing adaptive_joint_controller script to /home/dario/Desktop/aerial_project/ros2_ws/install/aerial_grasping_control/lib/aerial_grasping_control
writing list of installed files to '/home/dario/Desktop/aerial_project/ros2_ws/build/aerial_grasping_control/install.log'
