[0.582s] Invoking command in '/home/dario/Desktop/aerial_project/ros2_ws/build/aerial_grasping_control': CONDA_PROMPT_MODIFIER=(base) PYTHONPATH=/home/dario/Desktop/aerial_project/ros2_ws/build/aerial_grasping_control/prefix_override:/usr/lib/python3/dist-packages/colcon_core/task/python/colcon_distutils_commands:/home/dario/Desktop/aerial_project/ros2_ws/install/aerial_grasping_control/lib/python3.10/site-packages:${PYTHONPATH} /usr/bin/python3 -W ignore:setup.py install is deprecated -W ignore:easy_install command is deprecated setup.py develop --uninstall --editable --build-directory /home/dario/Desktop/aerial_project/ros2_ws/build/aerial_grasping_control/build
[0.737s] running develop
[0.842s] Removing /home/dario/Desktop/aerial_project/ros2_ws/install/aerial_grasping_control/lib/python3.10/site-packages/aerial-grasping-control.egg-link (link to .)
[0.857s] Invoked command in '/home/dario/Desktop/aerial_project/ros2_ws/build/aerial_grasping_control' returned '0': CONDA_PROMPT_MODIFIER=(base) PYTHONPATH=/home/dario/Desktop/aerial_project/ros2_ws/build/aerial_grasping_control/prefix_override:/usr/lib/python3/dist-packages/colcon_core/task/python/colcon_distutils_commands:/home/dario/Desktop/aerial_project/ros2_ws/install/aerial_grasping_control/lib/python3.10/site-packages:${PYTHONPATH} /usr/bin/python3 -W ignore:setup.py install is deprecated -W ignore:easy_install command is deprecated setup.py develop --uninstall --editable --build-directory /home/dario/Desktop/aerial_project/ros2_ws/build/aerial_grasping_control/build
[0.859s] Invoking command in '/home/dario/Desktop/aerial_project/ros2_ws/src/aerial_grasping_control': CONDA_PROMPT_MODIFIER=(base) PYTHONPATH=/home/dario/Desktop/aerial_project/ros2_ws/build/aerial_grasping_control/prefix_override:/usr/lib/python3/dist-packages/colcon_core/task/python/colcon_distutils_commands:/home/dario/Desktop/aerial_project/ros2_ws/install/aerial_grasping_control/lib/python3.10/site-packages:${PYTHONPATH} /usr/bin/python3 -W ignore:setup.py install is deprecated -W ignore:easy_install command is deprecated setup.py egg_info --egg-base ../../build/aerial_grasping_control build --build-base /home/dario/Desktop/aerial_project/ros2_ws/build/aerial_grasping_control/build install --record /home/dario/Desktop/aerial_project/ros2_ws/build/aerial_grasping_control/install.log --single-version-externally-managed install_data --force
[0.999s] running egg_info
[1.000s] writing ../../build/aerial_grasping_control/aerial_grasping_control.egg-info/PKG-INFO
[1.000s] writing dependency_links to ../../build/aerial_grasping_control/aerial_grasping_control.egg-info/dependency_links.txt
[1.000s] writing entry points to ../../build/aerial_grasping_control/aerial_grasping_control.egg-info/entry_points.txt
[1.000s] writing requirements to ../../build/aerial_grasping_control/aerial_grasping_control.egg-info/requires.txt
[1.000s] writing top-level names to ../../build/aerial_grasping_control/aerial_grasping_control.egg-info/top_level.txt
[1.001s] reading manifest file '../../build/aerial_grasping_control/aerial_grasping_control.egg-info/SOURCES.txt'
[1.002s] writing manifest file '../../build/aerial_grasping_control/aerial_grasping_control.egg-info/SOURCES.txt'
[1.002s] running build
[1.002s] running build_py
[1.002s] creating /home/dario/Desktop/aerial_project/ros2_ws/build/aerial_grasping_control/build
[1.002s] creating /home/dario/Desktop/aerial_project/ros2_ws/build/aerial_grasping_control/build/lib
[1.002s] creating /home/dario/Desktop/aerial_project/ros2_ws/build/aerial_grasping_control/build/lib/aerial_grasping_control
[1.002s] copying aerial_grasping_control/adaptive_joint_controller.py -> /home/dario/Desktop/aerial_project/ros2_ws/build/aerial_grasping_control/build/lib/aerial_grasping_control
[1.002s] copying aerial_grasping_control/joint_motion_node.py -> /home/dario/Desktop/aerial_project/ros2_ws/build/aerial_grasping_control/build/lib/aerial_grasping_control
[1.002s] copying aerial_grasping_control/__init__.py -> /home/dario/Desktop/aerial_project/ros2_ws/build/aerial_grasping_control/build/lib/aerial_grasping_control
[1.002s] running install
[1.002s] running install_lib
[1.003s] creating /home/dario/Desktop/aerial_project/ros2_ws/install/aerial_grasping_control/lib/python3.10/site-packages/aerial_grasping_control
[1.003s] copying /home/dario/Desktop/aerial_project/ros2_ws/build/aerial_grasping_control/build/lib/aerial_grasping_control/adaptive_joint_controller.py -> /home/dario/Desktop/aerial_project/ros2_ws/install/aerial_grasping_control/lib/python3.10/site-packages/aerial_grasping_control
[1.003s] copying /home/dario/Desktop/aerial_project/ros2_ws/build/aerial_grasping_control/build/lib/aerial_grasping_control/joint_motion_node.py -> /home/dario/Desktop/aerial_project/ros2_ws/install/aerial_grasping_control/lib/python3.10/site-packages/aerial_grasping_control
[1.003s] copying /home/dario/Desktop/aerial_project/ros2_ws/build/aerial_grasping_control/build/lib/aerial_grasping_control/__init__.py -> /home/dario/Desktop/aerial_project/ros2_ws/install/aerial_grasping_control/lib/python3.10/site-packages/aerial_grasping_control
[1.003s] byte-compiling /home/dario/Desktop/aerial_project/ros2_ws/install/aerial_grasping_control/lib/python3.10/site-packages/aerial_grasping_control/adaptive_joint_controller.py to adaptive_joint_controller.cpython-310.pyc
[1.004s] byte-compiling /home/dario/Desktop/aerial_project/ros2_ws/install/aerial_grasping_control/lib/python3.10/site-packages/aerial_grasping_control/joint_motion_node.py to joint_motion_node.cpython-310.pyc
[1.004s] byte-compiling /home/dario/Desktop/aerial_project/ros2_ws/install/aerial_grasping_control/lib/python3.10/site-packages/aerial_grasping_control/__init__.py to __init__.cpython-310.pyc
[1.004s] running install_data
[1.004s] copying resource/aerial_grasping_control -> /home/dario/Desktop/aerial_project/ros2_ws/install/aerial_grasping_control/share/ament_index/resource_index/packages
[1.004s] copying package.xml -> /home/dario/Desktop/aerial_project/ros2_ws/install/aerial_grasping_control/share/aerial_grasping_control
[1.004s] running install_egg_info
[1.005s] Copying ../../build/aerial_grasping_control/aerial_grasping_control.egg-info to /home/dario/Desktop/aerial_project/ros2_ws/install/aerial_grasping_control/lib/python3.10/site-packages/aerial_grasping_control-0.0.0-py3.10.egg-info
[1.006s] running install_scripts
[1.018s] Installing adaptive_joint_controller script to /home/dario/Desktop/aerial_project/ros2_ws/install/aerial_grasping_control/lib/aerial_grasping_control
[1.018s] writing list of installed files to '/home/dario/Desktop/aerial_project/ros2_ws/build/aerial_grasping_control/install.log'
[1.033s] Invoked command in '/home/dario/Desktop/aerial_project/ros2_ws/src/aerial_grasping_control' returned '0': CONDA_PROMPT_MODIFIER=(base) PYTHONPATH=/home/dario/Desktop/aerial_project/ros2_ws/build/aerial_grasping_control/prefix_override:/usr/lib/python3/dist-packages/colcon_core/task/python/colcon_distutils_commands:/home/dario/Desktop/aerial_project/ros2_ws/install/aerial_grasping_control/lib/python3.10/site-packages:${PYTHONPATH} /usr/bin/python3 -W ignore:setup.py install is deprecated -W ignore:easy_install command is deprecated setup.py egg_info --egg-base ../../build/aerial_grasping_control build --build-base /home/dario/Desktop/aerial_project/ros2_ws/build/aerial_grasping_control/build install --record /home/dario/Desktop/aerial_project/ros2_ws/build/aerial_grasping_control/install.log --single-version-externally-managed install_data --force
