[0.319s] Invoking command in '/home/dario/Desktop/aerial_project/ros2_ws/build/aerial_grasping_description': CMAKE_PREFIX_PATH=/opt/ros/humble CONDA_PROMPT_MODIFIER=(base) /usr/bin/cmake /home/dario/Desktop/aerial_project/ros2_ws/src/aerial_grasping_description -DCMAKE_INSTALL_PREFIX=/home/dario/Desktop/aerial_project/ros2_ws/install/aerial_grasping_description
[0.344s] -- Found ament_cmake: 1.3.14 (/opt/ros/humble/share/ament_cmake/cmake)
[0.452s] -- Override CMake install command with custom implementation using symlinks instead of copying resources
[0.471s] -- Found ament_lint_auto: 0.12.15 (/opt/ros/humble/share/ament_lint_auto/cmake)
[0.565s] -- Added test 'lint_cmake' to check CMake code style
[0.565s] -- Added test 'xmllint' to check XML markup files
[0.566s] -- Configuring done
[0.570s] -- Generating done
[0.571s] -- Build files have been written to: /home/dario/Desktop/aerial_project/ros2_ws/build/aerial_grasping_description
[0.573s] Invoked command in '/home/dario/Desktop/aerial_project/ros2_ws/build/aerial_grasping_description' returned '0': CMAKE_PREFIX_PATH=/opt/ros/humble CONDA_PROMPT_MODIFIER=(base) /usr/bin/cmake /home/dario/Desktop/aerial_project/ros2_ws/src/aerial_grasping_description -DCMAKE_INSTALL_PREFIX=/home/dario/Desktop/aerial_project/ros2_ws/install/aerial_grasping_description
[0.575s] Invoking command in '/home/dario/Desktop/aerial_project/ros2_ws/build/aerial_grasping_description': CMAKE_PREFIX_PATH=/opt/ros/humble CONDA_PROMPT_MODIFIER=(base) /usr/bin/cmake --build /home/dario/Desktop/aerial_project/ros2_ws/build/aerial_grasping_description -- -j22 -l22
[0.614s] Invoked command in '/home/dario/Desktop/aerial_project/ros2_ws/build/aerial_grasping_description' returned '0': CMAKE_PREFIX_PATH=/opt/ros/humble CONDA_PROMPT_MODIFIER=(base) /usr/bin/cmake --build /home/dario/Desktop/aerial_project/ros2_ws/build/aerial_grasping_description -- -j22 -l22
[0.625s] Invoking command in '/home/dario/Desktop/aerial_project/ros2_ws/build/aerial_grasping_description': CMAKE_PREFIX_PATH=/opt/ros/humble CONDA_PROMPT_MODIFIER=(base) /usr/bin/cmake --install /home/dario/Desktop/aerial_project/ros2_ws/build/aerial_grasping_description
[0.632s] -- Install configuration: ""
[0.633s] -- Execute custom install script
[0.633s] -- Up-to-date symlink: /home/dario/Desktop/aerial_project/ros2_ws/install/aerial_grasping_description/share/aerial_grasping_description/urdf/drone_arm.urdf
[0.634s] -- Up-to-date symlink: /home/dario/Desktop/aerial_project/ros2_ws/install/aerial_grasping_description/share/aerial_grasping_description/config/controllers.yaml
[0.634s] -- Up-to-date symlink: /home/dario/Desktop/aerial_project/ros2_ws/install/aerial_grasping_description/share/ament_index/resource_index/package_run_dependencies/aerial_grasping_description
[0.634s] -- Up-to-date symlink: /home/dario/Desktop/aerial_project/ros2_ws/install/aerial_grasping_description/share/ament_index/resource_index/parent_prefix_path/aerial_grasping_description
[0.634s] -- Up-to-date symlink: /home/dario/Desktop/aerial_project/ros2_ws/install/aerial_grasping_description/share/aerial_grasping_description/environment/ament_prefix_path.sh
[0.634s] -- Up-to-date symlink: /home/dario/Desktop/aerial_project/ros2_ws/install/aerial_grasping_description/share/aerial_grasping_description/environment/ament_prefix_path.dsv
[0.634s] -- Up-to-date symlink: /home/dario/Desktop/aerial_project/ros2_ws/install/aerial_grasping_description/share/aerial_grasping_description/environment/path.sh
[0.634s] -- Up-to-date symlink: /home/dario/Desktop/aerial_project/ros2_ws/install/aerial_grasping_description/share/aerial_grasping_description/environment/path.dsv
[0.634s] -- Up-to-date symlink: /home/dario/Desktop/aerial_project/ros2_ws/install/aerial_grasping_description/share/aerial_grasping_description/local_setup.bash
[0.635s] -- Up-to-date symlink: /home/dario/Desktop/aerial_project/ros2_ws/install/aerial_grasping_description/share/aerial_grasping_description/local_setup.sh
[0.635s] -- Up-to-date symlink: /home/dario/Desktop/aerial_project/ros2_ws/install/aerial_grasping_description/share/aerial_grasping_description/local_setup.zsh
[0.635s] -- Up-to-date symlink: /home/dario/Desktop/aerial_project/ros2_ws/install/aerial_grasping_description/share/aerial_grasping_description/local_setup.dsv
[0.635s] -- Symlinking: /home/dario/Desktop/aerial_project/ros2_ws/install/aerial_grasping_description/share/aerial_grasping_description/package.dsv
[0.643s] -- Up-to-date symlink: /home/dario/Desktop/aerial_project/ros2_ws/install/aerial_grasping_description/share/ament_index/resource_index/packages/aerial_grasping_description
[0.643s] -- Up-to-date symlink: /home/dario/Desktop/aerial_project/ros2_ws/install/aerial_grasping_description/share/aerial_grasping_description/cmake/aerial_grasping_descriptionConfig.cmake
[0.643s] -- Up-to-date symlink: /home/dario/Desktop/aerial_project/ros2_ws/install/aerial_grasping_description/share/aerial_grasping_description/cmake/aerial_grasping_descriptionConfig-version.cmake
[0.643s] -- Up-to-date symlink: /home/dario/Desktop/aerial_project/ros2_ws/install/aerial_grasping_description/share/aerial_grasping_description/package.xml
[0.645s] Invoked command in '/home/dario/Desktop/aerial_project/ros2_ws/build/aerial_grasping_description' returned '0': CMAKE_PREFIX_PATH=/opt/ros/humble CONDA_PROMPT_MODIFIER=(base) /usr/bin/cmake --install /home/dario/Desktop/aerial_project/ros2_ws/build/aerial_grasping_description
