[0.522s] Invoking command in '/home/dario/Desktop/Aerial-Grasping---Adaptive-Control/ros2_ws/src/aerial_grasping_control': CONDA_PROMPT_MODIFIER=(base) PYTHONPATH=/home/dario/Desktop/Aerial-Grasping---Adaptive-Control/ros2_ws/build/aerial_grasping_control/prefix_override:/usr/lib/python3/dist-packages/colcon_core/task/python/colcon_distutils_commands:/home/dario/Desktop/Aerial-Grasping---Adaptive-Control/ros2_ws/install/aerial_grasping_control/lib/python3.10/site-packages:${PYTHONPATH} /usr/bin/python3 -W ignore:setup.py install is deprecated -W ignore:easy_install command is deprecated setup.py egg_info --egg-base ../../build/aerial_grasping_control build --build-base /home/dario/Desktop/Aerial-Grasping---Adaptive-Control/ros2_ws/build/aerial_grasping_control/build install --record /home/dario/Desktop/Aerial-Grasping---Adaptive-Control/ros2_ws/build/aerial_grasping_control/install.log --single-version-externally-managed install_data
[0.666s] running egg_info
[0.666s] writing ../../build/aerial_grasping_control/aerial_grasping_control.egg-info/PKG-INFO
[0.666s] writing dependency_links to ../../build/aerial_grasping_control/aerial_grasping_control.egg-info/dependency_links.txt
[0.666s] writing entry points to ../../build/aerial_grasping_control/aerial_grasping_control.egg-info/entry_points.txt
[0.666s] writing requirements to ../../build/aerial_grasping_control/aerial_grasping_control.egg-info/requires.txt
[0.666s] writing top-level names to ../../build/aerial_grasping_control/aerial_grasping_control.egg-info/top_level.txt
[0.667s] reading manifest file '../../build/aerial_grasping_control/aerial_grasping_control.egg-info/SOURCES.txt'
[0.668s] writing manifest file '../../build/aerial_grasping_control/aerial_grasping_control.egg-info/SOURCES.txt'
[0.668s] running build
[0.668s] running build_py
[0.668s] copying aerial_grasping_control/full_adaptive_controller.py -> /home/dario/Desktop/Aerial-Grasping---Adaptive-Control/ros2_ws/build/aerial_grasping_control/build/lib/aerial_grasping_control
[0.668s] running install
[0.668s] running install_lib
[0.669s] copying /home/dario/Desktop/Aerial-Grasping---Adaptive-Control/ros2_ws/build/aerial_grasping_control/build/lib/aerial_grasping_control/full_adaptive_controller.py -> /home/dario/Desktop/Aerial-Grasping---Adaptive-Control/ros2_ws/install/aerial_grasping_control/lib/python3.10/site-packages/aerial_grasping_control
[0.669s] byte-compiling /home/dario/Desktop/Aerial-Grasping---Adaptive-Control/ros2_ws/install/aerial_grasping_control/lib/python3.10/site-packages/aerial_grasping_control/full_adaptive_controller.py to full_adaptive_controller.cpython-310.pyc
[0.671s] running install_data
[0.671s] running install_egg_info
[0.671s] removing '/home/dario/Desktop/Aerial-Grasping---Adaptive-Control/ros2_ws/install/aerial_grasping_control/lib/python3.10/site-packages/aerial_grasping_control-0.0.0-py3.10.egg-info' (and everything under it)
[0.672s] Copying ../../build/aerial_grasping_control/aerial_grasping_control.egg-info to /home/dario/Desktop/Aerial-Grasping---Adaptive-Control/ros2_ws/install/aerial_grasping_control/lib/python3.10/site-packages/aerial_grasping_control-0.0.0-py3.10.egg-info
[0.672s] running install_scripts
[0.684s] Installing adaptive_joint_controller script to /home/dario/Desktop/Aerial-Grasping---Adaptive-Control/ros2_ws/install/aerial_grasping_control/lib/aerial_grasping_control
[0.684s] writing list of installed files to '/home/dario/Desktop/Aerial-Grasping---Adaptive-Control/ros2_ws/build/aerial_grasping_control/install.log'
[0.700s] Invoked command in '/home/dario/Desktop/Aerial-Grasping---Adaptive-Control/ros2_ws/src/aerial_grasping_control' returned '0': CONDA_PROMPT_MODIFIER=(base) PYTHONPATH=/home/dario/Desktop/Aerial-Grasping---Adaptive-Control/ros2_ws/build/aerial_grasping_control/prefix_override:/usr/lib/python3/dist-packages/colcon_core/task/python/colcon_distutils_commands:/home/dario/Desktop/Aerial-Grasping---Adaptive-Control/ros2_ws/install/aerial_grasping_control/lib/python3.10/site-packages:${PYTHONPATH} /usr/bin/python3 -W ignore:setup.py install is deprecated -W ignore:easy_install command is deprecated setup.py egg_info --egg-base ../../build/aerial_grasping_control build --build-base /home/dario/Desktop/Aerial-Grasping---Adaptive-Control/ros2_ws/build/aerial_grasping_control/build install --record /home/dario/Desktop/Aerial-Grasping---Adaptive-Control/ros2_ws/build/aerial_grasping_control/install.log --single-version-externally-managed install_data
