[0.116s] DEBUG:colcon:Command line arguments: ['/usr/bin/colcon', 'build']
[0.116s] DEBUG:colcon:Parsed command line arguments: Namespace(log_base=None, log_level=None, verb_name='build', build_base='build', install_base='install', merge_install=False, symlink_install=False, test_result_base=None, continue_on_error=False, executor='parallel', parallel_workers=22, event_handlers=None, ignore_user_meta=False, metas=['./colcon.meta'], base_paths=['.'], packages_ignore=None, packages_ignore_regex=None, paths=None, packages_up_to=None, packages_up_to_regex=None, packages_above=None, packages_above_and_dependencies=None, packages_above_depth=None, packages_select_by_dep=None, packages_skip_by_dep=None, packages_skip_up_to=None, packages_select_build_failed=False, packages_skip_build_finished=False, packages_select_test_failures=False, packages_skip_test_passed=False, packages_select=None, packages_skip=None, packages_select_regex=None, packages_skip_regex=None, packages_start=None, packages_end=None, allow_overriding=[], cmake_args=None, cmake_target=None, cmake_target_skip_unavailable=False, cmake_clean_cache=False, cmake_clean_first=False, cmake_force_configure=False, ament_cmake_args=None, catkin_cmake_args=None, catkin_skip_building_tests=False, mixin_files=None, mixin=None, verb_parser=<colcon_mixin.mixin.mixin_argument.MixinArgumentDecorator object at 0x77336237b310>, verb_extension=<colcon_core.verb.build.BuildVerb object at 0x77336237ae60>, main=<bound method BuildVerb.main of <colcon_core.verb.build.BuildVerb object at 0x77336237ae60>>, mixin_verb=('build',))
[0.236s] Level 1:colcon.colcon_core.package_discovery:discover_packages(colcon_meta) check parameters
[0.236s] Level 1:colcon.colcon_core.package_discovery:discover_packages(recursive) check parameters
[0.236s] Level 1:colcon.colcon_core.package_discovery:discover_packages(ignore) check parameters
[0.236s] Level 1:colcon.colcon_core.package_discovery:discover_packages(path) check parameters
[0.236s] Level 1:colcon.colcon_core.package_discovery:discover_packages(colcon_meta) discover
[0.236s] Level 1:colcon.colcon_core.package_discovery:discover_packages(recursive) discover
[0.236s] INFO:colcon.colcon_core.package_discovery:Crawling recursively for packages in '/home/dario/Desktop/Aerial-Grasping---Adaptive-Control/ros2_ws'
[0.236s] Level 1:colcon.colcon_core.package_identification:_identify(.) by extensions ['ignore', 'ignore_ament_install']
[0.236s] Level 1:colcon.colcon_core.package_identification:_identify(.) by extension 'ignore'
[0.236s] Level 1:colcon.colcon_core.package_identification:_identify(.) by extension 'ignore_ament_install'
[0.236s] Level 1:colcon.colcon_core.package_identification:_identify(.) by extensions ['colcon_pkg']
[0.236s] Level 1:colcon.colcon_core.package_identification:_identify(.) by extension 'colcon_pkg'
[0.236s] Level 1:colcon.colcon_core.package_identification:_identify(.) by extensions ['colcon_meta']
[0.236s] Level 1:colcon.colcon_core.package_identification:_identify(.) by extension 'colcon_meta'
[0.236s] Level 1:colcon.colcon_core.package_identification:_identify(.) by extensions ['ros']
[0.236s] Level 1:colcon.colcon_core.package_identification:_identify(.) by extension 'ros'
[0.250s] Level 1:colcon.colcon_core.package_identification:_identify(.) by extensions ['cmake', 'python']
[0.250s] Level 1:colcon.colcon_core.package_identification:_identify(.) by extension 'cmake'
[0.250s] Level 1:colcon.colcon_core.package_identification:_identify(.) by extension 'python'
[0.250s] Level 1:colcon.colcon_core.package_identification:_identify(.) by extensions ['python_setup_py']
[0.250s] Level 1:colcon.colcon_core.package_identification:_identify(.) by extension 'python_setup_py'
[0.250s] Level 1:colcon.colcon_core.package_identification:_identify(build) by extensions ['ignore', 'ignore_ament_install']
[0.250s] Level 1:colcon.colcon_core.package_identification:_identify(build) by extension 'ignore'
[0.250s] Level 1:colcon.colcon_core.package_identification:_identify(build) ignored
[0.250s] Level 1:colcon.colcon_core.package_identification:_identify(install) by extensions ['ignore', 'ignore_ament_install']
[0.250s] Level 1:colcon.colcon_core.package_identification:_identify(install) by extension 'ignore'
[0.250s] Level 1:colcon.colcon_core.package_identification:_identify(install) ignored
[0.250s] Level 1:colcon.colcon_core.package_identification:_identify(log) by extensions ['ignore', 'ignore_ament_install']
[0.250s] Level 1:colcon.colcon_core.package_identification:_identify(log) by extension 'ignore'
[0.250s] Level 1:colcon.colcon_core.package_identification:_identify(log) ignored
[0.250s] Level 1:colcon.colcon_core.package_identification:_identify(src) by extensions ['ignore', 'ignore_ament_install']
[0.250s] Level 1:colcon.colcon_core.package_identification:_identify(src) by extension 'ignore'
[0.250s] Level 1:colcon.colcon_core.package_identification:_identify(src) by extension 'ignore_ament_install'
[0.250s] Level 1:colcon.colcon_core.package_identification:_identify(src) by extensions ['colcon_pkg']
[0.250s] Level 1:colcon.colcon_core.package_identification:_identify(src) by extension 'colcon_pkg'
[0.250s] Level 1:colcon.colcon_core.package_identification:_identify(src) by extensions ['colcon_meta']
[0.250s] Level 1:colcon.colcon_core.package_identification:_identify(src) by extension 'colcon_meta'
[0.250s] Level 1:colcon.colcon_core.package_identification:_identify(src) by extensions ['ros']
[0.250s] Level 1:colcon.colcon_core.package_identification:_identify(src) by extension 'ros'
[0.250s] Level 1:colcon.colcon_core.package_identification:_identify(src) by extensions ['cmake', 'python']
[0.250s] Level 1:colcon.colcon_core.package_identification:_identify(src) by extension 'cmake'
[0.250s] Level 1:colcon.colcon_core.package_identification:_identify(src) by extension 'python'
[0.250s] Level 1:colcon.colcon_core.package_identification:_identify(src) by extensions ['python_setup_py']
[0.250s] Level 1:colcon.colcon_core.package_identification:_identify(src) by extension 'python_setup_py'
[0.250s] Level 1:colcon.colcon_core.package_identification:_identify(src/aerial_grasping_bringup) by extensions ['ignore', 'ignore_ament_install']
[0.251s] Level 1:colcon.colcon_core.package_identification:_identify(src/aerial_grasping_bringup) by extension 'ignore'
[0.251s] Level 1:colcon.colcon_core.package_identification:_identify(src/aerial_grasping_bringup) by extension 'ignore_ament_install'
[0.251s] Level 1:colcon.colcon_core.package_identification:_identify(src/aerial_grasping_bringup) by extensions ['colcon_pkg']
[0.251s] Level 1:colcon.colcon_core.package_identification:_identify(src/aerial_grasping_bringup) by extension 'colcon_pkg'
[0.251s] Level 1:colcon.colcon_core.package_identification:_identify(src/aerial_grasping_bringup) by extensions ['colcon_meta']
[0.251s] Level 1:colcon.colcon_core.package_identification:_identify(src/aerial_grasping_bringup) by extension 'colcon_meta'
[0.251s] Level 1:colcon.colcon_core.package_identification:_identify(src/aerial_grasping_bringup) by extensions ['ros']
[0.251s] Level 1:colcon.colcon_core.package_identification:_identify(src/aerial_grasping_bringup) by extension 'ros'
[0.253s] DEBUG:colcon.colcon_core.package_identification:Package 'src/aerial_grasping_bringup' with type 'ros.ament_python' and name 'aerial_grasping_bringup'
[0.253s] Level 1:colcon.colcon_core.package_identification:_identify(src/aerial_grasping_control) by extensions ['ignore', 'ignore_ament_install']
[0.253s] Level 1:colcon.colcon_core.package_identification:_identify(src/aerial_grasping_control) by extension 'ignore'
[0.253s] Level 1:colcon.colcon_core.package_identification:_identify(src/aerial_grasping_control) by extension 'ignore_ament_install'
[0.253s] Level 1:colcon.colcon_core.package_identification:_identify(src/aerial_grasping_control) by extensions ['colcon_pkg']
[0.253s] Level 1:colcon.colcon_core.package_identification:_identify(src/aerial_grasping_control) by extension 'colcon_pkg'
[0.253s] Level 1:colcon.colcon_core.package_identification:_identify(src/aerial_grasping_control) by extensions ['colcon_meta']
[0.253s] Level 1:colcon.colcon_core.package_identification:_identify(src/aerial_grasping_control) by extension 'colcon_meta'
[0.253s] Level 1:colcon.colcon_core.package_identification:_identify(src/aerial_grasping_control) by extensions ['ros']
[0.253s] Level 1:colcon.colcon_core.package_identification:_identify(src/aerial_grasping_control) by extension 'ros'
[0.254s] DEBUG:colcon.colcon_core.package_identification:Package 'src/aerial_grasping_control' with type 'ros.ament_python' and name 'aerial_grasping_control'
[0.254s] Level 1:colcon.colcon_core.package_identification:_identify(src/aerial_grasping_description) by extensions ['ignore', 'ignore_ament_install']
[0.254s] Level 1:colcon.colcon_core.package_identification:_identify(src/aerial_grasping_description) by extension 'ignore'
[0.254s] Level 1:colcon.colcon_core.package_identification:_identify(src/aerial_grasping_description) by extension 'ignore_ament_install'
[0.254s] Level 1:colcon.colcon_core.package_identification:_identify(src/aerial_grasping_description) by extensions ['colcon_pkg']
[0.254s] Level 1:colcon.colcon_core.package_identification:_identify(src/aerial_grasping_description) by extension 'colcon_pkg'
[0.254s] Level 1:colcon.colcon_core.package_identification:_identify(src/aerial_grasping_description) by extensions ['colcon_meta']
[0.254s] Level 1:colcon.colcon_core.package_identification:_identify(src/aerial_grasping_description) by extension 'colcon_meta'
[0.254s] Level 1:colcon.colcon_core.package_identification:_identify(src/aerial_grasping_description) by extensions ['ros']
[0.254s] Level 1:colcon.colcon_core.package_identification:_identify(src/aerial_grasping_description) by extension 'ros'
[0.254s] DEBUG:colcon.colcon_core.package_identification:Package 'src/aerial_grasping_description' with type 'ros.ament_cmake' and name 'aerial_grasping_description'
[0.255s] Level 1:colcon.colcon_core.package_discovery:discover_packages(recursive) using defaults
[0.255s] Level 1:colcon.colcon_core.package_discovery:discover_packages(ignore) discover
[0.255s] Level 1:colcon.colcon_core.package_discovery:discover_packages(ignore) using defaults
[0.255s] Level 1:colcon.colcon_core.package_discovery:discover_packages(path) discover
[0.255s] Level 1:colcon.colcon_core.package_discovery:discover_packages(path) using defaults
[0.269s] Level 1:colcon.colcon_core.package_discovery:discover_packages(prefix_path) check parameters
[0.269s] Level 1:colcon.colcon_core.package_discovery:discover_packages(prefix_path) discover
[0.271s] DEBUG:colcon.colcon_installed_package_information.package_discovery:Found 332 installed packages in /opt/ros/humble
[0.272s] Level 1:colcon.colcon_core.package_discovery:discover_packages(prefix_path) using defaults
[0.296s] Level 5:colcon.colcon_core.verb:set package 'aerial_grasping_bringup' build argument 'cmake_args' from command line to 'None'
[0.296s] Level 5:colcon.colcon_core.verb:set package 'aerial_grasping_bringup' build argument 'cmake_target' from command line to 'None'
[0.297s] Level 5:colcon.colcon_core.verb:set package 'aerial_grasping_bringup' build argument 'cmake_target_skip_unavailable' from command line to 'False'
[0.297s] Level 5:colcon.colcon_core.verb:set package 'aerial_grasping_bringup' build argument 'cmake_clean_cache' from command line to 'False'
[0.297s] Level 5:colcon.colcon_core.verb:set package 'aerial_grasping_bringup' build argument 'cmake_clean_first' from command line to 'False'
[0.297s] Level 5:colcon.colcon_core.verb:set package 'aerial_grasping_bringup' build argument 'cmake_force_configure' from command line to 'False'
[0.297s] Level 5:colcon.colcon_core.verb:set package 'aerial_grasping_bringup' build argument 'ament_cmake_args' from command line to 'None'
[0.297s] Level 5:colcon.colcon_core.verb:set package 'aerial_grasping_bringup' build argument 'catkin_cmake_args' from command line to 'None'
[0.297s] Level 5:colcon.colcon_core.verb:set package 'aerial_grasping_bringup' build argument 'catkin_skip_building_tests' from command line to 'False'
[0.297s] DEBUG:colcon.colcon_core.verb:Building package 'aerial_grasping_bringup' with the following arguments: {'ament_cmake_args': None, 'build_base': '/home/dario/Desktop/Aerial-Grasping---Adaptive-Control/ros2_ws/build/aerial_grasping_bringup', 'catkin_cmake_args': None, 'catkin_skip_building_tests': False, 'cmake_args': None, 'cmake_clean_cache': False, 'cmake_clean_first': False, 'cmake_force_configure': False, 'cmake_target': None, 'cmake_target_skip_unavailable': False, 'install_base': '/home/dario/Desktop/Aerial-Grasping---Adaptive-Control/ros2_ws/install/aerial_grasping_bringup', 'merge_install': False, 'path': '/home/dario/Desktop/Aerial-Grasping---Adaptive-Control/ros2_ws/src/aerial_grasping_bringup', 'symlink_install': False, 'test_result_base': None}
[0.297s] Level 5:colcon.colcon_core.verb:set package 'aerial_grasping_control' build argument 'cmake_args' from command line to 'None'
[0.297s] Level 5:colcon.colcon_core.verb:set package 'aerial_grasping_control' build argument 'cmake_target' from command line to 'None'
[0.297s] Level 5:colcon.colcon_core.verb:set package 'aerial_grasping_control' build argument 'cmake_target_skip_unavailable' from command line to 'False'
[0.297s] Level 5:colcon.colcon_core.verb:set package 'aerial_grasping_control' build argument 'cmake_clean_cache' from command line to 'False'
[0.297s] Level 5:colcon.colcon_core.verb:set package 'aerial_grasping_control' build argument 'cmake_clean_first' from command line to 'False'
[0.297s] Level 5:colcon.colcon_core.verb:set package 'aerial_grasping_control' build argument 'cmake_force_configure' from command line to 'False'
[0.297s] Level 5:colcon.colcon_core.verb:set package 'aerial_grasping_control' build argument 'ament_cmake_args' from command line to 'None'
[0.297s] Level 5:colcon.colcon_core.verb:set package 'aerial_grasping_control' build argument 'catkin_cmake_args' from command line to 'None'
[0.297s] Level 5:colcon.colcon_core.verb:set package 'aerial_grasping_control' build argument 'catkin_skip_building_tests' from command line to 'False'
[0.297s] DEBUG:colcon.colcon_core.verb:Building package 'aerial_grasping_control' with the following arguments: {'ament_cmake_args': None, 'build_base': '/home/dario/Desktop/Aerial-Grasping---Adaptive-Control/ros2_ws/build/aerial_grasping_control', 'catkin_cmake_args': None, 'catkin_skip_building_tests': False, 'cmake_args': None, 'cmake_clean_cache': False, 'cmake_clean_first': False, 'cmake_force_configure': False, 'cmake_target': None, 'cmake_target_skip_unavailable': False, 'install_base': '/home/dario/Desktop/Aerial-Grasping---Adaptive-Control/ros2_ws/install/aerial_grasping_control', 'merge_install': False, 'path': '/home/dario/Desktop/Aerial-Grasping---Adaptive-Control/ros2_ws/src/aerial_grasping_control', 'symlink_install': False, 'test_result_base': None}
[0.297s] Level 5:colcon.colcon_core.verb:set package 'aerial_grasping_description' build argument 'cmake_args' from command line to 'None'
[0.297s] Level 5:colcon.colcon_core.verb:set package 'aerial_grasping_description' build argument 'cmake_target' from command line to 'None'
[0.297s] Level 5:colcon.colcon_core.verb:set package 'aerial_grasping_description' build argument 'cmake_target_skip_unavailable' from command line to 'False'
[0.297s] Level 5:colcon.colcon_core.verb:set package 'aerial_grasping_description' build argument 'cmake_clean_cache' from command line to 'False'
[0.297s] Level 5:colcon.colcon_core.verb:set package 'aerial_grasping_description' build argument 'cmake_clean_first' from command line to 'False'
[0.297s] Level 5:colcon.colcon_core.verb:set package 'aerial_grasping_description' build argument 'cmake_force_configure' from command line to 'False'
[0.297s] Level 5:colcon.colcon_core.verb:set package 'aerial_grasping_description' build argument 'ament_cmake_args' from command line to 'None'
[0.297s] Level 5:colcon.colcon_core.verb:set package 'aerial_grasping_description' build argument 'catkin_cmake_args' from command line to 'None'
[0.297s] Level 5:colcon.colcon_core.verb:set package 'aerial_grasping_description' build argument 'catkin_skip_building_tests' from command line to 'False'
[0.297s] DEBUG:colcon.colcon_core.verb:Building package 'aerial_grasping_description' with the following arguments: {'ament_cmake_args': None, 'build_base': '/home/dario/Desktop/Aerial-Grasping---Adaptive-Control/ros2_ws/build/aerial_grasping_description', 'catkin_cmake_args': None, 'catkin_skip_building_tests': False, 'cmake_args': None, 'cmake_clean_cache': False, 'cmake_clean_first': False, 'cmake_force_configure': False, 'cmake_target': None, 'cmake_target_skip_unavailable': False, 'install_base': '/home/dario/Desktop/Aerial-Grasping---Adaptive-Control/ros2_ws/install/aerial_grasping_description', 'merge_install': False, 'path': '/home/dario/Desktop/Aerial-Grasping---Adaptive-Control/ros2_ws/src/aerial_grasping_description', 'symlink_install': False, 'test_result_base': None}
[0.297s] INFO:colcon.colcon_core.executor:Executing jobs using 'parallel' executor
[0.298s] DEBUG:colcon.colcon_parallel_executor.executor.parallel:run_until_complete
[0.299s] INFO:colcon.colcon_ros.task.ament_python.build:Building ROS package in '/home/dario/Desktop/Aerial-Grasping---Adaptive-Control/ros2_ws/src/aerial_grasping_bringup' with build type 'ament_python'
[0.299s] Level 1:colcon.colcon_core.shell:create_environment_hook('aerial_grasping_bringup', 'ament_prefix_path')
[0.302s] INFO:colcon.colcon_core.plugin_system:Skipping extension 'colcon_core.shell.bat': Not used on non-Windows systems
[0.302s] INFO:colcon.colcon_core.shell:Creating environment hook '/home/dario/Desktop/Aerial-Grasping---Adaptive-Control/ros2_ws/install/aerial_grasping_bringup/share/aerial_grasping_bringup/hook/ament_prefix_path.ps1'
[0.302s] INFO:colcon.colcon_core.shell:Creating environment descriptor '/home/dario/Desktop/Aerial-Grasping---Adaptive-Control/ros2_ws/install/aerial_grasping_bringup/share/aerial_grasping_bringup/hook/ament_prefix_path.dsv'
[0.303s] INFO:colcon.colcon_core.shell:Creating environment hook '/home/dario/Desktop/Aerial-Grasping---Adaptive-Control/ros2_ws/install/aerial_grasping_bringup/share/aerial_grasping_bringup/hook/ament_prefix_path.sh'
[0.303s] INFO:colcon.colcon_core.shell:Skip shell extension 'powershell' for command environment: Not usable outside of PowerShell
[0.303s] DEBUG:colcon.colcon_core.shell:Skip shell extension 'dsv' for command environment
[0.305s] INFO:colcon.colcon_ros.task.ament_python.build:Building ROS package in '/home/dario/Desktop/Aerial-Grasping---Adaptive-Control/ros2_ws/src/aerial_grasping_control' with build type 'ament_python'
[0.305s] Level 1:colcon.colcon_core.shell:create_environment_hook('aerial_grasping_control', 'ament_prefix_path')
[0.306s] INFO:colcon.colcon_core.shell:Creating environment hook '/home/dario/Desktop/Aerial-Grasping---Adaptive-Control/ros2_ws/install/aerial_grasping_control/share/aerial_grasping_control/hook/ament_prefix_path.ps1'
[0.306s] INFO:colcon.colcon_core.shell:Creating environment descriptor '/home/dario/Desktop/Aerial-Grasping---Adaptive-Control/ros2_ws/install/aerial_grasping_control/share/aerial_grasping_control/hook/ament_prefix_path.dsv'
[0.306s] INFO:colcon.colcon_core.shell:Creating environment hook '/home/dario/Desktop/Aerial-Grasping---Adaptive-Control/ros2_ws/install/aerial_grasping_control/share/aerial_grasping_control/hook/ament_prefix_path.sh'
[0.306s] INFO:colcon.colcon_core.shell:Skip shell extension 'powershell' for command environment: Not usable outside of PowerShell
[0.306s] DEBUG:colcon.colcon_core.shell:Skip shell extension 'dsv' for command environment
[0.308s] INFO:colcon.colcon_ros.task.ament_cmake.build:Building ROS package in '/home/dario/Desktop/Aerial-Grasping---Adaptive-Control/ros2_ws/src/aerial_grasping_description' with build type 'ament_cmake'
[0.308s] INFO:colcon.colcon_cmake.task.cmake.build:Building CMake package in '/home/dario/Desktop/Aerial-Grasping---Adaptive-Control/ros2_ws/src/aerial_grasping_description'
[0.308s] INFO:colcon.colcon_core.shell:Skip shell extension 'powershell' for command environment: Not usable outside of PowerShell
[0.308s] DEBUG:colcon.colcon_core.shell:Skip shell extension 'dsv' for command environment
[0.469s] INFO:colcon.colcon_core.task.python.build:Building Python package in '/home/dario/Desktop/Aerial-Grasping---Adaptive-Control/ros2_ws/src/aerial_grasping_bringup'
[0.470s] INFO:colcon.colcon_core.shell:Skip shell extension 'powershell' for command environment: Not usable outside of PowerShell
[0.470s] DEBUG:colcon.colcon_core.shell:Skip shell extension 'dsv' for command environment
[0.642s] INFO:colcon.colcon_core.task.python.build:Building Python package in '/home/dario/Desktop/Aerial-Grasping---Adaptive-Control/ros2_ws/src/aerial_grasping_control'
[0.642s] INFO:colcon.colcon_core.shell:Skip shell extension 'powershell' for command environment: Not usable outside of PowerShell
[0.642s] DEBUG:colcon.colcon_core.shell:Skip shell extension 'dsv' for command environment
[0.651s] DEBUG:colcon.colcon_core.event_handler.log_command:Invoking command in '/home/dario/Desktop/Aerial-Grasping---Adaptive-Control/ros2_ws/build/aerial_grasping_description': CMAKE_PREFIX_PATH=/opt/ros/humble CONDA_PROMPT_MODIFIER=(base) /usr/bin/cmake --build /home/dario/Desktop/Aerial-Grasping---Adaptive-Control/ros2_ws/build/aerial_grasping_description -- -j22 -l22
[0.691s] DEBUG:colcon.colcon_core.event_handler.log_command:Invoked command in '/home/dario/Desktop/Aerial-Grasping---Adaptive-Control/ros2_ws/build/aerial_grasping_description' returned '0': CMAKE_PREFIX_PATH=/opt/ros/humble CONDA_PROMPT_MODIFIER=(base) /usr/bin/cmake --build /home/dario/Desktop/Aerial-Grasping---Adaptive-Control/ros2_ws/build/aerial_grasping_description -- -j22 -l22
[0.705s] DEBUG:colcon.colcon_core.event_handler.log_command:Invoking command in '/home/dario/Desktop/Aerial-Grasping---Adaptive-Control/ros2_ws/build/aerial_grasping_description': CMAKE_PREFIX_PATH=/opt/ros/humble CONDA_PROMPT_MODIFIER=(base) /usr/bin/cmake --install /home/dario/Desktop/Aerial-Grasping---Adaptive-Control/ros2_ws/build/aerial_grasping_description
[0.711s] Level 1:colcon.colcon_core.environment:create_environment_scripts_only(aerial_grasping_description)
[0.712s] DEBUG:colcon.colcon_core.event_handler.log_command:Invoked command in '/home/dario/Desktop/Aerial-Grasping---Adaptive-Control/ros2_ws/build/aerial_grasping_description' returned '0': CMAKE_PREFIX_PATH=/opt/ros/humble CONDA_PROMPT_MODIFIER=(base) /usr/bin/cmake --install /home/dario/Desktop/Aerial-Grasping---Adaptive-Control/ros2_ws/build/aerial_grasping_description
[0.715s] Level 1:colcon.colcon_core.environment:checking '/home/dario/Desktop/Aerial-Grasping---Adaptive-Control/ros2_ws/install/aerial_grasping_description' for CMake module files
[0.715s] Level 1:colcon.colcon_core.environment:checking '/home/dario/Desktop/Aerial-Grasping---Adaptive-Control/ros2_ws/install/aerial_grasping_description' for CMake config files
[0.716s] Level 1:colcon.colcon_core.shell:create_environment_hook('aerial_grasping_description', 'cmake_prefix_path')
[0.716s] INFO:colcon.colcon_core.shell:Creating environment hook '/home/dario/Desktop/Aerial-Grasping---Adaptive-Control/ros2_ws/install/aerial_grasping_description/share/aerial_grasping_description/hook/cmake_prefix_path.ps1'
[0.716s] INFO:colcon.colcon_core.shell:Creating environment descriptor '/home/dario/Desktop/Aerial-Grasping---Adaptive-Control/ros2_ws/install/aerial_grasping_description/share/aerial_grasping_description/hook/cmake_prefix_path.dsv'
[0.716s] INFO:colcon.colcon_core.shell:Creating environment hook '/home/dario/Desktop/Aerial-Grasping---Adaptive-Control/ros2_ws/install/aerial_grasping_description/share/aerial_grasping_description/hook/cmake_prefix_path.sh'
[0.717s] Level 1:colcon.colcon_core.environment:checking '/home/dario/Desktop/Aerial-Grasping---Adaptive-Control/ros2_ws/install/aerial_grasping_description/bin'
[0.717s] Level 1:colcon.colcon_core.environment:checking '/home/dario/Desktop/Aerial-Grasping---Adaptive-Control/ros2_ws/install/aerial_grasping_description/lib/pkgconfig/aerial_grasping_description.pc'
[0.717s] Level 1:colcon.colcon_core.environment:checking '/home/dario/Desktop/Aerial-Grasping---Adaptive-Control/ros2_ws/install/aerial_grasping_description/lib/python3.10/site-packages'
[0.717s] Level 1:colcon.colcon_core.environment:checking '/home/dario/Desktop/Aerial-Grasping---Adaptive-Control/ros2_ws/install/aerial_grasping_description/bin'
[0.717s] INFO:colcon.colcon_core.shell:Creating package script '/home/dario/Desktop/Aerial-Grasping---Adaptive-Control/ros2_ws/install/aerial_grasping_description/share/aerial_grasping_description/package.ps1'
[0.718s] INFO:colcon.colcon_core.shell:Creating package descriptor '/home/dario/Desktop/Aerial-Grasping---Adaptive-Control/ros2_ws/install/aerial_grasping_description/share/aerial_grasping_description/package.dsv'
[0.719s] INFO:colcon.colcon_core.shell:Creating package script '/home/dario/Desktop/Aerial-Grasping---Adaptive-Control/ros2_ws/install/aerial_grasping_description/share/aerial_grasping_description/package.sh'
[0.719s] INFO:colcon.colcon_core.shell:Creating package script '/home/dario/Desktop/Aerial-Grasping---Adaptive-Control/ros2_ws/install/aerial_grasping_description/share/aerial_grasping_description/package.bash'
[0.720s] INFO:colcon.colcon_core.shell:Creating package script '/home/dario/Desktop/Aerial-Grasping---Adaptive-Control/ros2_ws/install/aerial_grasping_description/share/aerial_grasping_description/package.zsh'
[0.721s] Level 1:colcon.colcon_core.environment:create_file_with_runtime_dependencies(/home/dario/Desktop/Aerial-Grasping---Adaptive-Control/ros2_ws/install/aerial_grasping_description/share/colcon-core/packages/aerial_grasping_description)
[0.721s] Level 1:colcon.colcon_core.environment:create_environment_scripts_only(aerial_grasping_description)
[0.721s] Level 1:colcon.colcon_core.environment:checking '/home/dario/Desktop/Aerial-Grasping---Adaptive-Control/ros2_ws/install/aerial_grasping_description' for CMake module files
[0.721s] Level 1:colcon.colcon_core.environment:checking '/home/dario/Desktop/Aerial-Grasping---Adaptive-Control/ros2_ws/install/aerial_grasping_description' for CMake config files
[0.722s] Level 1:colcon.colcon_core.shell:create_environment_hook('aerial_grasping_description', 'cmake_prefix_path')
[0.722s] INFO:colcon.colcon_core.shell:Creating environment hook '/home/dario/Desktop/Aerial-Grasping---Adaptive-Control/ros2_ws/install/aerial_grasping_description/share/aerial_grasping_description/hook/cmake_prefix_path.ps1'
[0.722s] INFO:colcon.colcon_core.shell:Creating environment descriptor '/home/dario/Desktop/Aerial-Grasping---Adaptive-Control/ros2_ws/install/aerial_grasping_description/share/aerial_grasping_description/hook/cmake_prefix_path.dsv'
[0.722s] INFO:colcon.colcon_core.shell:Creating environment hook '/home/dario/Desktop/Aerial-Grasping---Adaptive-Control/ros2_ws/install/aerial_grasping_description/share/aerial_grasping_description/hook/cmake_prefix_path.sh'
[0.723s] Level 1:colcon.colcon_core.environment:checking '/home/dario/Desktop/Aerial-Grasping---Adaptive-Control/ros2_ws/install/aerial_grasping_description/bin'
[0.723s] Level 1:colcon.colcon_core.environment:checking '/home/dario/Desktop/Aerial-Grasping---Adaptive-Control/ros2_ws/install/aerial_grasping_description/lib/pkgconfig/aerial_grasping_description.pc'
[0.723s] Level 1:colcon.colcon_core.environment:checking '/home/dario/Desktop/Aerial-Grasping---Adaptive-Control/ros2_ws/install/aerial_grasping_description/lib/python3.10/site-packages'
[0.723s] Level 1:colcon.colcon_core.environment:checking '/home/dario/Desktop/Aerial-Grasping---Adaptive-Control/ros2_ws/install/aerial_grasping_description/bin'
[0.723s] INFO:colcon.colcon_core.shell:Creating package script '/home/dario/Desktop/Aerial-Grasping---Adaptive-Control/ros2_ws/install/aerial_grasping_description/share/aerial_grasping_description/package.ps1'
[0.723s] INFO:colcon.colcon_core.shell:Creating package descriptor '/home/dario/Desktop/Aerial-Grasping---Adaptive-Control/ros2_ws/install/aerial_grasping_description/share/aerial_grasping_description/package.dsv'
[0.724s] INFO:colcon.colcon_core.shell:Creating package script '/home/dario/Desktop/Aerial-Grasping---Adaptive-Control/ros2_ws/install/aerial_grasping_description/share/aerial_grasping_description/package.sh'
[0.724s] INFO:colcon.colcon_core.shell:Creating package script '/home/dario/Desktop/Aerial-Grasping---Adaptive-Control/ros2_ws/install/aerial_grasping_description/share/aerial_grasping_description/package.bash'
[0.724s] INFO:colcon.colcon_core.shell:Creating package script '/home/dario/Desktop/Aerial-Grasping---Adaptive-Control/ros2_ws/install/aerial_grasping_description/share/aerial_grasping_description/package.zsh'
[0.724s] Level 1:colcon.colcon_core.environment:create_file_with_runtime_dependencies(/home/dario/Desktop/Aerial-Grasping---Adaptive-Control/ros2_ws/install/aerial_grasping_description/share/colcon-core/packages/aerial_grasping_description)
[0.906s] DEBUG:colcon.colcon_core.event_handler.log_command:Invoking command in '/home/dario/Desktop/Aerial-Grasping---Adaptive-Control/ros2_ws/src/aerial_grasping_control': CONDA_PROMPT_MODIFIER=(base) PYTHONPATH=/home/dario/Desktop/Aerial-Grasping---Adaptive-Control/ros2_ws/build/aerial_grasping_control/prefix_override:/usr/lib/python3/dist-packages/colcon_core/task/python/colcon_distutils_commands:/home/dario/Desktop/Aerial-Grasping---Adaptive-Control/ros2_ws/install/aerial_grasping_control/lib/python3.10/site-packages:${PYTHONPATH} /usr/bin/python3 -W ignore:setup.py install is deprecated -W ignore:easy_install command is deprecated setup.py egg_info --egg-base ../../build/aerial_grasping_control build --build-base /home/dario/Desktop/Aerial-Grasping---Adaptive-Control/ros2_ws/build/aerial_grasping_control/build install --record /home/dario/Desktop/Aerial-Grasping---Adaptive-Control/ros2_ws/build/aerial_grasping_control/install.log --single-version-externally-managed install_data
[0.916s] DEBUG:colcon.colcon_core.event_handler.log_command:Invoking command in '/home/dario/Desktop/Aerial-Grasping---Adaptive-Control/ros2_ws/src/aerial_grasping_bringup': CONDA_PROMPT_MODIFIER=(base) PYTHONPATH=/home/dario/Desktop/Aerial-Grasping---Adaptive-Control/ros2_ws/build/aerial_grasping_bringup/prefix_override:/usr/lib/python3/dist-packages/colcon_core/task/python/colcon_distutils_commands:/home/dario/Desktop/Aerial-Grasping---Adaptive-Control/ros2_ws/install/aerial_grasping_bringup/lib/python3.10/site-packages:${PYTHONPATH} /usr/bin/python3 -W ignore:setup.py install is deprecated -W ignore:easy_install command is deprecated setup.py egg_info --egg-base ../../build/aerial_grasping_bringup build --build-base /home/dario/Desktop/Aerial-Grasping---Adaptive-Control/ros2_ws/build/aerial_grasping_bringup/build install --record /home/dario/Desktop/Aerial-Grasping---Adaptive-Control/ros2_ws/build/aerial_grasping_bringup/install.log --single-version-externally-managed install_data
[1.083s] Level 1:colcon.colcon_core.environment:checking '/home/dario/Desktop/Aerial-Grasping---Adaptive-Control/ros2_ws/install/aerial_grasping_control' for CMake module files
[1.084s] DEBUG:colcon.colcon_core.event_handler.log_command:Invoked command in '/home/dario/Desktop/Aerial-Grasping---Adaptive-Control/ros2_ws/src/aerial_grasping_control' returned '0': CONDA_PROMPT_MODIFIER=(base) PYTHONPATH=/home/dario/Desktop/Aerial-Grasping---Adaptive-Control/ros2_ws/build/aerial_grasping_control/prefix_override:/usr/lib/python3/dist-packages/colcon_core/task/python/colcon_distutils_commands:/home/dario/Desktop/Aerial-Grasping---Adaptive-Control/ros2_ws/install/aerial_grasping_control/lib/python3.10/site-packages:${PYTHONPATH} /usr/bin/python3 -W ignore:setup.py install is deprecated -W ignore:easy_install command is deprecated setup.py egg_info --egg-base ../../build/aerial_grasping_control build --build-base /home/dario/Desktop/Aerial-Grasping---Adaptive-Control/ros2_ws/build/aerial_grasping_control/build install --record /home/dario/Desktop/Aerial-Grasping---Adaptive-Control/ros2_ws/build/aerial_grasping_control/install.log --single-version-externally-managed install_data
[1.084s] Level 1:colcon.colcon_core.environment:checking '/home/dario/Desktop/Aerial-Grasping---Adaptive-Control/ros2_ws/install/aerial_grasping_control' for CMake config files
[1.085s] Level 1:colcon.colcon_core.environment:checking '/home/dario/Desktop/Aerial-Grasping---Adaptive-Control/ros2_ws/install/aerial_grasping_control/lib'
[1.085s] Level 1:colcon.colcon_core.environment:checking '/home/dario/Desktop/Aerial-Grasping---Adaptive-Control/ros2_ws/install/aerial_grasping_control/bin'
[1.085s] Level 1:colcon.colcon_core.environment:checking '/home/dario/Desktop/Aerial-Grasping---Adaptive-Control/ros2_ws/install/aerial_grasping_control/lib/pkgconfig/aerial_grasping_control.pc'
[1.086s] Level 1:colcon.colcon_core.environment:checking '/home/dario/Desktop/Aerial-Grasping---Adaptive-Control/ros2_ws/install/aerial_grasping_control/lib/python3.10/site-packages'
[1.086s] Level 1:colcon.colcon_core.shell:create_environment_hook('aerial_grasping_control', 'pythonpath')
[1.086s] INFO:colcon.colcon_core.shell:Creating environment hook '/home/dario/Desktop/Aerial-Grasping---Adaptive-Control/ros2_ws/install/aerial_grasping_control/share/aerial_grasping_control/hook/pythonpath.ps1'
[1.087s] INFO:colcon.colcon_core.shell:Creating environment descriptor '/home/dario/Desktop/Aerial-Grasping---Adaptive-Control/ros2_ws/install/aerial_grasping_control/share/aerial_grasping_control/hook/pythonpath.dsv'
[1.087s] INFO:colcon.colcon_core.shell:Creating environment hook '/home/dario/Desktop/Aerial-Grasping---Adaptive-Control/ros2_ws/install/aerial_grasping_control/share/aerial_grasping_control/hook/pythonpath.sh'
[1.088s] Level 1:colcon.colcon_core.environment:checking '/home/dario/Desktop/Aerial-Grasping---Adaptive-Control/ros2_ws/install/aerial_grasping_control/bin'
[1.088s] Level 1:colcon.colcon_core.environment:create_environment_scripts_only(aerial_grasping_control)
[1.088s] INFO:colcon.colcon_core.shell:Creating package script '/home/dario/Desktop/Aerial-Grasping---Adaptive-Control/ros2_ws/install/aerial_grasping_control/share/aerial_grasping_control/package.ps1'
[1.088s] INFO:colcon.colcon_core.shell:Creating package descriptor '/home/dario/Desktop/Aerial-Grasping---Adaptive-Control/ros2_ws/install/aerial_grasping_control/share/aerial_grasping_control/package.dsv'
[1.089s] INFO:colcon.colcon_core.shell:Creating package script '/home/dario/Desktop/Aerial-Grasping---Adaptive-Control/ros2_ws/install/aerial_grasping_control/share/aerial_grasping_control/package.sh'
[1.089s] INFO:colcon.colcon_core.shell:Creating package script '/home/dario/Desktop/Aerial-Grasping---Adaptive-Control/ros2_ws/install/aerial_grasping_control/share/aerial_grasping_control/package.bash'
[1.089s] INFO:colcon.colcon_core.shell:Creating package script '/home/dario/Desktop/Aerial-Grasping---Adaptive-Control/ros2_ws/install/aerial_grasping_control/share/aerial_grasping_control/package.zsh'
[1.089s] Level 1:colcon.colcon_core.environment:create_file_with_runtime_dependencies(/home/dario/Desktop/Aerial-Grasping---Adaptive-Control/ros2_ws/install/aerial_grasping_control/share/colcon-core/packages/aerial_grasping_control)
[1.092s] Level 1:colcon.colcon_core.environment:checking '/home/dario/Desktop/Aerial-Grasping---Adaptive-Control/ros2_ws/install/aerial_grasping_bringup' for CMake module files
[1.093s] DEBUG:colcon.colcon_core.event_handler.log_command:Invoked command in '/home/dario/Desktop/Aerial-Grasping---Adaptive-Control/ros2_ws/src/aerial_grasping_bringup' returned '0': CONDA_PROMPT_MODIFIER=(base) PYTHONPATH=/home/dario/Desktop/Aerial-Grasping---Adaptive-Control/ros2_ws/build/aerial_grasping_bringup/prefix_override:/usr/lib/python3/dist-packages/colcon_core/task/python/colcon_distutils_commands:/home/dario/Desktop/Aerial-Grasping---Adaptive-Control/ros2_ws/install/aerial_grasping_bringup/lib/python3.10/site-packages:${PYTHONPATH} /usr/bin/python3 -W ignore:setup.py install is deprecated -W ignore:easy_install command is deprecated setup.py egg_info --egg-base ../../build/aerial_grasping_bringup build --build-base /home/dario/Desktop/Aerial-Grasping---Adaptive-Control/ros2_ws/build/aerial_grasping_bringup/build install --record /home/dario/Desktop/Aerial-Grasping---Adaptive-Control/ros2_ws/build/aerial_grasping_bringup/install.log --single-version-externally-managed install_data
[1.093s] Level 1:colcon.colcon_core.environment:checking '/home/dario/Desktop/Aerial-Grasping---Adaptive-Control/ros2_ws/install/aerial_grasping_bringup' for CMake config files
[1.093s] Level 1:colcon.colcon_core.environment:checking '/home/dario/Desktop/Aerial-Grasping---Adaptive-Control/ros2_ws/install/aerial_grasping_bringup/lib'
[1.093s] Level 1:colcon.colcon_core.environment:checking '/home/dario/Desktop/Aerial-Grasping---Adaptive-Control/ros2_ws/install/aerial_grasping_bringup/bin'
[1.093s] Level 1:colcon.colcon_core.environment:checking '/home/dario/Desktop/Aerial-Grasping---Adaptive-Control/ros2_ws/install/aerial_grasping_bringup/lib/pkgconfig/aerial_grasping_bringup.pc'
[1.093s] Level 1:colcon.colcon_core.environment:checking '/home/dario/Desktop/Aerial-Grasping---Adaptive-Control/ros2_ws/install/aerial_grasping_bringup/lib/python3.10/site-packages'
[1.093s] Level 1:colcon.colcon_core.shell:create_environment_hook('aerial_grasping_bringup', 'pythonpath')
[1.093s] INFO:colcon.colcon_core.shell:Creating environment hook '/home/dario/Desktop/Aerial-Grasping---Adaptive-Control/ros2_ws/install/aerial_grasping_bringup/share/aerial_grasping_bringup/hook/pythonpath.ps1'
[1.094s] INFO:colcon.colcon_core.shell:Creating environment descriptor '/home/dario/Desktop/Aerial-Grasping---Adaptive-Control/ros2_ws/install/aerial_grasping_bringup/share/aerial_grasping_bringup/hook/pythonpath.dsv'
[1.094s] INFO:colcon.colcon_core.shell:Creating environment hook '/home/dario/Desktop/Aerial-Grasping---Adaptive-Control/ros2_ws/install/aerial_grasping_bringup/share/aerial_grasping_bringup/hook/pythonpath.sh'
[1.094s] Level 1:colcon.colcon_core.environment:checking '/home/dario/Desktop/Aerial-Grasping---Adaptive-Control/ros2_ws/install/aerial_grasping_bringup/bin'
[1.094s] Level 1:colcon.colcon_core.environment:create_environment_scripts_only(aerial_grasping_bringup)
[1.094s] INFO:colcon.colcon_core.shell:Creating package script '/home/dario/Desktop/Aerial-Grasping---Adaptive-Control/ros2_ws/install/aerial_grasping_bringup/share/aerial_grasping_bringup/package.ps1'
[1.094s] INFO:colcon.colcon_core.shell:Creating package descriptor '/home/dario/Desktop/Aerial-Grasping---Adaptive-Control/ros2_ws/install/aerial_grasping_bringup/share/aerial_grasping_bringup/package.dsv'
[1.095s] INFO:colcon.colcon_core.shell:Creating package script '/home/dario/Desktop/Aerial-Grasping---Adaptive-Control/ros2_ws/install/aerial_grasping_bringup/share/aerial_grasping_bringup/package.sh'
[1.095s] INFO:colcon.colcon_core.shell:Creating package script '/home/dario/Desktop/Aerial-Grasping---Adaptive-Control/ros2_ws/install/aerial_grasping_bringup/share/aerial_grasping_bringup/package.bash'
[1.095s] INFO:colcon.colcon_core.shell:Creating package script '/home/dario/Desktop/Aerial-Grasping---Adaptive-Control/ros2_ws/install/aerial_grasping_bringup/share/aerial_grasping_bringup/package.zsh'
[1.095s] Level 1:colcon.colcon_core.environment:create_file_with_runtime_dependencies(/home/dario/Desktop/Aerial-Grasping---Adaptive-Control/ros2_ws/install/aerial_grasping_bringup/share/colcon-core/packages/aerial_grasping_bringup)
[1.095s] DEBUG:colcon.colcon_parallel_executor.executor.parallel:closing loop
[1.096s] DEBUG:colcon.colcon_parallel_executor.executor.parallel:loop closed
[1.096s] DEBUG:colcon.colcon_parallel_executor.executor.parallel:run_until_complete finished with '0'
[1.096s] DEBUG:colcon.colcon_core.event_reactor:joining thread
[1.101s] INFO:colcon.colcon_core.plugin_system:Skipping extension 'colcon_notification.desktop_notification.terminal_notifier': Not used on non-Darwin systems
[1.101s] INFO:colcon.colcon_core.plugin_system:Skipping extension 'colcon_notification.desktop_notification.win32': Not used on non-Windows systems
[1.101s] INFO:colcon.colcon_notification.desktop_notification:Sending desktop notification using 'notify2'
[1.117s] DEBUG:colcon.colcon_core.event_reactor:joined thread
[1.117s] INFO:colcon.colcon_core.shell:Creating prefix script '/home/dario/Desktop/Aerial-Grasping---Adaptive-Control/ros2_ws/install/local_setup.ps1'
[1.118s] INFO:colcon.colcon_core.shell:Creating prefix util module '/home/dario/Desktop/Aerial-Grasping---Adaptive-Control/ros2_ws/install/_local_setup_util_ps1.py'
[1.119s] INFO:colcon.colcon_core.shell:Creating prefix chain script '/home/dario/Desktop/Aerial-Grasping---Adaptive-Control/ros2_ws/install/setup.ps1'
[1.120s] INFO:colcon.colcon_core.shell:Creating prefix script '/home/dario/Desktop/Aerial-Grasping---Adaptive-Control/ros2_ws/install/local_setup.sh'
[1.120s] INFO:colcon.colcon_core.shell:Creating prefix util module '/home/dario/Desktop/Aerial-Grasping---Adaptive-Control/ros2_ws/install/_local_setup_util_sh.py'
[1.120s] INFO:colcon.colcon_core.shell:Creating prefix chain script '/home/dario/Desktop/Aerial-Grasping---Adaptive-Control/ros2_ws/install/setup.sh'
[1.121s] INFO:colcon.colcon_core.shell:Creating prefix script '/home/dario/Desktop/Aerial-Grasping---Adaptive-Control/ros2_ws/install/local_setup.bash'
[1.121s] INFO:colcon.colcon_core.shell:Creating prefix chain script '/home/dario/Desktop/Aerial-Grasping---Adaptive-Control/ros2_ws/install/setup.bash'
[1.123s] INFO:colcon.colcon_core.shell:Creating prefix script '/home/dario/Desktop/Aerial-Grasping---Adaptive-Control/ros2_ws/install/local_setup.zsh'
[1.123s] INFO:colcon.colcon_core.shell:Creating prefix chain script '/home/dario/Desktop/Aerial-Grasping---Adaptive-Control/ros2_ws/install/setup.zsh'
