running develop
running egg_info
creating aerial_grasping_control.egg-info
writing aerial_grasping_control.egg-info/PKG-INFO
writing dependency_links to aerial_grasping_control.egg-info/dependency_links.txt
writing entry points to aerial_grasping_control.egg-info/entry_points.txt
writing requirements to aerial_grasping_control.egg-info/requires.txt
writing top-level names to aerial_grasping_control.egg-info/top_level.txt
writing manifest file 'aerial_grasping_control.egg-info/SOURCES.txt'
reading manifest file 'aerial_grasping_control.egg-info/SOURCES.txt'
writing manifest file 'aerial_grasping_control.egg-info/SOURCES.txt'
running build_ext
Creating /home/dario/Desktop/aerial_project/ros2_ws/install/aerial_grasping_control/lib/python3.10/site-packages/aerial-grasping-control.egg-link (link to .)
Installing adaptive_joint_controller script to /home/dario/Desktop/aerial_project/ros2_ws/install/aerial_grasping_control/lib/aerial_grasping_control

Installed /home/dario/Desktop/aerial_project/ros2_ws/build/aerial_grasping_control
running symlink_data
creating /home/dario/Desktop/aerial_project/ros2_ws/install/aerial_grasping_control/share/ament_index
creating /home/dario/Desktop/aerial_project/ros2_ws/install/aerial_grasping_control/share/ament_index/resource_index
creating /home/dario/Desktop/aerial_project/ros2_ws/install/aerial_grasping_control/share/ament_index/resource_index/packages
symbolically linking /home/dario/Desktop/aerial_project/ros2_ws/build/aerial_grasping_control/resource/aerial_grasping_control -> /home/dario/Desktop/aerial_project/ros2_ws/install/aerial_grasping_control/share/ament_index/resource_index/packages
symbolically linking /home/dario/Desktop/aerial_project/ros2_ws/build/aerial_grasping_control/package.xml -> /home/dario/Desktop/aerial_project/ros2_ws/install/aerial_grasping_control/share/aerial_grasping_control
