[0.574s] Invoking command in '/home/dario/Desktop/aerial_project/ros2_ws/build/aerial_grasping_control': CONDA_PROMPT_MODIFIER=(base) PYTHONPATH=/home/dario/Desktop/aerial_project/ros2_ws/build/aerial_grasping_control/prefix_override:/usr/lib/python3/dist-packages/colcon_core/task/python/colcon_distutils_commands:/home/dario/Desktop/aerial_project/ros2_ws/install/aerial_grasping_control/lib/python3.10/site-packages:${PYTHONPATH} /usr/bin/python3 -W ignore:setup.py install is deprecated -W ignore:easy_install command is deprecated setup.py develop --editable --build-directory /home/dario/Desktop/aerial_project/ros2_ws/build/aerial_grasping_control/build --no-deps symlink_data
[0.752s] running develop
[0.866s] running egg_info
[0.866s] creating aerial_grasping_control.egg-info
[0.866s] writing aerial_grasping_control.egg-info/PKG-INFO
[0.866s] writing dependency_links to aerial_grasping_control.egg-info/dependency_links.txt
[0.866s] writing entry points to aerial_grasping_control.egg-info/entry_points.txt
[0.866s] writing requirements to aerial_grasping_control.egg-info/requires.txt
[0.866s] writing top-level names to aerial_grasping_control.egg-info/top_level.txt
[0.866s] writing manifest file 'aerial_grasping_control.egg-info/SOURCES.txt'
[0.867s] reading manifest file 'aerial_grasping_control.egg-info/SOURCES.txt'
[0.867s] writing manifest file 'aerial_grasping_control.egg-info/SOURCES.txt'
[0.868s] running build_ext
[0.868s] Creating /home/dario/Desktop/aerial_project/ros2_ws/install/aerial_grasping_control/lib/python3.10/site-packages/aerial-grasping-control.egg-link (link to .)
[0.869s] Installing adaptive_joint_controller script to /home/dario/Desktop/aerial_project/ros2_ws/install/aerial_grasping_control/lib/aerial_grasping_control
[0.869s] 
[0.869s] Installed /home/dario/Desktop/aerial_project/ros2_ws/build/aerial_grasping_control
[0.869s] running symlink_data
[0.870s] creating /home/dario/Desktop/aerial_project/ros2_ws/install/aerial_grasping_control/share/ament_index
[0.870s] creating /home/dario/Desktop/aerial_project/ros2_ws/install/aerial_grasping_control/share/ament_index/resource_index
[0.870s] creating /home/dario/Desktop/aerial_project/ros2_ws/install/aerial_grasping_control/share/ament_index/resource_index/packages
[0.870s] symbolically linking /home/dario/Desktop/aerial_project/ros2_ws/build/aerial_grasping_control/resource/aerial_grasping_control -> /home/dario/Desktop/aerial_project/ros2_ws/install/aerial_grasping_control/share/ament_index/resource_index/packages
[0.870s] symbolically linking /home/dario/Desktop/aerial_project/ros2_ws/build/aerial_grasping_control/package.xml -> /home/dario/Desktop/aerial_project/ros2_ws/install/aerial_grasping_control/share/aerial_grasping_control
[0.890s] Invoked command in '/home/dario/Desktop/aerial_project/ros2_ws/build/aerial_grasping_control' returned '0': CONDA_PROMPT_MODIFIER=(base) PYTHONPATH=/home/dario/Desktop/aerial_project/ros2_ws/build/aerial_grasping_control/prefix_override:/usr/lib/python3/dist-packages/colcon_core/task/python/colcon_distutils_commands:/home/dario/Desktop/aerial_project/ros2_ws/install/aerial_grasping_control/lib/python3.10/site-packages:${PYTHONPATH} /usr/bin/python3 -W ignore:setup.py install is deprecated -W ignore:easy_install command is deprecated setup.py develop --editable --build-directory /home/dario/Desktop/aerial_project/ros2_ws/build/aerial_grasping_control/build --no-deps symlink_data
