running develop
Removing /home/dario/Desktop/aerial_project/ros2_ws/install/aerial_grasping_bringup/lib/python3.10/site-packages/aerial-grasping-bringup.egg-link (link to .)
running egg_info
writing ../../build/aerial_grasping_bringup/aerial_grasping_bringup.egg-info/PKG-INFO
writing dependency_links to ../../build/aerial_grasping_bringup/aerial_grasping_bringup.egg-info/dependency_links.txt
writing entry points to ../../build/aerial_grasping_bringup/aerial_grasping_bringup.egg-info/entry_points.txt
writing requirements to ../../build/aerial_grasping_bringup/aerial_grasping_bringup.egg-info/requires.txt
writing top-level names to ../../build/aerial_grasping_bringup/aerial_grasping_bringup.egg-info/top_level.txt
reading manifest file '../../build/aerial_grasping_bringup/aerial_grasping_bringup.egg-info/SOURCES.txt'
writing manifest file '../../build/aerial_grasping_bringup/aerial_grasping_bringup.egg-info/SOURCES.txt'
running build
running build_py
creating /home/dario/Desktop/aerial_project/ros2_ws/build/aerial_grasping_bringup/build
creating /home/dario/Desktop/aerial_project/ros2_ws/build/aerial_grasping_bringup/build/lib
creating /home/dario/Desktop/aerial_project/ros2_ws/build/aerial_grasping_bringup/build/lib/aerial_grasping_bringup
copying aerial_grasping_bringup/__init__.py -> /home/dario/Desktop/aerial_project/ros2_ws/build/aerial_grasping_bringup/build/lib/aerial_grasping_bringup
running install
running install_lib
creating /home/dario/Desktop/aerial_project/ros2_ws/install/aerial_grasping_bringup/lib/python3.10/site-packages/aerial_grasping_bringup
copying /home/dario/Desktop/aerial_project/ros2_ws/build/aerial_grasping_bringup/build/lib/aerial_grasping_bringup/__init__.py -> /home/dario/Desktop/aerial_project/ros2_ws/install/aerial_grasping_bringup/lib/python3.10/site-packages/aerial_grasping_bringup
byte-compiling /home/dario/Desktop/aerial_project/ros2_ws/install/aerial_grasping_bringup/lib/python3.10/site-packages/aerial_grasping_bringup/__init__.py to __init__.cpython-310.pyc
running install_data
copying resource/aerial_grasping_bringup -> /home/dario/Desktop/aerial_project/ros2_ws/install/aerial_grasping_bringup/share/ament_index/resource_index/packages
copying package.xml -> /home/dario/Desktop/aerial_project/ros2_ws/install/aerial_grasping_bringup/share/aerial_grasping_bringup
running install_egg_info
Copying ../../build/aerial_grasping_bringup/aerial_grasping_bringup.egg-info to /home/dario/Desktop/aerial_project/ros2_ws/install/aerial_grasping_bringup/lib/python3.10/site-packages/aerial_grasping_bringup-0.0.0-py3.10.egg-info
running install_scripts
writing list of installed files to '/home/dario/Desktop/aerial_project/ros2_ws/build/aerial_grasping_bringup/install.log'
