[0.588s] Invoking command in '/home/dario/Desktop/aerial_project/ros2_ws/build/aerial_grasping_bringup': CONDA_PROMPT_MODIFIER=(base) PYTHONPATH=/home/dario/Desktop/aerial_project/ros2_ws/build/aerial_grasping_bringup/prefix_override:/usr/lib/python3/dist-packages/colcon_core/task/python/colcon_distutils_commands:/home/dario/Desktop/aerial_project/ros2_ws/install/aerial_grasping_bringup/lib/python3.10/site-packages:${PYTHONPATH} /usr/bin/python3 -W ignore:setup.py install is deprecated -W ignore:easy_install command is deprecated setup.py develop --uninstall --editable --build-directory /home/dario/Desktop/aerial_project/ros2_ws/build/aerial_grasping_bringup/build
[0.743s] running develop
[0.843s] Removing /home/dario/Desktop/aerial_project/ros2_ws/install/aerial_grasping_bringup/lib/python3.10/site-packages/aerial-grasping-bringup.egg-link (link to .)
[0.860s] Invoked command in '/home/dario/Desktop/aerial_project/ros2_ws/build/aerial_grasping_bringup' returned '0': CONDA_PROMPT_MODIFIER=(base) PYTHONPATH=/home/dario/Desktop/aerial_project/ros2_ws/build/aerial_grasping_bringup/prefix_override:/usr/lib/python3/dist-packages/colcon_core/task/python/colcon_distutils_commands:/home/dario/Desktop/aerial_project/ros2_ws/install/aerial_grasping_bringup/lib/python3.10/site-packages:${PYTHONPATH} /usr/bin/python3 -W ignore:setup.py install is deprecated -W ignore:easy_install command is deprecated setup.py develop --uninstall --editable --build-directory /home/dario/Desktop/aerial_project/ros2_ws/build/aerial_grasping_bringup/build
[0.862s] Invoking command in '/home/dario/Desktop/aerial_project/ros2_ws/src/aerial_grasping_bringup': CONDA_PROMPT_MODIFIER=(base) PYTHONPATH=/home/dario/Desktop/aerial_project/ros2_ws/build/aerial_grasping_bringup/prefix_override:/usr/lib/python3/dist-packages/colcon_core/task/python/colcon_distutils_commands:/home/dario/Desktop/aerial_project/ros2_ws/install/aerial_grasping_bringup/lib/python3.10/site-packages:${PYTHONPATH} /usr/bin/python3 -W ignore:setup.py install is deprecated -W ignore:easy_install command is deprecated setup.py egg_info --egg-base ../../build/aerial_grasping_bringup build --build-base /home/dario/Desktop/aerial_project/ros2_ws/build/aerial_grasping_bringup/build install --record /home/dario/Desktop/aerial_project/ros2_ws/build/aerial_grasping_bringup/install.log --single-version-externally-managed install_data --force
[0.999s] running egg_info
[0.999s] writing ../../build/aerial_grasping_bringup/aerial_grasping_bringup.egg-info/PKG-INFO
[0.999s] writing dependency_links to ../../build/aerial_grasping_bringup/aerial_grasping_bringup.egg-info/dependency_links.txt
[0.999s] writing entry points to ../../build/aerial_grasping_bringup/aerial_grasping_bringup.egg-info/entry_points.txt
[0.999s] writing requirements to ../../build/aerial_grasping_bringup/aerial_grasping_bringup.egg-info/requires.txt
[0.999s] writing top-level names to ../../build/aerial_grasping_bringup/aerial_grasping_bringup.egg-info/top_level.txt
[1.000s] reading manifest file '../../build/aerial_grasping_bringup/aerial_grasping_bringup.egg-info/SOURCES.txt'
[1.001s] writing manifest file '../../build/aerial_grasping_bringup/aerial_grasping_bringup.egg-info/SOURCES.txt'
[1.001s] running build
[1.001s] running build_py
[1.001s] creating /home/dario/Desktop/aerial_project/ros2_ws/build/aerial_grasping_bringup/build
[1.001s] creating /home/dario/Desktop/aerial_project/ros2_ws/build/aerial_grasping_bringup/build/lib
[1.001s] creating /home/dario/Desktop/aerial_project/ros2_ws/build/aerial_grasping_bringup/build/lib/aerial_grasping_bringup
[1.002s] copying aerial_grasping_bringup/__init__.py -> /home/dario/Desktop/aerial_project/ros2_ws/build/aerial_grasping_bringup/build/lib/aerial_grasping_bringup
[1.002s] running install
[1.002s] running install_lib
[1.002s] creating /home/dario/Desktop/aerial_project/ros2_ws/install/aerial_grasping_bringup/lib/python3.10/site-packages/aerial_grasping_bringup
[1.002s] copying /home/dario/Desktop/aerial_project/ros2_ws/build/aerial_grasping_bringup/build/lib/aerial_grasping_bringup/__init__.py -> /home/dario/Desktop/aerial_project/ros2_ws/install/aerial_grasping_bringup/lib/python3.10/site-packages/aerial_grasping_bringup
[1.002s] byte-compiling /home/dario/Desktop/aerial_project/ros2_ws/install/aerial_grasping_bringup/lib/python3.10/site-packages/aerial_grasping_bringup/__init__.py to __init__.cpython-310.pyc
[1.002s] running install_data
[1.002s] copying resource/aerial_grasping_bringup -> /home/dario/Desktop/aerial_project/ros2_ws/install/aerial_grasping_bringup/share/ament_index/resource_index/packages
[1.002s] copying package.xml -> /home/dario/Desktop/aerial_project/ros2_ws/install/aerial_grasping_bringup/share/aerial_grasping_bringup
[1.002s] running install_egg_info
[1.003s] Copying ../../build/aerial_grasping_bringup/aerial_grasping_bringup.egg-info to /home/dario/Desktop/aerial_project/ros2_ws/install/aerial_grasping_bringup/lib/python3.10/site-packages/aerial_grasping_bringup-0.0.0-py3.10.egg-info
[1.004s] running install_scripts
[1.016s] writing list of installed files to '/home/dario/Desktop/aerial_project/ros2_ws/build/aerial_grasping_bringup/install.log'
[1.032s] Invoked command in '/home/dario/Desktop/aerial_project/ros2_ws/src/aerial_grasping_bringup' returned '0': CONDA_PROMPT_MODIFIER=(base) PYTHONPATH=/home/dario/Desktop/aerial_project/ros2_ws/build/aerial_grasping_bringup/prefix_override:/usr/lib/python3/dist-packages/colcon_core/task/python/colcon_distutils_commands:/home/dario/Desktop/aerial_project/ros2_ws/install/aerial_grasping_bringup/lib/python3.10/site-packages:${PYTHONPATH} /usr/bin/python3 -W ignore:setup.py install is deprecated -W ignore:easy_install command is deprecated setup.py egg_info --egg-base ../../build/aerial_grasping_bringup build --build-base /home/dario/Desktop/aerial_project/ros2_ws/build/aerial_grasping_bringup/build install --record /home/dario/Desktop/aerial_project/ros2_ws/build/aerial_grasping_bringup/install.log --single-version-externally-managed install_data --force
