[0.575s] Invoking command in '/home/dario/Desktop/Aerial-Grasping---Adaptive-Control/ros2_ws/src/aerial_grasping_bringup': PYTHONPATH=/home/dario/Desktop/Aerial-Grasping---Adaptive-Control/ros2_ws/build/aerial_grasping_bringup/prefix_override:/usr/lib/python3/dist-packages/colcon_core/task/python/colcon_distutils_commands:/home/dario/Desktop/Aerial-Grasping---Adaptive-Control/ros2_ws/install/aerial_grasping_bringup/lib/python3.10/site-packages:${PYTHONPATH} /usr/bin/python3 -W ignore:setup.py install is deprecated -W ignore:easy_install command is deprecated setup.py egg_info --egg-base ../../build/aerial_grasping_bringup build --build-base /home/dario/Desktop/Aerial-Grasping---Adaptive-Control/ros2_ws/build/aerial_grasping_bringup/build install --record /home/dario/Desktop/Aerial-Grasping---Adaptive-Control/ros2_ws/build/aerial_grasping_bringup/install.log --single-version-externally-managed install_data
[0.725s] running egg_info
[0.726s] writing ../../build/aerial_grasping_bringup/aerial_grasping_bringup.egg-info/PKG-INFO
[0.726s] writing dependency_links to ../../build/aerial_grasping_bringup/aerial_grasping_bringup.egg-info/dependency_links.txt
[0.726s] writing entry points to ../../build/aerial_grasping_bringup/aerial_grasping_bringup.egg-info/entry_points.txt
[0.726s] writing requirements to ../../build/aerial_grasping_bringup/aerial_grasping_bringup.egg-info/requires.txt
[0.726s] writing top-level names to ../../build/aerial_grasping_bringup/aerial_grasping_bringup.egg-info/top_level.txt
[0.726s] reading manifest file '../../build/aerial_grasping_bringup/aerial_grasping_bringup.egg-info/SOURCES.txt'
[0.727s] writing manifest file '../../build/aerial_grasping_bringup/aerial_grasping_bringup.egg-info/SOURCES.txt'
[0.727s] running build
[0.727s] running build_py
[0.728s] running install
[0.728s] running install_lib
[0.728s] running install_data
[0.728s] running install_egg_info
[0.729s] removing '/home/dario/Desktop/Aerial-Grasping---Adaptive-Control/ros2_ws/install/aerial_grasping_bringup/lib/python3.10/site-packages/aerial_grasping_bringup-0.0.0-py3.10.egg-info' (and everything under it)
[0.729s] Copying ../../build/aerial_grasping_bringup/aerial_grasping_bringup.egg-info to /home/dario/Desktop/Aerial-Grasping---Adaptive-Control/ros2_ws/install/aerial_grasping_bringup/lib/python3.10/site-packages/aerial_grasping_bringup-0.0.0-py3.10.egg-info
[0.729s] running install_scripts
[0.741s] writing list of installed files to '/home/dario/Desktop/Aerial-Grasping---Adaptive-Control/ros2_ws/build/aerial_grasping_bringup/install.log'
[0.755s] Invoked command in '/home/dario/Desktop/Aerial-Grasping---Adaptive-Control/ros2_ws/src/aerial_grasping_bringup' returned '0': PYTHONPATH=/home/dario/Desktop/Aerial-Grasping---Adaptive-Control/ros2_ws/build/aerial_grasping_bringup/prefix_override:/usr/lib/python3/dist-packages/colcon_core/task/python/colcon_distutils_commands:/home/dario/Desktop/Aerial-Grasping---Adaptive-Control/ros2_ws/install/aerial_grasping_bringup/lib/python3.10/site-packages:${PYTHONPATH} /usr/bin/python3 -W ignore:setup.py install is deprecated -W ignore:easy_install command is deprecated setup.py egg_info --egg-base ../../build/aerial_grasping_bringup build --build-base /home/dario/Desktop/Aerial-Grasping---Adaptive-Control/ros2_ws/build/aerial_grasping_bringup/build install --record /home/dario/Desktop/Aerial-Grasping---Adaptive-Control/ros2_ws/build/aerial_grasping_bringup/install.log --single-version-externally-managed install_data
