[0.332s] Invoking command in '/home/dario/Desktop/aerial_project/ros2_ws/build/aerial_grasping_description': CMAKE_PREFIX_PATH=/opt/ros/humble CONDA_PROMPT_MODIFIER=(base) /usr/bin/cmake --build /home/dario/Desktop/aerial_project/ros2_ws/build/aerial_grasping_description -- -j22 -l22
[0.370s] Invoked command in '/home/dario/Desktop/aerial_project/ros2_ws/build/aerial_grasping_description' returned '0': CMAKE_PREFIX_PATH=/opt/ros/humble CONDA_PROMPT_MODIFIER=(base) /usr/bin/cmake --build /home/dario/Desktop/aerial_project/ros2_ws/build/aerial_grasping_description -- -j22 -l22
[0.377s] Invoking command in '/home/dario/Desktop/aerial_project/ros2_ws/build/aerial_grasping_description': CMAKE_PREFIX_PATH=/opt/ros/humble CONDA_PROMPT_MODIFIER=(base) /usr/bin/cmake --install /home/dario/Desktop/aerial_project/ros2_ws/build/aerial_grasping_description
[0.381s] -- Install configuration: ""
[0.381s] -- Execute custom install script
[0.382s] -- Up-to-date symlink: /home/dario/Desktop/aerial_project/ros2_ws/install/aerial_grasping_description/share/aerial_grasping_description/urdf/drone_arm.urdf
[0.382s] -- Up-to-date symlink: /home/dario/Desktop/aerial_project/ros2_ws/install/aerial_grasping_description/share/aerial_grasping_description/config/controllers.yaml
[0.382s] -- Up-to-date symlink: /home/dario/Desktop/aerial_project/ros2_ws/install/aerial_grasping_description/share/ament_index/resource_index/package_run_dependencies/aerial_grasping_description
[0.383s] -- Up-to-date symlink: /home/dario/Desktop/aerial_project/ros2_ws/install/aerial_grasping_description/share/ament_index/resource_index/parent_prefix_path/aerial_grasping_description
[0.383s] -- Up-to-date symlink: /home/dario/Desktop/aerial_project/ros2_ws/install/aerial_grasping_description/share/aerial_grasping_description/environment/ament_prefix_path.sh
[0.383s] -- Up-to-date symlink: /home/dario/Desktop/aerial_project/ros2_ws/install/aerial_grasping_description/share/aerial_grasping_description/environment/ament_prefix_path.dsv
[0.383s] -- Up-to-date symlink: /home/dario/Desktop/aerial_project/ros2_ws/install/aerial_grasping_description/share/aerial_grasping_description/environment/path.sh
[0.384s] -- Up-to-date symlink: /home/dario/Desktop/aerial_project/ros2_ws/install/aerial_grasping_description/share/aerial_grasping_description/environment/path.dsv
[0.384s] -- Up-to-date symlink: /home/dario/Desktop/aerial_project/ros2_ws/install/aerial_grasping_description/share/aerial_grasping_description/local_setup.bash
[0.384s] -- Up-to-date symlink: /home/dario/Desktop/aerial_project/ros2_ws/install/aerial_grasping_description/share/aerial_grasping_description/local_setup.sh
[0.384s] -- Up-to-date symlink: /home/dario/Desktop/aerial_project/ros2_ws/install/aerial_grasping_description/share/aerial_grasping_description/local_setup.zsh
[0.384s] -- Up-to-date symlink: /home/dario/Desktop/aerial_project/ros2_ws/install/aerial_grasping_description/share/aerial_grasping_description/local_setup.dsv
[0.385s] -- Symlinking: /home/dario/Desktop/aerial_project/ros2_ws/install/aerial_grasping_description/share/aerial_grasping_description/package.dsv
[0.390s] -- Up-to-date symlink: /home/dario/Desktop/aerial_project/ros2_ws/install/aerial_grasping_description/share/ament_index/resource_index/packages/aerial_grasping_description
[0.390s] -- Up-to-date symlink: /home/dario/Desktop/aerial_project/ros2_ws/install/aerial_grasping_description/share/aerial_grasping_description/cmake/aerial_grasping_descriptionConfig.cmake
[0.391s] -- Up-to-date symlink: /home/dario/Desktop/aerial_project/ros2_ws/install/aerial_grasping_description/share/aerial_grasping_description/cmake/aerial_grasping_descriptionConfig-version.cmake
[0.391s] -- Up-to-date symlink: /home/dario/Desktop/aerial_project/ros2_ws/install/aerial_grasping_description/share/aerial_grasping_description/package.xml
[0.393s] Invoked command in '/home/dario/Desktop/aerial_project/ros2_ws/build/aerial_grasping_description' returned '0': CMAKE_PREFIX_PATH=/opt/ros/humble CONDA_PROMPT_MODIFIER=(base) /usr/bin/cmake --install /home/dario/Desktop/aerial_project/ros2_ws/build/aerial_grasping_description
