-- The C compiler identification is GNU 11.4.0
-- The CXX compiler identification is GNU 11.4.0
-- Detecting C compiler ABI info
-- Detecting C compiler ABI info - done
-- Check for working C compiler: /usr/bin/cc - skipped
-- Detecting C compile features
-- Detecting C compile features - done
-- Detecting CXX compiler ABI info
-- Detecting CXX compiler ABI info - done
-- Check for working CXX compiler: /usr/bin/c++ - skipped
-- Detecting CXX compile features
-- Detecting CXX compile features - done
-- Found ament_cmake: 1.3.14 (/opt/ros/humble/share/ament_cmake/cmake)
-- Found Python3: /home/dario/miniconda3/bin/python3 (found version "3.12.9") found components: Interpreter 
-- Override CMake install command with custom implementation using symlinks instead of copying resources
-- Found ament_lint_auto: 0.12.15 (/opt/ros/humble/share/ament_lint_auto/cmake)
-- Added test 'lint_cmake' to check CMake code style
-- Added test 'xmllint' to check XML markup files
-- Configuring done
-- Generating done
-- Build files have been written to: /home/dario/Desktop/aerial_project/ros2_ws/build/aerial_grasping_description
-- Install configuration: ""
-- Execute custom install script
-- Symlinking: /home/dario/Desktop/aerial_project/ros2_ws/install/aerial_grasping_description/share/aerial_grasping_description/urdf/drone_arm.urdf
-- Symlinking: /home/dario/Desktop/aerial_project/ros2_ws/install/aerial_grasping_description/share/aerial_grasping_description/config/controllers.yaml
-- Symlinking: /home/dario/Desktop/aerial_project/ros2_ws/install/aerial_grasping_description/share/ament_index/resource_index/package_run_dependencies/aerial_grasping_description
-- Symlinking: /home/dario/Desktop/aerial_project/ros2_ws/install/aerial_grasping_description/share/ament_index/resource_index/parent_prefix_path/aerial_grasping_description
-- Symlinking: /home/dario/Desktop/aerial_project/ros2_ws/install/aerial_grasping_description/share/aerial_grasping_description/environment/ament_prefix_path.sh
-- Symlinking: /home/dario/Desktop/aerial_project/ros2_ws/install/aerial_grasping_description/share/aerial_grasping_description/environment/ament_prefix_path.dsv
-- Symlinking: /home/dario/Desktop/aerial_project/ros2_ws/install/aerial_grasping_description/share/aerial_grasping_description/environment/path.sh
-- Symlinking: /home/dario/Desktop/aerial_project/ros2_ws/install/aerial_grasping_description/share/aerial_grasping_description/environment/path.dsv
-- Symlinking: /home/dario/Desktop/aerial_project/ros2_ws/install/aerial_grasping_description/share/aerial_grasping_description/local_setup.bash
-- Symlinking: /home/dario/Desktop/aerial_project/ros2_ws/install/aerial_grasping_description/share/aerial_grasping_description/local_setup.sh
-- Symlinking: /home/dario/Desktop/aerial_project/ros2_ws/install/aerial_grasping_description/share/aerial_grasping_description/local_setup.zsh
-- Symlinking: /home/dario/Desktop/aerial_project/ros2_ws/install/aerial_grasping_description/share/aerial_grasping_description/local_setup.dsv
-- Symlinking: /home/dario/Desktop/aerial_project/ros2_ws/install/aerial_grasping_description/share/aerial_grasping_description/package.dsv
-- Symlinking: /home/dario/Desktop/aerial_project/ros2_ws/install/aerial_grasping_description/share/ament_index/resource_index/packages/aerial_grasping_description
-- Symlinking: /home/dario/Desktop/aerial_project/ros2_ws/install/aerial_grasping_description/share/aerial_grasping_description/cmake/aerial_grasping_descriptionConfig.cmake
-- Symlinking: /home/dario/Desktop/aerial_project/ros2_ws/install/aerial_grasping_description/share/aerial_grasping_description/cmake/aerial_grasping_descriptionConfig-version.cmake
-- Symlinking: /home/dario/Desktop/aerial_project/ros2_ws/install/aerial_grasping_description/share/aerial_grasping_description/package.xml
