[0.340s] Invoking command in '/home/dario/Desktop/aerial_project/ros2_ws/build/aerial_grasping_description': CMAKE_PREFIX_PATH=${CMAKE_PREFIX_PATH}:/home/dario/Desktop/aerial_project/ros2_ws/install/aerial_grasping_control:/home/dario/Desktop/aerial_project/ros2_ws/install/aerial_grasping_bringup:/opt/ros/humble CONDA_PROMPT_MODIFIER=(base) /usr/bin/cmake /home/dario/Desktop/aerial_project/ros2_ws/src/aerial_grasping_description -DAMENT_CMAKE_SYMLINK_INSTALL=1 -DCMAKE_INSTALL_PREFIX=/home/dario/Desktop/aerial_project/ros2_ws/install/aerial_grasping_description
[0.540s] -- The C compiler identification is GNU 11.4.0
[0.647s] -- The CXX compiler identification is GNU 11.4.0
[0.656s] -- Detecting C compiler ABI info
[0.726s] -- Detecting C compiler ABI info - done
[0.733s] -- Check for working C compiler: /usr/bin/cc - skipped
[0.733s] -- Detecting C compile features
[0.733s] -- Detecting C compile features - done
[0.736s] -- Detecting CXX compiler ABI info
[0.806s] -- Detecting CXX compiler ABI info - done
[0.812s] -- Check for working CXX compiler: /usr/bin/c++ - skipped
[0.812s] -- Detecting CXX compile features
[0.813s] -- Detecting CXX compile features - done
[0.815s] -- Found ament_cmake: 1.3.14 (/opt/ros/humble/share/ament_cmake/cmake)
[1.103s] -- Found Python3: /home/dario/miniconda3/bin/python3 (found version "3.12.9") found components: Interpreter 
[1.162s] -- Override CMake install command with custom implementation using symlinks instead of copying resources
[1.193s] -- Found ament_lint_auto: 0.12.15 (/opt/ros/humble/share/ament_lint_auto/cmake)
[1.298s] -- Added test 'lint_cmake' to check CMake code style
[1.299s] -- Added test 'xmllint' to check XML markup files
[1.300s] -- Configuring done
[1.301s] -- Generating done
[1.302s] -- Build files have been written to: /home/dario/Desktop/aerial_project/ros2_ws/build/aerial_grasping_description
[1.305s] Invoked command in '/home/dario/Desktop/aerial_project/ros2_ws/build/aerial_grasping_description' returned '0': CMAKE_PREFIX_PATH=${CMAKE_PREFIX_PATH}:/home/dario/Desktop/aerial_project/ros2_ws/install/aerial_grasping_control:/home/dario/Desktop/aerial_project/ros2_ws/install/aerial_grasping_bringup:/opt/ros/humble CONDA_PROMPT_MODIFIER=(base) /usr/bin/cmake /home/dario/Desktop/aerial_project/ros2_ws/src/aerial_grasping_description -DAMENT_CMAKE_SYMLINK_INSTALL=1 -DCMAKE_INSTALL_PREFIX=/home/dario/Desktop/aerial_project/ros2_ws/install/aerial_grasping_description
[1.307s] Invoking command in '/home/dario/Desktop/aerial_project/ros2_ws/build/aerial_grasping_description': CMAKE_PREFIX_PATH=${CMAKE_PREFIX_PATH}:/home/dario/Desktop/aerial_project/ros2_ws/install/aerial_grasping_control:/home/dario/Desktop/aerial_project/ros2_ws/install/aerial_grasping_bringup:/opt/ros/humble CONDA_PROMPT_MODIFIER=(base) /usr/bin/cmake --build /home/dario/Desktop/aerial_project/ros2_ws/build/aerial_grasping_description -- -j22 -l22
[1.344s] Invoked command in '/home/dario/Desktop/aerial_project/ros2_ws/build/aerial_grasping_description' returned '0': CMAKE_PREFIX_PATH=${CMAKE_PREFIX_PATH}:/home/dario/Desktop/aerial_project/ros2_ws/install/aerial_grasping_control:/home/dario/Desktop/aerial_project/ros2_ws/install/aerial_grasping_bringup:/opt/ros/humble CONDA_PROMPT_MODIFIER=(base) /usr/bin/cmake --build /home/dario/Desktop/aerial_project/ros2_ws/build/aerial_grasping_description -- -j22 -l22
[1.351s] Invoking command in '/home/dario/Desktop/aerial_project/ros2_ws/build/aerial_grasping_description': CMAKE_PREFIX_PATH=${CMAKE_PREFIX_PATH}:/home/dario/Desktop/aerial_project/ros2_ws/install/aerial_grasping_control:/home/dario/Desktop/aerial_project/ros2_ws/install/aerial_grasping_bringup:/opt/ros/humble CONDA_PROMPT_MODIFIER=(base) /usr/bin/cmake --install /home/dario/Desktop/aerial_project/ros2_ws/build/aerial_grasping_description
[1.357s] -- Install configuration: ""
[1.357s] -- Execute custom install script
[1.357s] -- Symlinking: /home/dario/Desktop/aerial_project/ros2_ws/install/aerial_grasping_description/share/aerial_grasping_description/urdf/drone_arm.urdf
[1.367s] -- Symlinking: /home/dario/Desktop/aerial_project/ros2_ws/install/aerial_grasping_description/share/aerial_grasping_description/config/controllers.yaml
[1.373s] -- Symlinking: /home/dario/Desktop/aerial_project/ros2_ws/install/aerial_grasping_description/share/ament_index/resource_index/package_run_dependencies/aerial_grasping_description
[1.379s] -- Symlinking: /home/dario/Desktop/aerial_project/ros2_ws/install/aerial_grasping_description/share/ament_index/resource_index/parent_prefix_path/aerial_grasping_description
[1.387s] -- Symlinking: /home/dario/Desktop/aerial_project/ros2_ws/install/aerial_grasping_description/share/aerial_grasping_description/environment/ament_prefix_path.sh
[1.394s] -- Symlinking: /home/dario/Desktop/aerial_project/ros2_ws/install/aerial_grasping_description/share/aerial_grasping_description/environment/ament_prefix_path.dsv
[1.400s] -- Symlinking: /home/dario/Desktop/aerial_project/ros2_ws/install/aerial_grasping_description/share/aerial_grasping_description/environment/path.sh
[1.408s] -- Symlinking: /home/dario/Desktop/aerial_project/ros2_ws/install/aerial_grasping_description/share/aerial_grasping_description/environment/path.dsv
[1.414s] -- Symlinking: /home/dario/Desktop/aerial_project/ros2_ws/install/aerial_grasping_description/share/aerial_grasping_description/local_setup.bash
[1.421s] -- Symlinking: /home/dario/Desktop/aerial_project/ros2_ws/install/aerial_grasping_description/share/aerial_grasping_description/local_setup.sh
[1.429s] -- Symlinking: /home/dario/Desktop/aerial_project/ros2_ws/install/aerial_grasping_description/share/aerial_grasping_description/local_setup.zsh
[1.436s] -- Symlinking: /home/dario/Desktop/aerial_project/ros2_ws/install/aerial_grasping_description/share/aerial_grasping_description/local_setup.dsv
[1.445s] -- Symlinking: /home/dario/Desktop/aerial_project/ros2_ws/install/aerial_grasping_description/share/aerial_grasping_description/package.dsv
[1.451s] -- Symlinking: /home/dario/Desktop/aerial_project/ros2_ws/install/aerial_grasping_description/share/ament_index/resource_index/packages/aerial_grasping_description
[1.459s] -- Symlinking: /home/dario/Desktop/aerial_project/ros2_ws/install/aerial_grasping_description/share/aerial_grasping_description/cmake/aerial_grasping_descriptionConfig.cmake
[1.465s] -- Symlinking: /home/dario/Desktop/aerial_project/ros2_ws/install/aerial_grasping_description/share/aerial_grasping_description/cmake/aerial_grasping_descriptionConfig-version.cmake
[1.472s] -- Symlinking: /home/dario/Desktop/aerial_project/ros2_ws/install/aerial_grasping_description/share/aerial_grasping_description/package.xml
[1.484s] Invoked command in '/home/dario/Desktop/aerial_project/ros2_ws/build/aerial_grasping_description' returned '0': CMAKE_PREFIX_PATH=${CMAKE_PREFIX_PATH}:/home/dario/Desktop/aerial_project/ros2_ws/install/aerial_grasping_control:/home/dario/Desktop/aerial_project/ros2_ws/install/aerial_grasping_bringup:/opt/ros/humble CONDA_PROMPT_MODIFIER=(base) /usr/bin/cmake --install /home/dario/Desktop/aerial_project/ros2_ws/build/aerial_grasping_description
