running develop
running egg_info
creating aerial_grasping_bringup.egg-info
writing aerial_grasping_bringup.egg-info/PKG-INFO
writing dependency_links to aerial_grasping_bringup.egg-info/dependency_links.txt
writing entry points to aerial_grasping_bringup.egg-info/entry_points.txt
writing requirements to aerial_grasping_bringup.egg-info/requires.txt
writing top-level names to aerial_grasping_bringup.egg-info/top_level.txt
writing manifest file 'aerial_grasping_bringup.egg-info/SOURCES.txt'
reading manifest file 'aerial_grasping_bringup.egg-info/SOURCES.txt'
writing manifest file 'aerial_grasping_bringup.egg-info/SOURCES.txt'
running build_ext
Creating /home/dario/Desktop/aerial_project/ros2_ws/install/aerial_grasping_bringup/lib/python3.10/site-packages/aerial-grasping-bringup.egg-link (link to .)

Installed /home/dario/Desktop/aerial_project/ros2_ws/build/aerial_grasping_bringup
running symlink_data
creating /home/dario/Desktop/aerial_project/ros2_ws/install/aerial_grasping_bringup/share/ament_index
creating /home/dario/Desktop/aerial_project/ros2_ws/install/aerial_grasping_bringup/share/ament_index/resource_index
creating /home/dario/Desktop/aerial_project/ros2_ws/install/aerial_grasping_bringup/share/ament_index/resource_index/packages
symbolically linking /home/dario/Desktop/aerial_project/ros2_ws/build/aerial_grasping_bringup/resource/aerial_grasping_bringup -> /home/dario/Desktop/aerial_project/ros2_ws/install/aerial_grasping_bringup/share/ament_index/resource_index/packages
symbolically linking /home/dario/Desktop/aerial_project/ros2_ws/build/aerial_grasping_bringup/package.xml -> /home/dario/Desktop/aerial_project/ros2_ws/install/aerial_grasping_bringup/share/aerial_grasping_bringup
