[0.601s] Invoking command in '/home/dario/Desktop/aerial_project/ros2_ws/build/aerial_grasping_bringup': CONDA_PROMPT_MODIFIER=(base) PYTHONPATH=/home/dario/Desktop/aerial_project/ros2_ws/build/aerial_grasping_bringup/prefix_override:/usr/lib/python3/dist-packages/colcon_core/task/python/colcon_distutils_commands:/home/dario/Desktop/aerial_project/ros2_ws/install/aerial_grasping_bringup/lib/python3.10/site-packages:${PYTHONPATH} /usr/bin/python3 -W ignore:setup.py install is deprecated -W ignore:easy_install command is deprecated setup.py develop --editable --build-directory /home/dario/Desktop/aerial_project/ros2_ws/build/aerial_grasping_bringup/build --no-deps symlink_data
[0.799s] running develop
[0.918s] running egg_info
[0.918s] creating aerial_grasping_bringup.egg-info
[0.918s] writing aerial_grasping_bringup.egg-info/PKG-INFO
[0.918s] writing dependency_links to aerial_grasping_bringup.egg-info/dependency_links.txt
[0.918s] writing entry points to aerial_grasping_bringup.egg-info/entry_points.txt
[0.918s] writing requirements to aerial_grasping_bringup.egg-info/requires.txt
[0.918s] writing top-level names to aerial_grasping_bringup.egg-info/top_level.txt
[0.918s] writing manifest file 'aerial_grasping_bringup.egg-info/SOURCES.txt'
[0.919s] reading manifest file 'aerial_grasping_bringup.egg-info/SOURCES.txt'
[0.920s] writing manifest file 'aerial_grasping_bringup.egg-info/SOURCES.txt'
[0.921s] running build_ext
[0.921s] Creating /home/dario/Desktop/aerial_project/ros2_ws/install/aerial_grasping_bringup/lib/python3.10/site-packages/aerial-grasping-bringup.egg-link (link to .)
[0.921s] 
[0.921s] Installed /home/dario/Desktop/aerial_project/ros2_ws/build/aerial_grasping_bringup
[0.921s] running symlink_data
[0.921s] creating /home/dario/Desktop/aerial_project/ros2_ws/install/aerial_grasping_bringup/share/ament_index
[0.921s] creating /home/dario/Desktop/aerial_project/ros2_ws/install/aerial_grasping_bringup/share/ament_index/resource_index
[0.921s] creating /home/dario/Desktop/aerial_project/ros2_ws/install/aerial_grasping_bringup/share/ament_index/resource_index/packages
[0.921s] symbolically linking /home/dario/Desktop/aerial_project/ros2_ws/build/aerial_grasping_bringup/resource/aerial_grasping_bringup -> /home/dario/Desktop/aerial_project/ros2_ws/install/aerial_grasping_bringup/share/ament_index/resource_index/packages
[0.921s] symbolically linking /home/dario/Desktop/aerial_project/ros2_ws/build/aerial_grasping_bringup/package.xml -> /home/dario/Desktop/aerial_project/ros2_ws/install/aerial_grasping_bringup/share/aerial_grasping_bringup
[0.943s] Invoked command in '/home/dario/Desktop/aerial_project/ros2_ws/build/aerial_grasping_bringup' returned '0': CONDA_PROMPT_MODIFIER=(base) PYTHONPATH=/home/dario/Desktop/aerial_project/ros2_ws/build/aerial_grasping_bringup/prefix_override:/usr/lib/python3/dist-packages/colcon_core/task/python/colcon_distutils_commands:/home/dario/Desktop/aerial_project/ros2_ws/install/aerial_grasping_bringup/lib/python3.10/site-packages:${PYTHONPATH} /usr/bin/python3 -W ignore:setup.py install is deprecated -W ignore:easy_install command is deprecated setup.py develop --editable --build-directory /home/dario/Desktop/aerial_project/ros2_ws/build/aerial_grasping_bringup/build --no-deps symlink_data
