[0.061s] DEBUG:colcon:Command line arguments: ['/usr/bin/colcon', 'build', '--symlink-install']
[0.061s] DEBUG:colcon:Parsed command line arguments: Namespace(log_base=None, log_level=None, verb_name='build', build_base='build', install_base='install', merge_install=False, symlink_install=True, test_result_base=None, continue_on_error=False, executor='parallel', parallel_workers=22, event_handlers=None, ignore_user_meta=False, metas=['./colcon.meta'], base_paths=['.'], packages_ignore=None, packages_ignore_regex=None, paths=None, packages_up_to=None, packages_up_to_regex=None, packages_above=None, packages_above_and_dependencies=None, packages_above_depth=None, packages_select_by_dep=None, packages_skip_by_dep=None, packages_skip_up_to=None, packages_select_build_failed=False, packages_skip_build_finished=False, packages_select_test_failures=False, packages_skip_test_passed=False, packages_select=None, packages_skip=None, packages_select_regex=None, packages_skip_regex=None, packages_start=None, packages_end=None, allow_overriding=[], cmake_args=None, cmake_target=None, cmake_target_skip_unavailable=False, cmake_clean_cache=False, cmake_clean_first=False, cmake_force_configure=False, ament_cmake_args=None, catkin_cmake_args=None, catkin_skip_building_tests=False, mixin_files=None, mixin=None, verb_parser=<colcon_mixin.mixin.mixin_argument.MixinArgumentDecorator object at 0x7fbdd0c1bfa0>, verb_extension=<colcon_core.verb.build.BuildVerb object at 0x7fbdd0c1baf0>, main=<bound method BuildVerb.main of <colcon_core.verb.build.BuildVerb object at 0x7fbdd0c1baf0>>, mixin_verb=('build',))
[0.160s] Level 1:colcon.colcon_core.package_discovery:discover_packages(colcon_meta) check parameters
[0.160s] Level 1:colcon.colcon_core.package_discovery:discover_packages(recursive) check parameters
[0.160s] Level 1:colcon.colcon_core.package_discovery:discover_packages(ignore) check parameters
[0.160s] Level 1:colcon.colcon_core.package_discovery:discover_packages(path) check parameters
[0.160s] Level 1:colcon.colcon_core.package_discovery:discover_packages(colcon_meta) discover
[0.160s] Level 1:colcon.colcon_core.package_discovery:discover_packages(recursive) discover
[0.160s] INFO:colcon.colcon_core.package_discovery:Crawling recursively for packages in '/home/dario/Desktop/aerial_project/ros2_ws'
[0.160s] Level 1:colcon.colcon_core.package_identification:_identify(.) by extensions ['ignore', 'ignore_ament_install']
[0.160s] Level 1:colcon.colcon_core.package_identification:_identify(.) by extension 'ignore'
[0.160s] Level 1:colcon.colcon_core.package_identification:_identify(.) by extension 'ignore_ament_install'
[0.160s] Level 1:colcon.colcon_core.package_identification:_identify(.) by extensions ['colcon_pkg']
[0.160s] Level 1:colcon.colcon_core.package_identification:_identify(.) by extension 'colcon_pkg'
[0.160s] Level 1:colcon.colcon_core.package_identification:_identify(.) by extensions ['colcon_meta']
[0.160s] Level 1:colcon.colcon_core.package_identification:_identify(.) by extension 'colcon_meta'
[0.160s] Level 1:colcon.colcon_core.package_identification:_identify(.) by extensions ['ros']
[0.160s] Level 1:colcon.colcon_core.package_identification:_identify(.) by extension 'ros'
[0.174s] Level 1:colcon.colcon_core.package_identification:_identify(.) by extensions ['cmake', 'python']
[0.174s] Level 1:colcon.colcon_core.package_identification:_identify(.) by extension 'cmake'
[0.174s] Level 1:colcon.colcon_core.package_identification:_identify(.) by extension 'python'
[0.174s] Level 1:colcon.colcon_core.package_identification:_identify(.) by extensions ['python_setup_py']
[0.174s] Level 1:colcon.colcon_core.package_identification:_identify(.) by extension 'python_setup_py'
[0.174s] Level 1:colcon.colcon_core.package_identification:_identify(build) by extensions ['ignore', 'ignore_ament_install']
[0.175s] Level 1:colcon.colcon_core.package_identification:_identify(build) by extension 'ignore'
[0.175s] Level 1:colcon.colcon_core.package_identification:_identify(build) ignored
[0.175s] Level 1:colcon.colcon_core.package_identification:_identify(install) by extensions ['ignore', 'ignore_ament_install']
[0.175s] Level 1:colcon.colcon_core.package_identification:_identify(install) by extension 'ignore'
[0.175s] Level 1:colcon.colcon_core.package_identification:_identify(install) ignored
[0.175s] Level 1:colcon.colcon_core.package_identification:_identify(log) by extensions ['ignore', 'ignore_ament_install']
[0.175s] Level 1:colcon.colcon_core.package_identification:_identify(log) by extension 'ignore'
[0.175s] Level 1:colcon.colcon_core.package_identification:_identify(log) ignored
[0.175s] Level 1:colcon.colcon_core.package_identification:_identify(src) by extensions ['ignore', 'ignore_ament_install']
[0.175s] Level 1:colcon.colcon_core.package_identification:_identify(src) by extension 'ignore'
[0.175s] Level 1:colcon.colcon_core.package_identification:_identify(src) by extension 'ignore_ament_install'
[0.175s] Level 1:colcon.colcon_core.package_identification:_identify(src) by extensions ['colcon_pkg']
[0.175s] Level 1:colcon.colcon_core.package_identification:_identify(src) by extension 'colcon_pkg'
[0.175s] Level 1:colcon.colcon_core.package_identification:_identify(src) by extensions ['colcon_meta']
[0.175s] Level 1:colcon.colcon_core.package_identification:_identify(src) by extension 'colcon_meta'
[0.175s] Level 1:colcon.colcon_core.package_identification:_identify(src) by extensions ['ros']
[0.175s] Level 1:colcon.colcon_core.package_identification:_identify(src) by extension 'ros'
[0.175s] Level 1:colcon.colcon_core.package_identification:_identify(src) by extensions ['cmake', 'python']
[0.175s] Level 1:colcon.colcon_core.package_identification:_identify(src) by extension 'cmake'
[0.175s] Level 1:colcon.colcon_core.package_identification:_identify(src) by extension 'python'
[0.175s] Level 1:colcon.colcon_core.package_identification:_identify(src) by extensions ['python_setup_py']
[0.175s] Level 1:colcon.colcon_core.package_identification:_identify(src) by extension 'python_setup_py'
[0.175s] Level 1:colcon.colcon_core.package_identification:_identify(src/aerial_grasping_bringup) by extensions ['ignore', 'ignore_ament_install']
[0.175s] Level 1:colcon.colcon_core.package_identification:_identify(src/aerial_grasping_bringup) by extension 'ignore'
[0.175s] Level 1:colcon.colcon_core.package_identification:_identify(src/aerial_grasping_bringup) by extension 'ignore_ament_install'
[0.175s] Level 1:colcon.colcon_core.package_identification:_identify(src/aerial_grasping_bringup) by extensions ['colcon_pkg']
[0.175s] Level 1:colcon.colcon_core.package_identification:_identify(src/aerial_grasping_bringup) by extension 'colcon_pkg'
[0.175s] Level 1:colcon.colcon_core.package_identification:_identify(src/aerial_grasping_bringup) by extensions ['colcon_meta']
[0.175s] Level 1:colcon.colcon_core.package_identification:_identify(src/aerial_grasping_bringup) by extension 'colcon_meta'
[0.175s] Level 1:colcon.colcon_core.package_identification:_identify(src/aerial_grasping_bringup) by extensions ['ros']
[0.175s] Level 1:colcon.colcon_core.package_identification:_identify(src/aerial_grasping_bringup) by extension 'ros'
[0.177s] DEBUG:colcon.colcon_core.package_identification:Package 'src/aerial_grasping_bringup' with type 'ros.ament_python' and name 'aerial_grasping_bringup'
[0.177s] Level 1:colcon.colcon_core.package_identification:_identify(src/aerial_grasping_control) by extensions ['ignore', 'ignore_ament_install']
[0.177s] Level 1:colcon.colcon_core.package_identification:_identify(src/aerial_grasping_control) by extension 'ignore'
[0.177s] Level 1:colcon.colcon_core.package_identification:_identify(src/aerial_grasping_control) by extension 'ignore_ament_install'
[0.177s] Level 1:colcon.colcon_core.package_identification:_identify(src/aerial_grasping_control) by extensions ['colcon_pkg']
[0.177s] Level 1:colcon.colcon_core.package_identification:_identify(src/aerial_grasping_control) by extension 'colcon_pkg'
[0.177s] Level 1:colcon.colcon_core.package_identification:_identify(src/aerial_grasping_control) by extensions ['colcon_meta']
[0.177s] Level 1:colcon.colcon_core.package_identification:_identify(src/aerial_grasping_control) by extension 'colcon_meta'
[0.177s] Level 1:colcon.colcon_core.package_identification:_identify(src/aerial_grasping_control) by extensions ['ros']
[0.177s] Level 1:colcon.colcon_core.package_identification:_identify(src/aerial_grasping_control) by extension 'ros'
[0.177s] DEBUG:colcon.colcon_core.package_identification:Package 'src/aerial_grasping_control' with type 'ros.ament_python' and name 'aerial_grasping_control'
[0.177s] Level 1:colcon.colcon_core.package_identification:_identify(src/aerial_grasping_description) by extensions ['ignore', 'ignore_ament_install']
[0.177s] Level 1:colcon.colcon_core.package_identification:_identify(src/aerial_grasping_description) by extension 'ignore'
[0.177s] Level 1:colcon.colcon_core.package_identification:_identify(src/aerial_grasping_description) by extension 'ignore_ament_install'
[0.177s] Level 1:colcon.colcon_core.package_identification:_identify(src/aerial_grasping_description) by extensions ['colcon_pkg']
[0.177s] Level 1:colcon.colcon_core.package_identification:_identify(src/aerial_grasping_description) by extension 'colcon_pkg'
[0.177s] Level 1:colcon.colcon_core.package_identification:_identify(src/aerial_grasping_description) by extensions ['colcon_meta']
[0.177s] Level 1:colcon.colcon_core.package_identification:_identify(src/aerial_grasping_description) by extension 'colcon_meta'
[0.177s] Level 1:colcon.colcon_core.package_identification:_identify(src/aerial_grasping_description) by extensions ['ros']
[0.177s] Level 1:colcon.colcon_core.package_identification:_identify(src/aerial_grasping_description) by extension 'ros'
[0.178s] DEBUG:colcon.colcon_core.package_identification:Package 'src/aerial_grasping_description' with type 'ros.ament_cmake' and name 'aerial_grasping_description'
[0.178s] Level 1:colcon.colcon_core.package_discovery:discover_packages(recursive) using defaults
[0.178s] Level 1:colcon.colcon_core.package_discovery:discover_packages(ignore) discover
[0.178s] Level 1:colcon.colcon_core.package_discovery:discover_packages(ignore) using defaults
[0.178s] Level 1:colcon.colcon_core.package_discovery:discover_packages(path) discover
[0.178s] Level 1:colcon.colcon_core.package_discovery:discover_packages(path) using defaults
[0.188s] Level 1:colcon.colcon_core.package_discovery:discover_packages(prefix_path) check parameters
[0.188s] Level 1:colcon.colcon_core.package_discovery:discover_packages(prefix_path) discover
[0.189s] WARNING:colcon.colcon_ros.prefix_path.ament:The path '/home/dario/Desktop/aerial_project/ros2_ws/install/aerial_grasping_description' in the environment variable AMENT_PREFIX_PATH doesn't exist
[0.189s] WARNING:colcon.colcon_ros.prefix_path.ament:The path '/home/dario/Desktop/aerial_project/ros2_ws/install/aerial_grasping_control' in the environment variable AMENT_PREFIX_PATH doesn't exist
[0.189s] WARNING:colcon.colcon_ros.prefix_path.ament:The path '/home/dario/Desktop/aerial_project/ros2_ws/install/aerial_grasping_bringup' in the environment variable AMENT_PREFIX_PATH doesn't exist
[0.189s] WARNING:colcon.colcon_ros.prefix_path.catkin:The path '/home/dario/Desktop/aerial_project/ros2_ws/install/aerial_grasping_description' in the environment variable CMAKE_PREFIX_PATH doesn't exist
[0.189s] DEBUG:colcon.colcon_installed_package_information.package_discovery:Found 0 installed packages in /home/dario/Desktop/aerial_project/ros2_ws/install
[0.190s] DEBUG:colcon.colcon_installed_package_information.package_discovery:Found 332 installed packages in /opt/ros/humble
[0.191s] Level 1:colcon.colcon_core.package_discovery:discover_packages(prefix_path) using defaults
[0.213s] Level 5:colcon.colcon_core.verb:set package 'aerial_grasping_bringup' build argument 'cmake_args' from command line to 'None'
[0.213s] Level 5:colcon.colcon_core.verb:set package 'aerial_grasping_bringup' build argument 'cmake_target' from command line to 'None'
[0.213s] Level 5:colcon.colcon_core.verb:set package 'aerial_grasping_bringup' build argument 'cmake_target_skip_unavailable' from command line to 'False'
[0.213s] Level 5:colcon.colcon_core.verb:set package 'aerial_grasping_bringup' build argument 'cmake_clean_cache' from command line to 'False'
[0.213s] Level 5:colcon.colcon_core.verb:set package 'aerial_grasping_bringup' build argument 'cmake_clean_first' from command line to 'False'
[0.213s] Level 5:colcon.colcon_core.verb:set package 'aerial_grasping_bringup' build argument 'cmake_force_configure' from command line to 'False'
[0.213s] Level 5:colcon.colcon_core.verb:set package 'aerial_grasping_bringup' build argument 'ament_cmake_args' from command line to 'None'
[0.213s] Level 5:colcon.colcon_core.verb:set package 'aerial_grasping_bringup' build argument 'catkin_cmake_args' from command line to 'None'
[0.213s] Level 5:colcon.colcon_core.verb:set package 'aerial_grasping_bringup' build argument 'catkin_skip_building_tests' from command line to 'False'
[0.213s] DEBUG:colcon.colcon_core.verb:Building package 'aerial_grasping_bringup' with the following arguments: {'ament_cmake_args': None, 'build_base': '/home/dario/Desktop/aerial_project/ros2_ws/build/aerial_grasping_bringup', 'catkin_cmake_args': None, 'catkin_skip_building_tests': False, 'cmake_args': None, 'cmake_clean_cache': False, 'cmake_clean_first': False, 'cmake_force_configure': False, 'cmake_target': None, 'cmake_target_skip_unavailable': False, 'install_base': '/home/dario/Desktop/aerial_project/ros2_ws/install/aerial_grasping_bringup', 'merge_install': False, 'path': '/home/dario/Desktop/aerial_project/ros2_ws/src/aerial_grasping_bringup', 'symlink_install': True, 'test_result_base': None}
[0.213s] Level 5:colcon.colcon_core.verb:set package 'aerial_grasping_control' build argument 'cmake_args' from command line to 'None'
[0.213s] Level 5:colcon.colcon_core.verb:set package 'aerial_grasping_control' build argument 'cmake_target' from command line to 'None'
[0.213s] Level 5:colcon.colcon_core.verb:set package 'aerial_grasping_control' build argument 'cmake_target_skip_unavailable' from command line to 'False'
[0.213s] Level 5:colcon.colcon_core.verb:set package 'aerial_grasping_control' build argument 'cmake_clean_cache' from command line to 'False'
[0.213s] Level 5:colcon.colcon_core.verb:set package 'aerial_grasping_control' build argument 'cmake_clean_first' from command line to 'False'
[0.213s] Level 5:colcon.colcon_core.verb:set package 'aerial_grasping_control' build argument 'cmake_force_configure' from command line to 'False'
[0.213s] Level 5:colcon.colcon_core.verb:set package 'aerial_grasping_control' build argument 'ament_cmake_args' from command line to 'None'
[0.213s] Level 5:colcon.colcon_core.verb:set package 'aerial_grasping_control' build argument 'catkin_cmake_args' from command line to 'None'
[0.213s] Level 5:colcon.colcon_core.verb:set package 'aerial_grasping_control' build argument 'catkin_skip_building_tests' from command line to 'False'
[0.213s] DEBUG:colcon.colcon_core.verb:Building package 'aerial_grasping_control' with the following arguments: {'ament_cmake_args': None, 'build_base': '/home/dario/Desktop/aerial_project/ros2_ws/build/aerial_grasping_control', 'catkin_cmake_args': None, 'catkin_skip_building_tests': False, 'cmake_args': None, 'cmake_clean_cache': False, 'cmake_clean_first': False, 'cmake_force_configure': False, 'cmake_target': None, 'cmake_target_skip_unavailable': False, 'install_base': '/home/dario/Desktop/aerial_project/ros2_ws/install/aerial_grasping_control', 'merge_install': False, 'path': '/home/dario/Desktop/aerial_project/ros2_ws/src/aerial_grasping_control', 'symlink_install': True, 'test_result_base': None}
[0.213s] Level 5:colcon.colcon_core.verb:set package 'aerial_grasping_description' build argument 'cmake_args' from command line to 'None'
[0.213s] Level 5:colcon.colcon_core.verb:set package 'aerial_grasping_description' build argument 'cmake_target' from command line to 'None'
[0.213s] Level 5:colcon.colcon_core.verb:set package 'aerial_grasping_description' build argument 'cmake_target_skip_unavailable' from command line to 'False'
[0.213s] Level 5:colcon.colcon_core.verb:set package 'aerial_grasping_description' build argument 'cmake_clean_cache' from command line to 'False'
[0.214s] Level 5:colcon.colcon_core.verb:set package 'aerial_grasping_description' build argument 'cmake_clean_first' from command line to 'False'
[0.214s] Level 5:colcon.colcon_core.verb:set package 'aerial_grasping_description' build argument 'cmake_force_configure' from command line to 'False'
[0.214s] Level 5:colcon.colcon_core.verb:set package 'aerial_grasping_description' build argument 'ament_cmake_args' from command line to 'None'
[0.214s] Level 5:colcon.colcon_core.verb:set package 'aerial_grasping_description' build argument 'catkin_cmake_args' from command line to 'None'
[0.214s] Level 5:colcon.colcon_core.verb:set package 'aerial_grasping_description' build argument 'catkin_skip_building_tests' from command line to 'False'
[0.214s] DEBUG:colcon.colcon_core.verb:Building package 'aerial_grasping_description' with the following arguments: {'ament_cmake_args': None, 'build_base': '/home/dario/Desktop/aerial_project/ros2_ws/build/aerial_grasping_description', 'catkin_cmake_args': None, 'catkin_skip_building_tests': False, 'cmake_args': None, 'cmake_clean_cache': False, 'cmake_clean_first': False, 'cmake_force_configure': False, 'cmake_target': None, 'cmake_target_skip_unavailable': False, 'install_base': '/home/dario/Desktop/aerial_project/ros2_ws/install/aerial_grasping_description', 'merge_install': False, 'path': '/home/dario/Desktop/aerial_project/ros2_ws/src/aerial_grasping_description', 'symlink_install': True, 'test_result_base': None}
[0.214s] INFO:colcon.colcon_core.executor:Executing jobs using 'parallel' executor
[0.214s] DEBUG:colcon.colcon_parallel_executor.executor.parallel:run_until_complete
[0.215s] INFO:colcon.colcon_ros.task.ament_python.build:Building ROS package in '/home/dario/Desktop/aerial_project/ros2_ws/src/aerial_grasping_bringup' with build type 'ament_python'
[0.215s] Level 1:colcon.colcon_core.shell:create_environment_hook('aerial_grasping_bringup', 'ament_prefix_path')
[0.217s] INFO:colcon.colcon_core.plugin_system:Skipping extension 'colcon_core.shell.bat': Not used on non-Windows systems
[0.218s] INFO:colcon.colcon_core.shell:Creating environment hook '/home/dario/Desktop/aerial_project/ros2_ws/install/aerial_grasping_bringup/share/aerial_grasping_bringup/hook/ament_prefix_path.ps1'
[0.218s] INFO:colcon.colcon_core.shell:Creating environment descriptor '/home/dario/Desktop/aerial_project/ros2_ws/install/aerial_grasping_bringup/share/aerial_grasping_bringup/hook/ament_prefix_path.dsv'
[0.219s] INFO:colcon.colcon_core.shell:Creating environment hook '/home/dario/Desktop/aerial_project/ros2_ws/install/aerial_grasping_bringup/share/aerial_grasping_bringup/hook/ament_prefix_path.sh'
[0.219s] INFO:colcon.colcon_core.shell:Skip shell extension 'powershell' for command environment: Not usable outside of PowerShell
[0.219s] DEBUG:colcon.colcon_core.shell:Skip shell extension 'dsv' for command environment
[0.221s] INFO:colcon.colcon_ros.task.ament_python.build:Building ROS package in '/home/dario/Desktop/aerial_project/ros2_ws/src/aerial_grasping_control' with build type 'ament_python'
[0.221s] Level 1:colcon.colcon_core.shell:create_environment_hook('aerial_grasping_control', 'ament_prefix_path')
[0.222s] INFO:colcon.colcon_core.shell:Creating environment hook '/home/dario/Desktop/aerial_project/ros2_ws/install/aerial_grasping_control/share/aerial_grasping_control/hook/ament_prefix_path.ps1'
[0.222s] INFO:colcon.colcon_core.shell:Creating environment descriptor '/home/dario/Desktop/aerial_project/ros2_ws/install/aerial_grasping_control/share/aerial_grasping_control/hook/ament_prefix_path.dsv'
[0.222s] INFO:colcon.colcon_core.shell:Creating environment hook '/home/dario/Desktop/aerial_project/ros2_ws/install/aerial_grasping_control/share/aerial_grasping_control/hook/ament_prefix_path.sh'
[0.222s] INFO:colcon.colcon_core.shell:Skip shell extension 'powershell' for command environment: Not usable outside of PowerShell
[0.223s] DEBUG:colcon.colcon_core.shell:Skip shell extension 'dsv' for command environment
[0.224s] INFO:colcon.colcon_ros.task.ament_cmake.build:Building ROS package in '/home/dario/Desktop/aerial_project/ros2_ws/src/aerial_grasping_description' with build type 'ament_cmake'
[0.224s] INFO:colcon.colcon_cmake.task.cmake.build:Building CMake package in '/home/dario/Desktop/aerial_project/ros2_ws/src/aerial_grasping_description'
[0.224s] INFO:colcon.colcon_core.shell:Skip shell extension 'powershell' for command environment: Not usable outside of PowerShell
[0.224s] DEBUG:colcon.colcon_core.shell:Skip shell extension 'dsv' for command environment
[0.390s] INFO:colcon.colcon_core.task.python.build:Building Python package in '/home/dario/Desktop/aerial_project/ros2_ws/src/aerial_grasping_bringup'
[0.390s] INFO:colcon.colcon_core.shell:Skip shell extension 'powershell' for command environment: Not usable outside of PowerShell
[0.391s] DEBUG:colcon.colcon_core.shell:Skip shell extension 'dsv' for command environment
[0.559s] INFO:colcon.colcon_core.task.python.build:Building Python package in '/home/dario/Desktop/aerial_project/ros2_ws/src/aerial_grasping_control'
[0.560s] INFO:colcon.colcon_core.shell:Skip shell extension 'powershell' for command environment: Not usable outside of PowerShell
[0.560s] DEBUG:colcon.colcon_core.shell:Skip shell extension 'dsv' for command environment
[0.564s] DEBUG:colcon.colcon_core.event_handler.log_command:Invoking command in '/home/dario/Desktop/aerial_project/ros2_ws/build/aerial_grasping_description': CMAKE_PREFIX_PATH=${CMAKE_PREFIX_PATH}:/home/dario/Desktop/aerial_project/ros2_ws/install/aerial_grasping_control:/home/dario/Desktop/aerial_project/ros2_ws/install/aerial_grasping_bringup:/opt/ros/humble CONDA_PROMPT_MODIFIER=(base) /usr/bin/cmake /home/dario/Desktop/aerial_project/ros2_ws/src/aerial_grasping_description -DAMENT_CMAKE_SYMLINK_INSTALL=1 -DCMAKE_INSTALL_PREFIX=/home/dario/Desktop/aerial_project/ros2_ws/install/aerial_grasping_description
[0.795s] DEBUG:colcon.colcon_core.event_handler.log_command:Invoking command in '/home/dario/Desktop/aerial_project/ros2_ws/build/aerial_grasping_control': CONDA_PROMPT_MODIFIER=(base) PYTHONPATH=/home/dario/Desktop/aerial_project/ros2_ws/build/aerial_grasping_control/prefix_override:/usr/lib/python3/dist-packages/colcon_core/task/python/colcon_distutils_commands:/home/dario/Desktop/aerial_project/ros2_ws/install/aerial_grasping_control/lib/python3.10/site-packages:${PYTHONPATH} /usr/bin/python3 -W ignore:setup.py install is deprecated -W ignore:easy_install command is deprecated setup.py develop --editable --build-directory /home/dario/Desktop/aerial_project/ros2_ws/build/aerial_grasping_control/build --no-deps symlink_data
[0.817s] DEBUG:colcon.colcon_core.event_handler.log_command:Invoking command in '/home/dario/Desktop/aerial_project/ros2_ws/build/aerial_grasping_bringup': CONDA_PROMPT_MODIFIER=(base) PYTHONPATH=/home/dario/Desktop/aerial_project/ros2_ws/build/aerial_grasping_bringup/prefix_override:/usr/lib/python3/dist-packages/colcon_core/task/python/colcon_distutils_commands:/home/dario/Desktop/aerial_project/ros2_ws/install/aerial_grasping_bringup/lib/python3.10/site-packages:${PYTHONPATH} /usr/bin/python3 -W ignore:setup.py install is deprecated -W ignore:easy_install command is deprecated setup.py develop --editable --build-directory /home/dario/Desktop/aerial_project/ros2_ws/build/aerial_grasping_bringup/build --no-deps symlink_data
[1.110s] Level 1:colcon.colcon_core.shell:create_environment_hook('aerial_grasping_control', 'pythonpath_develop')
[1.111s] INFO:colcon.colcon_core.shell:Creating environment hook '/home/dario/Desktop/aerial_project/ros2_ws/build/aerial_grasping_control/share/aerial_grasping_control/hook/pythonpath_develop.ps1'
[1.111s] DEBUG:colcon.colcon_core.event_handler.log_command:Invoked command in '/home/dario/Desktop/aerial_project/ros2_ws/build/aerial_grasping_control' returned '0': CONDA_PROMPT_MODIFIER=(base) PYTHONPATH=/home/dario/Desktop/aerial_project/ros2_ws/build/aerial_grasping_control/prefix_override:/usr/lib/python3/dist-packages/colcon_core/task/python/colcon_distutils_commands:/home/dario/Desktop/aerial_project/ros2_ws/install/aerial_grasping_control/lib/python3.10/site-packages:${PYTHONPATH} /usr/bin/python3 -W ignore:setup.py install is deprecated -W ignore:easy_install command is deprecated setup.py develop --editable --build-directory /home/dario/Desktop/aerial_project/ros2_ws/build/aerial_grasping_control/build --no-deps symlink_data
[1.112s] INFO:colcon.colcon_core.shell:Creating environment descriptor '/home/dario/Desktop/aerial_project/ros2_ws/build/aerial_grasping_control/share/aerial_grasping_control/hook/pythonpath_develop.dsv'
[1.112s] INFO:colcon.colcon_core.shell:Creating environment hook '/home/dario/Desktop/aerial_project/ros2_ws/build/aerial_grasping_control/share/aerial_grasping_control/hook/pythonpath_develop.sh'
[1.115s] Level 1:colcon.colcon_core.environment:checking '/home/dario/Desktop/aerial_project/ros2_ws/install/aerial_grasping_control' for CMake module files
[1.115s] Level 1:colcon.colcon_core.environment:checking '/home/dario/Desktop/aerial_project/ros2_ws/install/aerial_grasping_control' for CMake config files
[1.116s] Level 1:colcon.colcon_core.environment:checking '/home/dario/Desktop/aerial_project/ros2_ws/install/aerial_grasping_control/lib'
[1.116s] Level 1:colcon.colcon_core.environment:checking '/home/dario/Desktop/aerial_project/ros2_ws/install/aerial_grasping_control/bin'
[1.116s] Level 1:colcon.colcon_core.environment:checking '/home/dario/Desktop/aerial_project/ros2_ws/install/aerial_grasping_control/lib/pkgconfig/aerial_grasping_control.pc'
[1.116s] Level 1:colcon.colcon_core.environment:checking '/home/dario/Desktop/aerial_project/ros2_ws/install/aerial_grasping_control/lib/python3.10/site-packages'
[1.116s] Level 1:colcon.colcon_core.shell:create_environment_hook('aerial_grasping_control', 'pythonpath')
[1.117s] INFO:colcon.colcon_core.shell:Creating environment hook '/home/dario/Desktop/aerial_project/ros2_ws/install/aerial_grasping_control/share/aerial_grasping_control/hook/pythonpath.ps1'
[1.117s] INFO:colcon.colcon_core.shell:Creating environment descriptor '/home/dario/Desktop/aerial_project/ros2_ws/install/aerial_grasping_control/share/aerial_grasping_control/hook/pythonpath.dsv'
[1.117s] INFO:colcon.colcon_core.shell:Creating environment hook '/home/dario/Desktop/aerial_project/ros2_ws/install/aerial_grasping_control/share/aerial_grasping_control/hook/pythonpath.sh'
[1.118s] Level 1:colcon.colcon_core.environment:checking '/home/dario/Desktop/aerial_project/ros2_ws/install/aerial_grasping_control/bin'
[1.118s] Level 1:colcon.colcon_core.environment:create_environment_scripts_only(aerial_grasping_control)
[1.118s] INFO:colcon.colcon_core.shell:Creating package script '/home/dario/Desktop/aerial_project/ros2_ws/install/aerial_grasping_control/share/aerial_grasping_control/package.ps1'
[1.119s] INFO:colcon.colcon_core.shell:Creating package descriptor '/home/dario/Desktop/aerial_project/ros2_ws/install/aerial_grasping_control/share/aerial_grasping_control/package.dsv'
[1.120s] INFO:colcon.colcon_core.shell:Creating package script '/home/dario/Desktop/aerial_project/ros2_ws/install/aerial_grasping_control/share/aerial_grasping_control/package.sh'
[1.121s] INFO:colcon.colcon_core.shell:Creating package script '/home/dario/Desktop/aerial_project/ros2_ws/install/aerial_grasping_control/share/aerial_grasping_control/package.bash'
[1.121s] INFO:colcon.colcon_core.shell:Creating package script '/home/dario/Desktop/aerial_project/ros2_ws/install/aerial_grasping_control/share/aerial_grasping_control/package.zsh'
[1.122s] Level 1:colcon.colcon_core.environment:create_file_with_runtime_dependencies(/home/dario/Desktop/aerial_project/ros2_ws/install/aerial_grasping_control/share/colcon-core/packages/aerial_grasping_control)
[1.157s] Level 1:colcon.colcon_core.shell:create_environment_hook('aerial_grasping_bringup', 'pythonpath_develop')
[1.158s] INFO:colcon.colcon_core.shell:Creating environment hook '/home/dario/Desktop/aerial_project/ros2_ws/build/aerial_grasping_bringup/share/aerial_grasping_bringup/hook/pythonpath_develop.ps1'
[1.158s] DEBUG:colcon.colcon_core.event_handler.log_command:Invoked command in '/home/dario/Desktop/aerial_project/ros2_ws/build/aerial_grasping_bringup' returned '0': CONDA_PROMPT_MODIFIER=(base) PYTHONPATH=/home/dario/Desktop/aerial_project/ros2_ws/build/aerial_grasping_bringup/prefix_override:/usr/lib/python3/dist-packages/colcon_core/task/python/colcon_distutils_commands:/home/dario/Desktop/aerial_project/ros2_ws/install/aerial_grasping_bringup/lib/python3.10/site-packages:${PYTHONPATH} /usr/bin/python3 -W ignore:setup.py install is deprecated -W ignore:easy_install command is deprecated setup.py develop --editable --build-directory /home/dario/Desktop/aerial_project/ros2_ws/build/aerial_grasping_bringup/build --no-deps symlink_data
[1.158s] INFO:colcon.colcon_core.shell:Creating environment descriptor '/home/dario/Desktop/aerial_project/ros2_ws/build/aerial_grasping_bringup/share/aerial_grasping_bringup/hook/pythonpath_develop.dsv'
[1.159s] INFO:colcon.colcon_core.shell:Creating environment hook '/home/dario/Desktop/aerial_project/ros2_ws/build/aerial_grasping_bringup/share/aerial_grasping_bringup/hook/pythonpath_develop.sh'
[1.159s] Level 1:colcon.colcon_core.environment:checking '/home/dario/Desktop/aerial_project/ros2_ws/install/aerial_grasping_bringup' for CMake module files
[1.159s] Level 1:colcon.colcon_core.environment:checking '/home/dario/Desktop/aerial_project/ros2_ws/install/aerial_grasping_bringup' for CMake config files
[1.159s] Level 1:colcon.colcon_core.environment:checking '/home/dario/Desktop/aerial_project/ros2_ws/install/aerial_grasping_bringup/lib'
[1.160s] Level 1:colcon.colcon_core.environment:checking '/home/dario/Desktop/aerial_project/ros2_ws/install/aerial_grasping_bringup/bin'
[1.160s] Level 1:colcon.colcon_core.environment:checking '/home/dario/Desktop/aerial_project/ros2_ws/install/aerial_grasping_bringup/lib/pkgconfig/aerial_grasping_bringup.pc'
[1.160s] Level 1:colcon.colcon_core.environment:checking '/home/dario/Desktop/aerial_project/ros2_ws/install/aerial_grasping_bringup/lib/python3.10/site-packages'
[1.160s] Level 1:colcon.colcon_core.shell:create_environment_hook('aerial_grasping_bringup', 'pythonpath')
[1.160s] INFO:colcon.colcon_core.shell:Creating environment hook '/home/dario/Desktop/aerial_project/ros2_ws/install/aerial_grasping_bringup/share/aerial_grasping_bringup/hook/pythonpath.ps1'
[1.160s] INFO:colcon.colcon_core.shell:Creating environment descriptor '/home/dario/Desktop/aerial_project/ros2_ws/install/aerial_grasping_bringup/share/aerial_grasping_bringup/hook/pythonpath.dsv'
[1.160s] INFO:colcon.colcon_core.shell:Creating environment hook '/home/dario/Desktop/aerial_project/ros2_ws/install/aerial_grasping_bringup/share/aerial_grasping_bringup/hook/pythonpath.sh'
[1.161s] Level 1:colcon.colcon_core.environment:checking '/home/dario/Desktop/aerial_project/ros2_ws/install/aerial_grasping_bringup/bin'
[1.161s] Level 1:colcon.colcon_core.environment:create_environment_scripts_only(aerial_grasping_bringup)
[1.161s] INFO:colcon.colcon_core.shell:Creating package script '/home/dario/Desktop/aerial_project/ros2_ws/install/aerial_grasping_bringup/share/aerial_grasping_bringup/package.ps1'
[1.161s] INFO:colcon.colcon_core.shell:Creating package descriptor '/home/dario/Desktop/aerial_project/ros2_ws/install/aerial_grasping_bringup/share/aerial_grasping_bringup/package.dsv'
[1.161s] INFO:colcon.colcon_core.shell:Creating package script '/home/dario/Desktop/aerial_project/ros2_ws/install/aerial_grasping_bringup/share/aerial_grasping_bringup/package.sh'
[1.162s] INFO:colcon.colcon_core.shell:Creating package script '/home/dario/Desktop/aerial_project/ros2_ws/install/aerial_grasping_bringup/share/aerial_grasping_bringup/package.bash'
[1.162s] INFO:colcon.colcon_core.shell:Creating package script '/home/dario/Desktop/aerial_project/ros2_ws/install/aerial_grasping_bringup/share/aerial_grasping_bringup/package.zsh'
[1.162s] Level 1:colcon.colcon_core.environment:create_file_with_runtime_dependencies(/home/dario/Desktop/aerial_project/ros2_ws/install/aerial_grasping_bringup/share/colcon-core/packages/aerial_grasping_bringup)
[1.529s] DEBUG:colcon.colcon_core.event_handler.log_command:Invoked command in '/home/dario/Desktop/aerial_project/ros2_ws/build/aerial_grasping_description' returned '0': CMAKE_PREFIX_PATH=${CMAKE_PREFIX_PATH}:/home/dario/Desktop/aerial_project/ros2_ws/install/aerial_grasping_control:/home/dario/Desktop/aerial_project/ros2_ws/install/aerial_grasping_bringup:/opt/ros/humble CONDA_PROMPT_MODIFIER=(base) /usr/bin/cmake /home/dario/Desktop/aerial_project/ros2_ws/src/aerial_grasping_description -DAMENT_CMAKE_SYMLINK_INSTALL=1 -DCMAKE_INSTALL_PREFIX=/home/dario/Desktop/aerial_project/ros2_ws/install/aerial_grasping_description
[1.531s] DEBUG:colcon.colcon_core.event_handler.log_command:Invoking command in '/home/dario/Desktop/aerial_project/ros2_ws/build/aerial_grasping_description': CMAKE_PREFIX_PATH=${CMAKE_PREFIX_PATH}:/home/dario/Desktop/aerial_project/ros2_ws/install/aerial_grasping_control:/home/dario/Desktop/aerial_project/ros2_ws/install/aerial_grasping_bringup:/opt/ros/humble CONDA_PROMPT_MODIFIER=(base) /usr/bin/cmake --build /home/dario/Desktop/aerial_project/ros2_ws/build/aerial_grasping_description -- -j22 -l22
[1.569s] DEBUG:colcon.colcon_core.event_handler.log_command:Invoked command in '/home/dario/Desktop/aerial_project/ros2_ws/build/aerial_grasping_description' returned '0': CMAKE_PREFIX_PATH=${CMAKE_PREFIX_PATH}:/home/dario/Desktop/aerial_project/ros2_ws/install/aerial_grasping_control:/home/dario/Desktop/aerial_project/ros2_ws/install/aerial_grasping_bringup:/opt/ros/humble CONDA_PROMPT_MODIFIER=(base) /usr/bin/cmake --build /home/dario/Desktop/aerial_project/ros2_ws/build/aerial_grasping_description -- -j22 -l22
[1.575s] DEBUG:colcon.colcon_core.event_handler.log_command:Invoking command in '/home/dario/Desktop/aerial_project/ros2_ws/build/aerial_grasping_description': CMAKE_PREFIX_PATH=${CMAKE_PREFIX_PATH}:/home/dario/Desktop/aerial_project/ros2_ws/install/aerial_grasping_control:/home/dario/Desktop/aerial_project/ros2_ws/install/aerial_grasping_bringup:/opt/ros/humble CONDA_PROMPT_MODIFIER=(base) /usr/bin/cmake --install /home/dario/Desktop/aerial_project/ros2_ws/build/aerial_grasping_description
[1.707s] Level 1:colcon.colcon_core.environment:create_environment_scripts_only(aerial_grasping_description)
[1.708s] Level 1:colcon.colcon_core.environment:checking '/home/dario/Desktop/aerial_project/ros2_ws/install/aerial_grasping_description' for CMake module files
[1.708s] DEBUG:colcon.colcon_core.event_handler.log_command:Invoked command in '/home/dario/Desktop/aerial_project/ros2_ws/build/aerial_grasping_description' returned '0': CMAKE_PREFIX_PATH=${CMAKE_PREFIX_PATH}:/home/dario/Desktop/aerial_project/ros2_ws/install/aerial_grasping_control:/home/dario/Desktop/aerial_project/ros2_ws/install/aerial_grasping_bringup:/opt/ros/humble CONDA_PROMPT_MODIFIER=(base) /usr/bin/cmake --install /home/dario/Desktop/aerial_project/ros2_ws/build/aerial_grasping_description
[1.709s] Level 1:colcon.colcon_core.environment:checking '/home/dario/Desktop/aerial_project/ros2_ws/install/aerial_grasping_description' for CMake config files
[1.709s] Level 1:colcon.colcon_core.shell:create_environment_hook('aerial_grasping_description', 'cmake_prefix_path')
[1.709s] INFO:colcon.colcon_core.shell:Creating environment hook '/home/dario/Desktop/aerial_project/ros2_ws/install/aerial_grasping_description/share/aerial_grasping_description/hook/cmake_prefix_path.ps1'
[1.710s] INFO:colcon.colcon_core.shell:Creating environment descriptor '/home/dario/Desktop/aerial_project/ros2_ws/install/aerial_grasping_description/share/aerial_grasping_description/hook/cmake_prefix_path.dsv'
[1.710s] INFO:colcon.colcon_core.shell:Creating environment hook '/home/dario/Desktop/aerial_project/ros2_ws/install/aerial_grasping_description/share/aerial_grasping_description/hook/cmake_prefix_path.sh'
[1.711s] Level 1:colcon.colcon_core.environment:checking '/home/dario/Desktop/aerial_project/ros2_ws/install/aerial_grasping_description/bin'
[1.711s] Level 1:colcon.colcon_core.environment:checking '/home/dario/Desktop/aerial_project/ros2_ws/install/aerial_grasping_description/lib/pkgconfig/aerial_grasping_description.pc'
[1.711s] Level 1:colcon.colcon_core.environment:checking '/home/dario/Desktop/aerial_project/ros2_ws/install/aerial_grasping_description/lib/python3.10/site-packages'
[1.711s] Level 1:colcon.colcon_core.environment:checking '/home/dario/Desktop/aerial_project/ros2_ws/install/aerial_grasping_description/bin'
[1.711s] INFO:colcon.colcon_core.shell:Creating package script '/home/dario/Desktop/aerial_project/ros2_ws/install/aerial_grasping_description/share/aerial_grasping_description/package.ps1'
[1.712s] INFO:colcon.colcon_core.shell:Creating package descriptor '/home/dario/Desktop/aerial_project/ros2_ws/install/aerial_grasping_description/share/aerial_grasping_description/package.dsv'
[1.712s] INFO:colcon.colcon_core.shell:Creating package script '/home/dario/Desktop/aerial_project/ros2_ws/install/aerial_grasping_description/share/aerial_grasping_description/package.sh'
[1.713s] INFO:colcon.colcon_core.shell:Creating package script '/home/dario/Desktop/aerial_project/ros2_ws/install/aerial_grasping_description/share/aerial_grasping_description/package.bash'
[1.713s] INFO:colcon.colcon_core.shell:Creating package script '/home/dario/Desktop/aerial_project/ros2_ws/install/aerial_grasping_description/share/aerial_grasping_description/package.zsh'
[1.714s] Level 1:colcon.colcon_core.environment:create_file_with_runtime_dependencies(/home/dario/Desktop/aerial_project/ros2_ws/install/aerial_grasping_description/share/colcon-core/packages/aerial_grasping_description)
[1.714s] Level 1:colcon.colcon_core.environment:create_environment_scripts_only(aerial_grasping_description)
[1.714s] Level 1:colcon.colcon_core.environment:checking '/home/dario/Desktop/aerial_project/ros2_ws/install/aerial_grasping_description' for CMake module files
[1.715s] Level 1:colcon.colcon_core.environment:checking '/home/dario/Desktop/aerial_project/ros2_ws/install/aerial_grasping_description' for CMake config files
[1.715s] Level 1:colcon.colcon_core.shell:create_environment_hook('aerial_grasping_description', 'cmake_prefix_path')
[1.715s] INFO:colcon.colcon_core.shell:Creating environment hook '/home/dario/Desktop/aerial_project/ros2_ws/install/aerial_grasping_description/share/aerial_grasping_description/hook/cmake_prefix_path.ps1'
[1.715s] INFO:colcon.colcon_core.shell:Creating environment descriptor '/home/dario/Desktop/aerial_project/ros2_ws/install/aerial_grasping_description/share/aerial_grasping_description/hook/cmake_prefix_path.dsv'
[1.715s] INFO:colcon.colcon_core.shell:Creating environment hook '/home/dario/Desktop/aerial_project/ros2_ws/install/aerial_grasping_description/share/aerial_grasping_description/hook/cmake_prefix_path.sh'
[1.716s] Level 1:colcon.colcon_core.environment:checking '/home/dario/Desktop/aerial_project/ros2_ws/install/aerial_grasping_description/bin'
[1.716s] Level 1:colcon.colcon_core.environment:checking '/home/dario/Desktop/aerial_project/ros2_ws/install/aerial_grasping_description/lib/pkgconfig/aerial_grasping_description.pc'
[1.716s] Level 1:colcon.colcon_core.environment:checking '/home/dario/Desktop/aerial_project/ros2_ws/install/aerial_grasping_description/lib/python3.10/site-packages'
[1.716s] Level 1:colcon.colcon_core.environment:checking '/home/dario/Desktop/aerial_project/ros2_ws/install/aerial_grasping_description/bin'
[1.716s] INFO:colcon.colcon_core.shell:Creating package script '/home/dario/Desktop/aerial_project/ros2_ws/install/aerial_grasping_description/share/aerial_grasping_description/package.ps1'
[1.716s] INFO:colcon.colcon_core.shell:Creating package descriptor '/home/dario/Desktop/aerial_project/ros2_ws/install/aerial_grasping_description/share/aerial_grasping_description/package.dsv'
[1.717s] INFO:colcon.colcon_core.shell:Creating package script '/home/dario/Desktop/aerial_project/ros2_ws/install/aerial_grasping_description/share/aerial_grasping_description/package.sh'
[1.717s] INFO:colcon.colcon_core.shell:Creating package script '/home/dario/Desktop/aerial_project/ros2_ws/install/aerial_grasping_description/share/aerial_grasping_description/package.bash'
[1.718s] INFO:colcon.colcon_core.shell:Creating package script '/home/dario/Desktop/aerial_project/ros2_ws/install/aerial_grasping_description/share/aerial_grasping_description/package.zsh'
[1.718s] Level 1:colcon.colcon_core.environment:create_file_with_runtime_dependencies(/home/dario/Desktop/aerial_project/ros2_ws/install/aerial_grasping_description/share/colcon-core/packages/aerial_grasping_description)
[1.718s] DEBUG:colcon.colcon_parallel_executor.executor.parallel:closing loop
[1.719s] DEBUG:colcon.colcon_parallel_executor.executor.parallel:loop closed
[1.719s] DEBUG:colcon.colcon_parallel_executor.executor.parallel:run_until_complete finished with '0'
[1.719s] DEBUG:colcon.colcon_core.event_reactor:joining thread
[1.723s] INFO:colcon.colcon_core.plugin_system:Skipping extension 'colcon_notification.desktop_notification.terminal_notifier': Not used on non-Darwin systems
[1.723s] INFO:colcon.colcon_core.plugin_system:Skipping extension 'colcon_notification.desktop_notification.win32': Not used on non-Windows systems
[1.723s] INFO:colcon.colcon_notification.desktop_notification:Sending desktop notification using 'notify2'
[1.733s] DEBUG:colcon.colcon_core.event_reactor:joined thread
[1.733s] INFO:colcon.colcon_core.shell:Creating prefix script '/home/dario/Desktop/aerial_project/ros2_ws/install/local_setup.ps1'
[1.734s] INFO:colcon.colcon_core.shell:Creating prefix util module '/home/dario/Desktop/aerial_project/ros2_ws/install/_local_setup_util_ps1.py'
[1.735s] INFO:colcon.colcon_core.shell:Creating prefix chain script '/home/dario/Desktop/aerial_project/ros2_ws/install/setup.ps1'
[1.736s] INFO:colcon.colcon_core.shell:Creating prefix script '/home/dario/Desktop/aerial_project/ros2_ws/install/local_setup.sh'
[1.737s] INFO:colcon.colcon_core.shell:Creating prefix util module '/home/dario/Desktop/aerial_project/ros2_ws/install/_local_setup_util_sh.py'
[1.737s] INFO:colcon.colcon_core.shell:Creating prefix chain script '/home/dario/Desktop/aerial_project/ros2_ws/install/setup.sh'
[1.737s] INFO:colcon.colcon_core.shell:Creating prefix script '/home/dario/Desktop/aerial_project/ros2_ws/install/local_setup.bash'
[1.738s] INFO:colcon.colcon_core.shell:Creating prefix chain script '/home/dario/Desktop/aerial_project/ros2_ws/install/setup.bash'
[1.738s] INFO:colcon.colcon_core.shell:Creating prefix script '/home/dario/Desktop/aerial_project/ros2_ws/install/local_setup.zsh'
[1.738s] INFO:colcon.colcon_core.shell:Creating prefix chain script '/home/dario/Desktop/aerial_project/ros2_ws/install/setup.zsh'
