[0.057s] DEBUG:colcon:Command line arguments: ['/usr/bin/colcon', 'build', '--packages-select', 'aerial_grasping_description']
[0.057s] DEBUG:colcon:Parsed command line arguments: Namespace(log_base=None, log_level=None, verb_name='build', build_base='build', install_base='install', merge_install=False, symlink_install=False, test_result_base=None, continue_on_error=False, executor='parallel', parallel_workers=22, event_handlers=None, ignore_user_meta=False, metas=['./colcon.meta'], base_paths=['.'], packages_ignore=None, packages_ignore_regex=None, paths=None, packages_up_to=None, packages_up_to_regex=None, packages_above=None, packages_above_and_dependencies=None, packages_above_depth=None, packages_select_by_dep=None, packages_skip_by_dep=None, packages_skip_up_to=None, packages_select_build_failed=False, packages_skip_build_finished=False, packages_select_test_failures=False, packages_skip_test_passed=False, packages_select=['aerial_grasping_description'], packages_skip=None, packages_select_regex=None, packages_skip_regex=None, packages_start=None, packages_end=None, allow_overriding=[], cmake_args=None, cmake_target=None, cmake_target_skip_unavailable=False, cmake_clean_cache=False, cmake_clean_first=False, cmake_force_configure=False, ament_cmake_args=None, catkin_cmake_args=None, catkin_skip_building_tests=False, mixin_files=None, mixin=None, verb_parser=<colcon_mixin.mixin.mixin_argument.MixinArgumentDecorator object at 0x73021a0132b0>, verb_extension=<colcon_core.verb.build.BuildVerb object at 0x73021a012e00>, main=<bound method BuildVerb.main of <colcon_core.verb.build.BuildVerb object at 0x73021a012e00>>, mixin_verb=('build',))
[0.151s] Level 1:colcon.colcon_core.package_discovery:discover_packages(colcon_meta) check parameters
[0.151s] Level 1:colcon.colcon_core.package_discovery:discover_packages(recursive) check parameters
[0.151s] Level 1:colcon.colcon_core.package_discovery:discover_packages(ignore) check parameters
[0.151s] Level 1:colcon.colcon_core.package_discovery:discover_packages(path) check parameters
[0.151s] Level 1:colcon.colcon_core.package_discovery:discover_packages(colcon_meta) discover
[0.152s] Level 1:colcon.colcon_core.package_discovery:discover_packages(recursive) discover
[0.152s] INFO:colcon.colcon_core.package_discovery:Crawling recursively for packages in '/home/dario/Desktop/Aerial-Grasping---Adaptive-Control/ros2_ws'
[0.152s] Level 1:colcon.colcon_core.package_identification:_identify(.) by extensions ['ignore', 'ignore_ament_install']
[0.152s] Level 1:colcon.colcon_core.package_identification:_identify(.) by extension 'ignore'
[0.152s] Level 1:colcon.colcon_core.package_identification:_identify(.) by extension 'ignore_ament_install'
[0.152s] Level 1:colcon.colcon_core.package_identification:_identify(.) by extensions ['colcon_pkg']
[0.152s] Level 1:colcon.colcon_core.package_identification:_identify(.) by extension 'colcon_pkg'
[0.152s] Level 1:colcon.colcon_core.package_identification:_identify(.) by extensions ['colcon_meta']
[0.152s] Level 1:colcon.colcon_core.package_identification:_identify(.) by extension 'colcon_meta'
[0.152s] Level 1:colcon.colcon_core.package_identification:_identify(.) by extensions ['ros']
[0.152s] Level 1:colcon.colcon_core.package_identification:_identify(.) by extension 'ros'
[0.163s] Level 1:colcon.colcon_core.package_identification:_identify(.) by extensions ['cmake', 'python']
[0.163s] Level 1:colcon.colcon_core.package_identification:_identify(.) by extension 'cmake'
[0.163s] Level 1:colcon.colcon_core.package_identification:_identify(.) by extension 'python'
[0.163s] Level 1:colcon.colcon_core.package_identification:_identify(.) by extensions ['python_setup_py']
[0.163s] Level 1:colcon.colcon_core.package_identification:_identify(.) by extension 'python_setup_py'
[0.163s] Level 1:colcon.colcon_core.package_identification:_identify(build) by extensions ['ignore', 'ignore_ament_install']
[0.163s] Level 1:colcon.colcon_core.package_identification:_identify(build) by extension 'ignore'
[0.163s] Level 1:colcon.colcon_core.package_identification:_identify(build) ignored
[0.163s] Level 1:colcon.colcon_core.package_identification:_identify(install) by extensions ['ignore', 'ignore_ament_install']
[0.163s] Level 1:colcon.colcon_core.package_identification:_identify(install) by extension 'ignore'
[0.163s] Level 1:colcon.colcon_core.package_identification:_identify(install) ignored
[0.163s] Level 1:colcon.colcon_core.package_identification:_identify(log) by extensions ['ignore', 'ignore_ament_install']
[0.163s] Level 1:colcon.colcon_core.package_identification:_identify(log) by extension 'ignore'
[0.163s] Level 1:colcon.colcon_core.package_identification:_identify(log) ignored
[0.163s] Level 1:colcon.colcon_core.package_identification:_identify(src) by extensions ['ignore', 'ignore_ament_install']
[0.163s] Level 1:colcon.colcon_core.package_identification:_identify(src) by extension 'ignore'
[0.163s] Level 1:colcon.colcon_core.package_identification:_identify(src) by extension 'ignore_ament_install'
[0.163s] Level 1:colcon.colcon_core.package_identification:_identify(src) by extensions ['colcon_pkg']
[0.163s] Level 1:colcon.colcon_core.package_identification:_identify(src) by extension 'colcon_pkg'
[0.163s] Level 1:colcon.colcon_core.package_identification:_identify(src) by extensions ['colcon_meta']
[0.164s] Level 1:colcon.colcon_core.package_identification:_identify(src) by extension 'colcon_meta'
[0.164s] Level 1:colcon.colcon_core.package_identification:_identify(src) by extensions ['ros']
[0.164s] Level 1:colcon.colcon_core.package_identification:_identify(src) by extension 'ros'
[0.164s] Level 1:colcon.colcon_core.package_identification:_identify(src) by extensions ['cmake', 'python']
[0.164s] Level 1:colcon.colcon_core.package_identification:_identify(src) by extension 'cmake'
[0.164s] Level 1:colcon.colcon_core.package_identification:_identify(src) by extension 'python'
[0.164s] Level 1:colcon.colcon_core.package_identification:_identify(src) by extensions ['python_setup_py']
[0.164s] Level 1:colcon.colcon_core.package_identification:_identify(src) by extension 'python_setup_py'
[0.164s] Level 1:colcon.colcon_core.package_identification:_identify(src/aerial_grasping_bringup) by extensions ['ignore', 'ignore_ament_install']
[0.164s] Level 1:colcon.colcon_core.package_identification:_identify(src/aerial_grasping_bringup) by extension 'ignore'
[0.164s] Level 1:colcon.colcon_core.package_identification:_identify(src/aerial_grasping_bringup) by extension 'ignore_ament_install'
[0.164s] Level 1:colcon.colcon_core.package_identification:_identify(src/aerial_grasping_bringup) by extensions ['colcon_pkg']
[0.164s] Level 1:colcon.colcon_core.package_identification:_identify(src/aerial_grasping_bringup) by extension 'colcon_pkg'
[0.164s] Level 1:colcon.colcon_core.package_identification:_identify(src/aerial_grasping_bringup) by extensions ['colcon_meta']
[0.164s] Level 1:colcon.colcon_core.package_identification:_identify(src/aerial_grasping_bringup) by extension 'colcon_meta'
[0.164s] Level 1:colcon.colcon_core.package_identification:_identify(src/aerial_grasping_bringup) by extensions ['ros']
[0.164s] Level 1:colcon.colcon_core.package_identification:_identify(src/aerial_grasping_bringup) by extension 'ros'
[0.165s] DEBUG:colcon.colcon_core.package_identification:Package 'src/aerial_grasping_bringup' with type 'ros.ament_python' and name 'aerial_grasping_bringup'
[0.165s] Level 1:colcon.colcon_core.package_identification:_identify(src/aerial_grasping_control) by extensions ['ignore', 'ignore_ament_install']
[0.165s] Level 1:colcon.colcon_core.package_identification:_identify(src/aerial_grasping_control) by extension 'ignore'
[0.165s] Level 1:colcon.colcon_core.package_identification:_identify(src/aerial_grasping_control) by extension 'ignore_ament_install'
[0.165s] Level 1:colcon.colcon_core.package_identification:_identify(src/aerial_grasping_control) by extensions ['colcon_pkg']
[0.165s] Level 1:colcon.colcon_core.package_identification:_identify(src/aerial_grasping_control) by extension 'colcon_pkg'
[0.165s] Level 1:colcon.colcon_core.package_identification:_identify(src/aerial_grasping_control) by extensions ['colcon_meta']
[0.165s] Level 1:colcon.colcon_core.package_identification:_identify(src/aerial_grasping_control) by extension 'colcon_meta'
[0.165s] Level 1:colcon.colcon_core.package_identification:_identify(src/aerial_grasping_control) by extensions ['ros']
[0.165s] Level 1:colcon.colcon_core.package_identification:_identify(src/aerial_grasping_control) by extension 'ros'
[0.166s] DEBUG:colcon.colcon_core.package_identification:Package 'src/aerial_grasping_control' with type 'ros.ament_python' and name 'aerial_grasping_control'
[0.166s] Level 1:colcon.colcon_core.package_identification:_identify(src/aerial_grasping_description) by extensions ['ignore', 'ignore_ament_install']
[0.166s] Level 1:colcon.colcon_core.package_identification:_identify(src/aerial_grasping_description) by extension 'ignore'
[0.166s] Level 1:colcon.colcon_core.package_identification:_identify(src/aerial_grasping_description) by extension 'ignore_ament_install'
[0.166s] Level 1:colcon.colcon_core.package_identification:_identify(src/aerial_grasping_description) by extensions ['colcon_pkg']
[0.166s] Level 1:colcon.colcon_core.package_identification:_identify(src/aerial_grasping_description) by extension 'colcon_pkg'
[0.166s] Level 1:colcon.colcon_core.package_identification:_identify(src/aerial_grasping_description) by extensions ['colcon_meta']
[0.166s] Level 1:colcon.colcon_core.package_identification:_identify(src/aerial_grasping_description) by extension 'colcon_meta'
[0.166s] Level 1:colcon.colcon_core.package_identification:_identify(src/aerial_grasping_description) by extensions ['ros']
[0.166s] Level 1:colcon.colcon_core.package_identification:_identify(src/aerial_grasping_description) by extension 'ros'
[0.166s] DEBUG:colcon.colcon_core.package_identification:Package 'src/aerial_grasping_description' with type 'ros.ament_cmake' and name 'aerial_grasping_description'
[0.166s] Level 1:colcon.colcon_core.package_identification:_identify(src/aerial_grasping_gazebo) by extensions ['ignore', 'ignore_ament_install']
[0.166s] Level 1:colcon.colcon_core.package_identification:_identify(src/aerial_grasping_gazebo) by extension 'ignore'
[0.166s] Level 1:colcon.colcon_core.package_identification:_identify(src/aerial_grasping_gazebo) by extension 'ignore_ament_install'
[0.166s] Level 1:colcon.colcon_core.package_identification:_identify(src/aerial_grasping_gazebo) by extensions ['colcon_pkg']
[0.166s] Level 1:colcon.colcon_core.package_identification:_identify(src/aerial_grasping_gazebo) by extension 'colcon_pkg'
[0.166s] Level 1:colcon.colcon_core.package_identification:_identify(src/aerial_grasping_gazebo) by extensions ['colcon_meta']
[0.166s] Level 1:colcon.colcon_core.package_identification:_identify(src/aerial_grasping_gazebo) by extension 'colcon_meta'
[0.166s] Level 1:colcon.colcon_core.package_identification:_identify(src/aerial_grasping_gazebo) by extensions ['ros']
[0.166s] Level 1:colcon.colcon_core.package_identification:_identify(src/aerial_grasping_gazebo) by extension 'ros'
[0.167s] DEBUG:colcon.colcon_core.package_identification:Package 'src/aerial_grasping_gazebo' with type 'ros.ament_cmake' and name 'aerial_grasping_gazebo'
[0.167s] Level 1:colcon.colcon_core.package_discovery:discover_packages(recursive) using defaults
[0.167s] Level 1:colcon.colcon_core.package_discovery:discover_packages(ignore) discover
[0.167s] Level 1:colcon.colcon_core.package_discovery:discover_packages(ignore) using defaults
[0.167s] Level 1:colcon.colcon_core.package_discovery:discover_packages(path) discover
[0.167s] Level 1:colcon.colcon_core.package_discovery:discover_packages(path) using defaults
[0.177s] INFO:colcon.colcon_core.package_selection:Skipping not selected package 'aerial_grasping_bringup' in 'src/aerial_grasping_bringup'
[0.178s] INFO:colcon.colcon_core.package_selection:Skipping not selected package 'aerial_grasping_control' in 'src/aerial_grasping_control'
[0.178s] INFO:colcon.colcon_core.package_selection:Skipping not selected package 'aerial_grasping_gazebo' in 'src/aerial_grasping_gazebo'
[0.178s] Level 1:colcon.colcon_core.package_discovery:discover_packages(prefix_path) check parameters
[0.178s] Level 1:colcon.colcon_core.package_discovery:discover_packages(prefix_path) discover
[0.179s] DEBUG:colcon.colcon_installed_package_information.package_discovery:Found 332 installed packages in /opt/ros/humble
[0.180s] Level 1:colcon.colcon_core.package_discovery:discover_packages(prefix_path) using defaults
[0.201s] Level 5:colcon.colcon_core.verb:set package 'aerial_grasping_description' build argument 'cmake_args' from command line to 'None'
[0.201s] Level 5:colcon.colcon_core.verb:set package 'aerial_grasping_description' build argument 'cmake_target' from command line to 'None'
[0.201s] Level 5:colcon.colcon_core.verb:set package 'aerial_grasping_description' build argument 'cmake_target_skip_unavailable' from command line to 'False'
[0.202s] Level 5:colcon.colcon_core.verb:set package 'aerial_grasping_description' build argument 'cmake_clean_cache' from command line to 'False'
[0.202s] Level 5:colcon.colcon_core.verb:set package 'aerial_grasping_description' build argument 'cmake_clean_first' from command line to 'False'
[0.202s] Level 5:colcon.colcon_core.verb:set package 'aerial_grasping_description' build argument 'cmake_force_configure' from command line to 'False'
[0.202s] Level 5:colcon.colcon_core.verb:set package 'aerial_grasping_description' build argument 'ament_cmake_args' from command line to 'None'
[0.202s] Level 5:colcon.colcon_core.verb:set package 'aerial_grasping_description' build argument 'catkin_cmake_args' from command line to 'None'
[0.202s] Level 5:colcon.colcon_core.verb:set package 'aerial_grasping_description' build argument 'catkin_skip_building_tests' from command line to 'False'
[0.202s] DEBUG:colcon.colcon_core.verb:Building package 'aerial_grasping_description' with the following arguments: {'ament_cmake_args': None, 'build_base': '/home/dario/Desktop/Aerial-Grasping---Adaptive-Control/ros2_ws/build/aerial_grasping_description', 'catkin_cmake_args': None, 'catkin_skip_building_tests': False, 'cmake_args': None, 'cmake_clean_cache': False, 'cmake_clean_first': False, 'cmake_force_configure': False, 'cmake_target': None, 'cmake_target_skip_unavailable': False, 'install_base': '/home/dario/Desktop/Aerial-Grasping---Adaptive-Control/ros2_ws/install/aerial_grasping_description', 'merge_install': False, 'path': '/home/dario/Desktop/Aerial-Grasping---Adaptive-Control/ros2_ws/src/aerial_grasping_description', 'symlink_install': False, 'test_result_base': None}
[0.202s] INFO:colcon.colcon_core.executor:Executing jobs using 'parallel' executor
[0.203s] DEBUG:colcon.colcon_parallel_executor.executor.parallel:run_until_complete
[0.203s] INFO:colcon.colcon_ros.task.ament_cmake.build:Building ROS package in '/home/dario/Desktop/Aerial-Grasping---Adaptive-Control/ros2_ws/src/aerial_grasping_description' with build type 'ament_cmake'
[0.203s] INFO:colcon.colcon_cmake.task.cmake.build:Building CMake package in '/home/dario/Desktop/Aerial-Grasping---Adaptive-Control/ros2_ws/src/aerial_grasping_description'
[0.205s] INFO:colcon.colcon_core.plugin_system:Skipping extension 'colcon_core.shell.bat': Not used on non-Windows systems
[0.205s] INFO:colcon.colcon_core.shell:Skip shell extension 'powershell' for command environment: Not usable outside of PowerShell
[0.205s] DEBUG:colcon.colcon_core.shell:Skip shell extension 'dsv' for command environment
[0.214s] DEBUG:colcon.colcon_core.event_handler.log_command:Invoking command in '/home/dario/Desktop/Aerial-Grasping---Adaptive-Control/ros2_ws/build/aerial_grasping_description': CMAKE_PREFIX_PATH=/opt/ros/humble /usr/bin/cmake --build /home/dario/Desktop/Aerial-Grasping---Adaptive-Control/ros2_ws/build/aerial_grasping_description -- -j22 -l22
[0.244s] DEBUG:colcon.colcon_core.event_handler.log_command:Invoked command in '/home/dario/Desktop/Aerial-Grasping---Adaptive-Control/ros2_ws/build/aerial_grasping_description' returned '0': CMAKE_PREFIX_PATH=/opt/ros/humble /usr/bin/cmake --build /home/dario/Desktop/Aerial-Grasping---Adaptive-Control/ros2_ws/build/aerial_grasping_description -- -j22 -l22
[0.255s] DEBUG:colcon.colcon_core.event_handler.log_command:Invoking command in '/home/dario/Desktop/Aerial-Grasping---Adaptive-Control/ros2_ws/build/aerial_grasping_description': CMAKE_PREFIX_PATH=/opt/ros/humble /usr/bin/cmake --install /home/dario/Desktop/Aerial-Grasping---Adaptive-Control/ros2_ws/build/aerial_grasping_description
[0.264s] Level 1:colcon.colcon_core.environment:create_environment_scripts_only(aerial_grasping_description)
[0.265s] DEBUG:colcon.colcon_core.event_handler.log_command:Invoked command in '/home/dario/Desktop/Aerial-Grasping---Adaptive-Control/ros2_ws/build/aerial_grasping_description' returned '0': CMAKE_PREFIX_PATH=/opt/ros/humble /usr/bin/cmake --install /home/dario/Desktop/Aerial-Grasping---Adaptive-Control/ros2_ws/build/aerial_grasping_description
[0.266s] Level 1:colcon.colcon_core.environment:checking '/home/dario/Desktop/Aerial-Grasping---Adaptive-Control/ros2_ws/install/aerial_grasping_description' for CMake module files
[0.267s] Level 1:colcon.colcon_core.environment:checking '/home/dario/Desktop/Aerial-Grasping---Adaptive-Control/ros2_ws/install/aerial_grasping_description' for CMake config files
[0.267s] Level 1:colcon.colcon_core.shell:create_environment_hook('aerial_grasping_description', 'cmake_prefix_path')
[0.267s] INFO:colcon.colcon_core.shell:Creating environment hook '/home/dario/Desktop/Aerial-Grasping---Adaptive-Control/ros2_ws/install/aerial_grasping_description/share/aerial_grasping_description/hook/cmake_prefix_path.ps1'
[0.268s] INFO:colcon.colcon_core.shell:Creating environment descriptor '/home/dario/Desktop/Aerial-Grasping---Adaptive-Control/ros2_ws/install/aerial_grasping_description/share/aerial_grasping_description/hook/cmake_prefix_path.dsv'
[0.268s] INFO:colcon.colcon_core.shell:Creating environment hook '/home/dario/Desktop/Aerial-Grasping---Adaptive-Control/ros2_ws/install/aerial_grasping_description/share/aerial_grasping_description/hook/cmake_prefix_path.sh'
[0.268s] Level 1:colcon.colcon_core.environment:checking '/home/dario/Desktop/Aerial-Grasping---Adaptive-Control/ros2_ws/install/aerial_grasping_description/bin'
[0.269s] Level 1:colcon.colcon_core.environment:checking '/home/dario/Desktop/Aerial-Grasping---Adaptive-Control/ros2_ws/install/aerial_grasping_description/lib/pkgconfig/aerial_grasping_description.pc'
[0.269s] Level 1:colcon.colcon_core.environment:checking '/home/dario/Desktop/Aerial-Grasping---Adaptive-Control/ros2_ws/install/aerial_grasping_description/lib/python3.10/site-packages'
[0.269s] Level 1:colcon.colcon_core.environment:checking '/home/dario/Desktop/Aerial-Grasping---Adaptive-Control/ros2_ws/install/aerial_grasping_description/bin'
[0.269s] INFO:colcon.colcon_core.shell:Creating package script '/home/dario/Desktop/Aerial-Grasping---Adaptive-Control/ros2_ws/install/aerial_grasping_description/share/aerial_grasping_description/package.ps1'
[0.269s] INFO:colcon.colcon_core.shell:Creating package descriptor '/home/dario/Desktop/Aerial-Grasping---Adaptive-Control/ros2_ws/install/aerial_grasping_description/share/aerial_grasping_description/package.dsv'
[0.270s] INFO:colcon.colcon_core.shell:Creating package script '/home/dario/Desktop/Aerial-Grasping---Adaptive-Control/ros2_ws/install/aerial_grasping_description/share/aerial_grasping_description/package.sh'
[0.270s] INFO:colcon.colcon_core.shell:Creating package script '/home/dario/Desktop/Aerial-Grasping---Adaptive-Control/ros2_ws/install/aerial_grasping_description/share/aerial_grasping_description/package.bash'
[0.270s] INFO:colcon.colcon_core.shell:Creating package script '/home/dario/Desktop/Aerial-Grasping---Adaptive-Control/ros2_ws/install/aerial_grasping_description/share/aerial_grasping_description/package.zsh'
[0.271s] Level 1:colcon.colcon_core.environment:create_file_with_runtime_dependencies(/home/dario/Desktop/Aerial-Grasping---Adaptive-Control/ros2_ws/install/aerial_grasping_description/share/colcon-core/packages/aerial_grasping_description)
[0.271s] Level 1:colcon.colcon_core.environment:create_environment_scripts_only(aerial_grasping_description)
[0.271s] Level 1:colcon.colcon_core.environment:checking '/home/dario/Desktop/Aerial-Grasping---Adaptive-Control/ros2_ws/install/aerial_grasping_description' for CMake module files
[0.271s] Level 1:colcon.colcon_core.environment:checking '/home/dario/Desktop/Aerial-Grasping---Adaptive-Control/ros2_ws/install/aerial_grasping_description' for CMake config files
[0.271s] Level 1:colcon.colcon_core.shell:create_environment_hook('aerial_grasping_description', 'cmake_prefix_path')
[0.271s] INFO:colcon.colcon_core.shell:Creating environment hook '/home/dario/Desktop/Aerial-Grasping---Adaptive-Control/ros2_ws/install/aerial_grasping_description/share/aerial_grasping_description/hook/cmake_prefix_path.ps1'
[0.272s] INFO:colcon.colcon_core.shell:Creating environment descriptor '/home/dario/Desktop/Aerial-Grasping---Adaptive-Control/ros2_ws/install/aerial_grasping_description/share/aerial_grasping_description/hook/cmake_prefix_path.dsv'
[0.272s] INFO:colcon.colcon_core.shell:Creating environment hook '/home/dario/Desktop/Aerial-Grasping---Adaptive-Control/ros2_ws/install/aerial_grasping_description/share/aerial_grasping_description/hook/cmake_prefix_path.sh'
[0.272s] Level 1:colcon.colcon_core.environment:checking '/home/dario/Desktop/Aerial-Grasping---Adaptive-Control/ros2_ws/install/aerial_grasping_description/bin'
[0.272s] Level 1:colcon.colcon_core.environment:checking '/home/dario/Desktop/Aerial-Grasping---Adaptive-Control/ros2_ws/install/aerial_grasping_description/lib/pkgconfig/aerial_grasping_description.pc'
[0.272s] Level 1:colcon.colcon_core.environment:checking '/home/dario/Desktop/Aerial-Grasping---Adaptive-Control/ros2_ws/install/aerial_grasping_description/lib/python3.10/site-packages'
[0.272s] Level 1:colcon.colcon_core.environment:checking '/home/dario/Desktop/Aerial-Grasping---Adaptive-Control/ros2_ws/install/aerial_grasping_description/bin'
[0.272s] INFO:colcon.colcon_core.shell:Creating package script '/home/dario/Desktop/Aerial-Grasping---Adaptive-Control/ros2_ws/install/aerial_grasping_description/share/aerial_grasping_description/package.ps1'
[0.273s] INFO:colcon.colcon_core.shell:Creating package descriptor '/home/dario/Desktop/Aerial-Grasping---Adaptive-Control/ros2_ws/install/aerial_grasping_description/share/aerial_grasping_description/package.dsv'
[0.273s] INFO:colcon.colcon_core.shell:Creating package script '/home/dario/Desktop/Aerial-Grasping---Adaptive-Control/ros2_ws/install/aerial_grasping_description/share/aerial_grasping_description/package.sh'
[0.273s] INFO:colcon.colcon_core.shell:Creating package script '/home/dario/Desktop/Aerial-Grasping---Adaptive-Control/ros2_ws/install/aerial_grasping_description/share/aerial_grasping_description/package.bash'
[0.273s] INFO:colcon.colcon_core.shell:Creating package script '/home/dario/Desktop/Aerial-Grasping---Adaptive-Control/ros2_ws/install/aerial_grasping_description/share/aerial_grasping_description/package.zsh'
[0.273s] Level 1:colcon.colcon_core.environment:create_file_with_runtime_dependencies(/home/dario/Desktop/Aerial-Grasping---Adaptive-Control/ros2_ws/install/aerial_grasping_description/share/colcon-core/packages/aerial_grasping_description)
[0.273s] DEBUG:colcon.colcon_parallel_executor.executor.parallel:closing loop
[0.274s] DEBUG:colcon.colcon_parallel_executor.executor.parallel:loop closed
[0.274s] DEBUG:colcon.colcon_parallel_executor.executor.parallel:run_until_complete finished with '0'
[0.274s] DEBUG:colcon.colcon_core.event_reactor:joining thread
[0.277s] INFO:colcon.colcon_core.plugin_system:Skipping extension 'colcon_notification.desktop_notification.terminal_notifier': Not used on non-Darwin systems
[0.277s] INFO:colcon.colcon_core.plugin_system:Skipping extension 'colcon_notification.desktop_notification.win32': Not used on non-Windows systems
[0.277s] INFO:colcon.colcon_notification.desktop_notification:Sending desktop notification using 'notify2'
[0.287s] DEBUG:colcon.colcon_core.event_reactor:joined thread
[0.287s] INFO:colcon.colcon_core.shell:Creating prefix script '/home/dario/Desktop/Aerial-Grasping---Adaptive-Control/ros2_ws/install/local_setup.ps1'
[0.288s] INFO:colcon.colcon_core.shell:Creating prefix util module '/home/dario/Desktop/Aerial-Grasping---Adaptive-Control/ros2_ws/install/_local_setup_util_ps1.py'
[0.290s] INFO:colcon.colcon_core.shell:Creating prefix chain script '/home/dario/Desktop/Aerial-Grasping---Adaptive-Control/ros2_ws/install/setup.ps1'
[0.290s] INFO:colcon.colcon_core.shell:Creating prefix script '/home/dario/Desktop/Aerial-Grasping---Adaptive-Control/ros2_ws/install/local_setup.sh'
[0.291s] INFO:colcon.colcon_core.shell:Creating prefix util module '/home/dario/Desktop/Aerial-Grasping---Adaptive-Control/ros2_ws/install/_local_setup_util_sh.py'
[0.291s] INFO:colcon.colcon_core.shell:Creating prefix chain script '/home/dario/Desktop/Aerial-Grasping---Adaptive-Control/ros2_ws/install/setup.sh'
[0.292s] INFO:colcon.colcon_core.shell:Creating prefix script '/home/dario/Desktop/Aerial-Grasping---Adaptive-Control/ros2_ws/install/local_setup.bash'
[0.292s] INFO:colcon.colcon_core.shell:Creating prefix chain script '/home/dario/Desktop/Aerial-Grasping---Adaptive-Control/ros2_ws/install/setup.bash'
[0.293s] INFO:colcon.colcon_core.shell:Creating prefix script '/home/dario/Desktop/Aerial-Grasping---Adaptive-Control/ros2_ws/install/local_setup.zsh'
[0.293s] INFO:colcon.colcon_core.shell:Creating prefix chain script '/home/dario/Desktop/Aerial-Grasping---Adaptive-Control/ros2_ws/install/setup.zsh'
