[35m[1mConsolidate compiler generated dependencies of target motor_thrust_plugin[0m
[ 50%] [32mBuilding CXX object CMakeFiles/motor_thrust_plugin.dir/src/motor_thrust_plugin.cpp.o[0m
[100%] [32m[1mLinking CXX shared library libmotor_thrust_plugin.so[0m
[100%] Built target motor_thrust_plugin
-- Install configuration: ""
-- Installing: /home/dario/Desktop/Aerial-Grasping---Adaptive-Control/ros2_ws/install/aerial_grasping_gazebo/lib/libmotor_thrust_plugin.so
-- Set runtime path of "/home/dario/Desktop/Aerial-Grasping---Adaptive-Control/ros2_ws/install/aerial_grasping_gazebo/lib/libmotor_thrust_plugin.so" to ""
-- Installing: /home/dario/Desktop/Aerial-Grasping---Adaptive-Control/ros2_ws/install/aerial_grasping_gazebo/share/ament_index/resource_index/package_run_dependencies/aerial_grasping_gazebo
-- Installing: /home/dario/Desktop/Aerial-Grasping---Adaptive-Control/ros2_ws/install/aerial_grasping_gazebo/share/ament_index/resource_index/parent_prefix_path/aerial_grasping_gazebo
-- Installing: /home/dario/Desktop/Aerial-Grasping---Adaptive-Control/ros2_ws/install/aerial_grasping_gazebo/share/aerial_grasping_gazebo/environment/ament_prefix_path.sh
-- Installing: /home/dario/Desktop/Aerial-Grasping---Adaptive-Control/ros2_ws/install/aerial_grasping_gazebo/share/aerial_grasping_gazebo/environment/ament_prefix_path.dsv
-- Installing: /home/dario/Desktop/Aerial-Grasping---Adaptive-Control/ros2_ws/install/aerial_grasping_gazebo/share/aerial_grasping_gazebo/environment/path.sh
-- Installing: /home/dario/Desktop/Aerial-Grasping---Adaptive-Control/ros2_ws/install/aerial_grasping_gazebo/share/aerial_grasping_gazebo/environment/path.dsv
-- Installing: /home/dario/Desktop/Aerial-Grasping---Adaptive-Control/ros2_ws/install/aerial_grasping_gazebo/share/aerial_grasping_gazebo/local_setup.bash
-- Installing: /home/dario/Desktop/Aerial-Grasping---Adaptive-Control/ros2_ws/install/aerial_grasping_gazebo/share/aerial_grasping_gazebo/local_setup.sh
-- Installing: /home/dario/Desktop/Aerial-Grasping---Adaptive-Control/ros2_ws/install/aerial_grasping_gazebo/share/aerial_grasping_gazebo/local_setup.zsh
-- Installing: /home/dario/Desktop/Aerial-Grasping---Adaptive-Control/ros2_ws/install/aerial_grasping_gazebo/share/aerial_grasping_gazebo/local_setup.dsv
-- Installing: /home/dario/Desktop/Aerial-Grasping---Adaptive-Control/ros2_ws/install/aerial_grasping_gazebo/share/aerial_grasping_gazebo/package.dsv
-- Installing: /home/dario/Desktop/Aerial-Grasping---Adaptive-Control/ros2_ws/install/aerial_grasping_gazebo/share/ament_index/resource_index/packages/aerial_grasping_gazebo
-- Installing: /home/dario/Desktop/Aerial-Grasping---Adaptive-Control/ros2_ws/install/aerial_grasping_gazebo/share/aerial_grasping_gazebo/cmake/aerial_grasping_gazeboConfig.cmake
-- Installing: /home/dario/Desktop/Aerial-Grasping---Adaptive-Control/ros2_ws/install/aerial_grasping_gazebo/share/aerial_grasping_gazebo/cmake/aerial_grasping_gazeboConfig-version.cmake
-- Installing: /home/dario/Desktop/Aerial-Grasping---Adaptive-Control/ros2_ws/install/aerial_grasping_gazebo/share/aerial_grasping_gazebo/package.xml
