[0.324s] Invoking command in '/home/dario/Desktop/Aerial-Grasping---Adaptive-Control/ros2_ws/build/aerial_grasping_gazebo': CMAKE_PREFIX_PATH=${CMAKE_PREFIX_PATH}:/home/dario/Desktop/Aerial-Grasping---Adaptive-Control/ros2_ws/install/aerial_grasping_control:/home/dario/Desktop/Aerial-Grasping---Adaptive-Control/ros2_ws/install/aerial_grasping_bringup:/opt/ros/humble /usr/bin/cmake --build /home/dario/Desktop/Aerial-Grasping---Adaptive-Control/ros2_ws/build/aerial_grasping_gazebo -- -j22 -l22
[0.362s] [35m[1mConsolidate compiler generated dependencies of target motor_thrust_plugin[0m
[0.389s] [ 50%] [32mBuilding CXX object CMakeFiles/motor_thrust_plugin.dir/src/motor_thrust_plugin.cpp.o[0m
[11.618s] [100%] [32m[1mLinking CXX shared library libmotor_thrust_plugin.so[0m
[12.071s] [100%] Built target motor_thrust_plugin
[12.081s] Invoked command in '/home/dario/Desktop/Aerial-Grasping---Adaptive-Control/ros2_ws/build/aerial_grasping_gazebo' returned '0': CMAKE_PREFIX_PATH=${CMAKE_PREFIX_PATH}:/home/dario/Desktop/Aerial-Grasping---Adaptive-Control/ros2_ws/install/aerial_grasping_control:/home/dario/Desktop/Aerial-Grasping---Adaptive-Control/ros2_ws/install/aerial_grasping_bringup:/opt/ros/humble /usr/bin/cmake --build /home/dario/Desktop/Aerial-Grasping---Adaptive-Control/ros2_ws/build/aerial_grasping_gazebo -- -j22 -l22
[12.085s] Invoking command in '/home/dario/Desktop/Aerial-Grasping---Adaptive-Control/ros2_ws/build/aerial_grasping_gazebo': CMAKE_PREFIX_PATH=${CMAKE_PREFIX_PATH}:/home/dario/Desktop/Aerial-Grasping---Adaptive-Control/ros2_ws/install/aerial_grasping_control:/home/dario/Desktop/Aerial-Grasping---Adaptive-Control/ros2_ws/install/aerial_grasping_bringup:/opt/ros/humble /usr/bin/cmake --install /home/dario/Desktop/Aerial-Grasping---Adaptive-Control/ros2_ws/build/aerial_grasping_gazebo
[12.090s] -- Install configuration: ""
[12.090s] -- Installing: /home/dario/Desktop/Aerial-Grasping---Adaptive-Control/ros2_ws/install/aerial_grasping_gazebo/lib/libmotor_thrust_plugin.so
[12.095s] -- Set runtime path of "/home/dario/Desktop/Aerial-Grasping---Adaptive-Control/ros2_ws/install/aerial_grasping_gazebo/lib/libmotor_thrust_plugin.so" to ""
[12.095s] -- Installing: /home/dario/Desktop/Aerial-Grasping---Adaptive-Control/ros2_ws/install/aerial_grasping_gazebo/share/ament_index/resource_index/package_run_dependencies/aerial_grasping_gazebo
[12.095s] -- Installing: /home/dario/Desktop/Aerial-Grasping---Adaptive-Control/ros2_ws/install/aerial_grasping_gazebo/share/ament_index/resource_index/parent_prefix_path/aerial_grasping_gazebo
[12.095s] -- Installing: /home/dario/Desktop/Aerial-Grasping---Adaptive-Control/ros2_ws/install/aerial_grasping_gazebo/share/aerial_grasping_gazebo/environment/ament_prefix_path.sh
[12.095s] -- Installing: /home/dario/Desktop/Aerial-Grasping---Adaptive-Control/ros2_ws/install/aerial_grasping_gazebo/share/aerial_grasping_gazebo/environment/ament_prefix_path.dsv
[12.095s] -- Installing: /home/dario/Desktop/Aerial-Grasping---Adaptive-Control/ros2_ws/install/aerial_grasping_gazebo/share/aerial_grasping_gazebo/environment/path.sh
[12.095s] -- Installing: /home/dario/Desktop/Aerial-Grasping---Adaptive-Control/ros2_ws/install/aerial_grasping_gazebo/share/aerial_grasping_gazebo/environment/path.dsv
[12.095s] -- Installing: /home/dario/Desktop/Aerial-Grasping---Adaptive-Control/ros2_ws/install/aerial_grasping_gazebo/share/aerial_grasping_gazebo/local_setup.bash
[12.095s] -- Installing: /home/dario/Desktop/Aerial-Grasping---Adaptive-Control/ros2_ws/install/aerial_grasping_gazebo/share/aerial_grasping_gazebo/local_setup.sh
[12.095s] -- Installing: /home/dario/Desktop/Aerial-Grasping---Adaptive-Control/ros2_ws/install/aerial_grasping_gazebo/share/aerial_grasping_gazebo/local_setup.zsh
[12.095s] -- Installing: /home/dario/Desktop/Aerial-Grasping---Adaptive-Control/ros2_ws/install/aerial_grasping_gazebo/share/aerial_grasping_gazebo/local_setup.dsv
[12.096s] -- Installing: /home/dario/Desktop/Aerial-Grasping---Adaptive-Control/ros2_ws/install/aerial_grasping_gazebo/share/aerial_grasping_gazebo/package.dsv
[12.096s] -- Installing: /home/dario/Desktop/Aerial-Grasping---Adaptive-Control/ros2_ws/install/aerial_grasping_gazebo/share/ament_index/resource_index/packages/aerial_grasping_gazebo
[12.096s] -- Installing: /home/dario/Desktop/Aerial-Grasping---Adaptive-Control/ros2_ws/install/aerial_grasping_gazebo/share/aerial_grasping_gazebo/cmake/aerial_grasping_gazeboConfig.cmake
[12.096s] -- Installing: /home/dario/Desktop/Aerial-Grasping---Adaptive-Control/ros2_ws/install/aerial_grasping_gazebo/share/aerial_grasping_gazebo/cmake/aerial_grasping_gazeboConfig-version.cmake
[12.096s] -- Installing: /home/dario/Desktop/Aerial-Grasping---Adaptive-Control/ros2_ws/install/aerial_grasping_gazebo/share/aerial_grasping_gazebo/package.xml
[12.098s] Invoked command in '/home/dario/Desktop/Aerial-Grasping---Adaptive-Control/ros2_ws/build/aerial_grasping_gazebo' returned '0': CMAKE_PREFIX_PATH=${CMAKE_PREFIX_PATH}:/home/dario/Desktop/Aerial-Grasping---Adaptive-Control/ros2_ws/install/aerial_grasping_control:/home/dario/Desktop/Aerial-Grasping---Adaptive-Control/ros2_ws/install/aerial_grasping_bringup:/opt/ros/humble /usr/bin/cmake --install /home/dario/Desktop/Aerial-Grasping---Adaptive-Control/ros2_ws/build/aerial_grasping_gazebo
