[0.101s] DEBUG:colcon:Command line arguments: ['/usr/bin/colcon', 'build', '--packages-select', 'aerial_grasping_gazebo', 'aerial_grasping_description']
[0.101s] DEBUG:colcon:Parsed command line arguments: Namespace(log_base=None, log_level=None, verb_name='build', build_base='build', install_base='install', merge_install=False, symlink_install=False, test_result_base=None, continue_on_error=False, executor='parallel', parallel_workers=22, event_handlers=None, ignore_user_meta=False, metas=['./colcon.meta'], base_paths=['.'], packages_ignore=None, packages_ignore_regex=None, paths=None, packages_up_to=None, packages_up_to_regex=None, packages_above=None, packages_above_and_dependencies=None, packages_above_depth=None, packages_select_by_dep=None, packages_skip_by_dep=None, packages_skip_up_to=None, packages_select_build_failed=False, packages_skip_build_finished=False, packages_select_test_failures=False, packages_skip_test_passed=False, packages_select=['aerial_grasping_gazebo', 'aerial_grasping_description'], packages_skip=None, packages_select_regex=None, packages_skip_regex=None, packages_start=None, packages_end=None, allow_overriding=[], cmake_args=None, cmake_target=None, cmake_target_skip_unavailable=False, cmake_clean_cache=False, cmake_clean_first=False, cmake_force_configure=False, ament_cmake_args=None, catkin_cmake_args=None, catkin_skip_building_tests=False, mixin_files=None, mixin=None, verb_parser=<colcon_mixin.mixin.mixin_argument.MixinArgumentDecorator object at 0x75497e077820>, verb_extension=<colcon_core.verb.build.BuildVerb object at 0x75497e077370>, main=<bound method BuildVerb.main of <colcon_core.verb.build.BuildVerb object at 0x75497e077370>>, mixin_verb=('build',))
[0.200s] Level 1:colcon.colcon_core.package_discovery:discover_packages(colcon_meta) check parameters
[0.201s] Level 1:colcon.colcon_core.package_discovery:discover_packages(recursive) check parameters
[0.201s] Level 1:colcon.colcon_core.package_discovery:discover_packages(ignore) check parameters
[0.201s] Level 1:colcon.colcon_core.package_discovery:discover_packages(path) check parameters
[0.201s] Level 1:colcon.colcon_core.package_discovery:discover_packages(colcon_meta) discover
[0.201s] Level 1:colcon.colcon_core.package_discovery:discover_packages(recursive) discover
[0.201s] INFO:colcon.colcon_core.package_discovery:Crawling recursively for packages in '/home/dario/Desktop/Aerial-Grasping---Adaptive-Control/ros2_ws'
[0.201s] Level 1:colcon.colcon_core.package_identification:_identify(.) by extensions ['ignore', 'ignore_ament_install']
[0.201s] Level 1:colcon.colcon_core.package_identification:_identify(.) by extension 'ignore'
[0.201s] Level 1:colcon.colcon_core.package_identification:_identify(.) by extension 'ignore_ament_install'
[0.201s] Level 1:colcon.colcon_core.package_identification:_identify(.) by extensions ['colcon_pkg']
[0.201s] Level 1:colcon.colcon_core.package_identification:_identify(.) by extension 'colcon_pkg'
[0.201s] Level 1:colcon.colcon_core.package_identification:_identify(.) by extensions ['colcon_meta']
[0.201s] Level 1:colcon.colcon_core.package_identification:_identify(.) by extension 'colcon_meta'
[0.201s] Level 1:colcon.colcon_core.package_identification:_identify(.) by extensions ['ros']
[0.201s] Level 1:colcon.colcon_core.package_identification:_identify(.) by extension 'ros'
[0.213s] Level 1:colcon.colcon_core.package_identification:_identify(.) by extensions ['cmake', 'python']
[0.213s] Level 1:colcon.colcon_core.package_identification:_identify(.) by extension 'cmake'
[0.213s] Level 1:colcon.colcon_core.package_identification:_identify(.) by extension 'python'
[0.213s] Level 1:colcon.colcon_core.package_identification:_identify(.) by extensions ['python_setup_py']
[0.213s] Level 1:colcon.colcon_core.package_identification:_identify(.) by extension 'python_setup_py'
[0.213s] Level 1:colcon.colcon_core.package_identification:_identify(build) by extensions ['ignore', 'ignore_ament_install']
[0.213s] Level 1:colcon.colcon_core.package_identification:_identify(build) by extension 'ignore'
[0.213s] Level 1:colcon.colcon_core.package_identification:_identify(build) ignored
[0.214s] Level 1:colcon.colcon_core.package_identification:_identify(install) by extensions ['ignore', 'ignore_ament_install']
[0.214s] Level 1:colcon.colcon_core.package_identification:_identify(install) by extension 'ignore'
[0.214s] Level 1:colcon.colcon_core.package_identification:_identify(install) ignored
[0.214s] Level 1:colcon.colcon_core.package_identification:_identify(log) by extensions ['ignore', 'ignore_ament_install']
[0.214s] Level 1:colcon.colcon_core.package_identification:_identify(log) by extension 'ignore'
[0.214s] Level 1:colcon.colcon_core.package_identification:_identify(log) ignored
[0.214s] Level 1:colcon.colcon_core.package_identification:_identify(src) by extensions ['ignore', 'ignore_ament_install']
[0.214s] Level 1:colcon.colcon_core.package_identification:_identify(src) by extension 'ignore'
[0.214s] Level 1:colcon.colcon_core.package_identification:_identify(src) by extension 'ignore_ament_install'
[0.214s] Level 1:colcon.colcon_core.package_identification:_identify(src) by extensions ['colcon_pkg']
[0.214s] Level 1:colcon.colcon_core.package_identification:_identify(src) by extension 'colcon_pkg'
[0.214s] Level 1:colcon.colcon_core.package_identification:_identify(src) by extensions ['colcon_meta']
[0.214s] Level 1:colcon.colcon_core.package_identification:_identify(src) by extension 'colcon_meta'
[0.214s] Level 1:colcon.colcon_core.package_identification:_identify(src) by extensions ['ros']
[0.214s] Level 1:colcon.colcon_core.package_identification:_identify(src) by extension 'ros'
[0.214s] Level 1:colcon.colcon_core.package_identification:_identify(src) by extensions ['cmake', 'python']
[0.214s] Level 1:colcon.colcon_core.package_identification:_identify(src) by extension 'cmake'
[0.214s] Level 1:colcon.colcon_core.package_identification:_identify(src) by extension 'python'
[0.214s] Level 1:colcon.colcon_core.package_identification:_identify(src) by extensions ['python_setup_py']
[0.214s] Level 1:colcon.colcon_core.package_identification:_identify(src) by extension 'python_setup_py'
[0.214s] Level 1:colcon.colcon_core.package_identification:_identify(src/aerial_grasping_bringup) by extensions ['ignore', 'ignore_ament_install']
[0.214s] Level 1:colcon.colcon_core.package_identification:_identify(src/aerial_grasping_bringup) by extension 'ignore'
[0.214s] Level 1:colcon.colcon_core.package_identification:_identify(src/aerial_grasping_bringup) by extension 'ignore_ament_install'
[0.214s] Level 1:colcon.colcon_core.package_identification:_identify(src/aerial_grasping_bringup) by extensions ['colcon_pkg']
[0.214s] Level 1:colcon.colcon_core.package_identification:_identify(src/aerial_grasping_bringup) by extension 'colcon_pkg'
[0.214s] Level 1:colcon.colcon_core.package_identification:_identify(src/aerial_grasping_bringup) by extensions ['colcon_meta']
[0.214s] Level 1:colcon.colcon_core.package_identification:_identify(src/aerial_grasping_bringup) by extension 'colcon_meta'
[0.214s] Level 1:colcon.colcon_core.package_identification:_identify(src/aerial_grasping_bringup) by extensions ['ros']
[0.214s] Level 1:colcon.colcon_core.package_identification:_identify(src/aerial_grasping_bringup) by extension 'ros'
[0.216s] DEBUG:colcon.colcon_core.package_identification:Package 'src/aerial_grasping_bringup' with type 'ros.ament_python' and name 'aerial_grasping_bringup'
[0.216s] Level 1:colcon.colcon_core.package_identification:_identify(src/aerial_grasping_control) by extensions ['ignore', 'ignore_ament_install']
[0.216s] Level 1:colcon.colcon_core.package_identification:_identify(src/aerial_grasping_control) by extension 'ignore'
[0.216s] Level 1:colcon.colcon_core.package_identification:_identify(src/aerial_grasping_control) by extension 'ignore_ament_install'
[0.216s] Level 1:colcon.colcon_core.package_identification:_identify(src/aerial_grasping_control) by extensions ['colcon_pkg']
[0.216s] Level 1:colcon.colcon_core.package_identification:_identify(src/aerial_grasping_control) by extension 'colcon_pkg'
[0.216s] Level 1:colcon.colcon_core.package_identification:_identify(src/aerial_grasping_control) by extensions ['colcon_meta']
[0.216s] Level 1:colcon.colcon_core.package_identification:_identify(src/aerial_grasping_control) by extension 'colcon_meta'
[0.216s] Level 1:colcon.colcon_core.package_identification:_identify(src/aerial_grasping_control) by extensions ['ros']
[0.216s] Level 1:colcon.colcon_core.package_identification:_identify(src/aerial_grasping_control) by extension 'ros'
[0.216s] DEBUG:colcon.colcon_core.package_identification:Package 'src/aerial_grasping_control' with type 'ros.ament_python' and name 'aerial_grasping_control'
[0.216s] Level 1:colcon.colcon_core.package_identification:_identify(src/aerial_grasping_description) by extensions ['ignore', 'ignore_ament_install']
[0.216s] Level 1:colcon.colcon_core.package_identification:_identify(src/aerial_grasping_description) by extension 'ignore'
[0.216s] Level 1:colcon.colcon_core.package_identification:_identify(src/aerial_grasping_description) by extension 'ignore_ament_install'
[0.216s] Level 1:colcon.colcon_core.package_identification:_identify(src/aerial_grasping_description) by extensions ['colcon_pkg']
[0.216s] Level 1:colcon.colcon_core.package_identification:_identify(src/aerial_grasping_description) by extension 'colcon_pkg'
[0.216s] Level 1:colcon.colcon_core.package_identification:_identify(src/aerial_grasping_description) by extensions ['colcon_meta']
[0.216s] Level 1:colcon.colcon_core.package_identification:_identify(src/aerial_grasping_description) by extension 'colcon_meta'
[0.216s] Level 1:colcon.colcon_core.package_identification:_identify(src/aerial_grasping_description) by extensions ['ros']
[0.216s] Level 1:colcon.colcon_core.package_identification:_identify(src/aerial_grasping_description) by extension 'ros'
[0.217s] DEBUG:colcon.colcon_core.package_identification:Package 'src/aerial_grasping_description' with type 'ros.ament_cmake' and name 'aerial_grasping_description'
[0.217s] Level 1:colcon.colcon_core.package_identification:_identify(src/aerial_grasping_gazebo) by extensions ['ignore', 'ignore_ament_install']
[0.217s] Level 1:colcon.colcon_core.package_identification:_identify(src/aerial_grasping_gazebo) by extension 'ignore'
[0.217s] Level 1:colcon.colcon_core.package_identification:_identify(src/aerial_grasping_gazebo) by extension 'ignore_ament_install'
[0.217s] Level 1:colcon.colcon_core.package_identification:_identify(src/aerial_grasping_gazebo) by extensions ['colcon_pkg']
[0.217s] Level 1:colcon.colcon_core.package_identification:_identify(src/aerial_grasping_gazebo) by extension 'colcon_pkg'
[0.217s] Level 1:colcon.colcon_core.package_identification:_identify(src/aerial_grasping_gazebo) by extensions ['colcon_meta']
[0.217s] Level 1:colcon.colcon_core.package_identification:_identify(src/aerial_grasping_gazebo) by extension 'colcon_meta'
[0.217s] Level 1:colcon.colcon_core.package_identification:_identify(src/aerial_grasping_gazebo) by extensions ['ros']
[0.217s] Level 1:colcon.colcon_core.package_identification:_identify(src/aerial_grasping_gazebo) by extension 'ros'
[0.217s] DEBUG:colcon.colcon_core.package_identification:Package 'src/aerial_grasping_gazebo' with type 'ros.ament_cmake' and name 'aerial_grasping_gazebo'
[0.217s] Level 1:colcon.colcon_core.package_discovery:discover_packages(recursive) using defaults
[0.217s] Level 1:colcon.colcon_core.package_discovery:discover_packages(ignore) discover
[0.217s] Level 1:colcon.colcon_core.package_discovery:discover_packages(ignore) using defaults
[0.217s] Level 1:colcon.colcon_core.package_discovery:discover_packages(path) discover
[0.217s] Level 1:colcon.colcon_core.package_discovery:discover_packages(path) using defaults
[0.228s] INFO:colcon.colcon_core.package_selection:Skipping not selected package 'aerial_grasping_bringup' in 'src/aerial_grasping_bringup'
[0.228s] INFO:colcon.colcon_core.package_selection:Skipping not selected package 'aerial_grasping_control' in 'src/aerial_grasping_control'
[0.229s] Level 1:colcon.colcon_core.package_discovery:discover_packages(prefix_path) check parameters
[0.229s] Level 1:colcon.colcon_core.package_discovery:discover_packages(prefix_path) discover
[0.230s] DEBUG:colcon.colcon_installed_package_information.package_discovery:Found 4 installed packages in /home/dario/Desktop/Aerial-Grasping---Adaptive-Control/ros2_ws/install
[0.230s] DEBUG:colcon.colcon_installed_package_information.package_discovery:Found 332 installed packages in /opt/ros/humble
[0.231s] Level 1:colcon.colcon_core.package_discovery:discover_packages(prefix_path) using defaults
[0.254s] Level 5:colcon.colcon_core.verb:set package 'aerial_grasping_description' build argument 'cmake_args' from command line to 'None'
[0.254s] Level 5:colcon.colcon_core.verb:set package 'aerial_grasping_description' build argument 'cmake_target' from command line to 'None'
[0.254s] Level 5:colcon.colcon_core.verb:set package 'aerial_grasping_description' build argument 'cmake_target_skip_unavailable' from command line to 'False'
[0.254s] Level 5:colcon.colcon_core.verb:set package 'aerial_grasping_description' build argument 'cmake_clean_cache' from command line to 'False'
[0.254s] Level 5:colcon.colcon_core.verb:set package 'aerial_grasping_description' build argument 'cmake_clean_first' from command line to 'False'
[0.254s] Level 5:colcon.colcon_core.verb:set package 'aerial_grasping_description' build argument 'cmake_force_configure' from command line to 'False'
[0.254s] Level 5:colcon.colcon_core.verb:set package 'aerial_grasping_description' build argument 'ament_cmake_args' from command line to 'None'
[0.254s] Level 5:colcon.colcon_core.verb:set package 'aerial_grasping_description' build argument 'catkin_cmake_args' from command line to 'None'
[0.254s] Level 5:colcon.colcon_core.verb:set package 'aerial_grasping_description' build argument 'catkin_skip_building_tests' from command line to 'False'
[0.254s] DEBUG:colcon.colcon_core.verb:Building package 'aerial_grasping_description' with the following arguments: {'ament_cmake_args': None, 'build_base': '/home/dario/Desktop/Aerial-Grasping---Adaptive-Control/ros2_ws/build/aerial_grasping_description', 'catkin_cmake_args': None, 'catkin_skip_building_tests': False, 'cmake_args': None, 'cmake_clean_cache': False, 'cmake_clean_first': False, 'cmake_force_configure': False, 'cmake_target': None, 'cmake_target_skip_unavailable': False, 'install_base': '/home/dario/Desktop/Aerial-Grasping---Adaptive-Control/ros2_ws/install/aerial_grasping_description', 'merge_install': False, 'path': '/home/dario/Desktop/Aerial-Grasping---Adaptive-Control/ros2_ws/src/aerial_grasping_description', 'symlink_install': False, 'test_result_base': None}
[0.254s] Level 5:colcon.colcon_core.verb:set package 'aerial_grasping_gazebo' build argument 'cmake_args' from command line to 'None'
[0.254s] Level 5:colcon.colcon_core.verb:set package 'aerial_grasping_gazebo' build argument 'cmake_target' from command line to 'None'
[0.254s] Level 5:colcon.colcon_core.verb:set package 'aerial_grasping_gazebo' build argument 'cmake_target_skip_unavailable' from command line to 'False'
[0.254s] Level 5:colcon.colcon_core.verb:set package 'aerial_grasping_gazebo' build argument 'cmake_clean_cache' from command line to 'False'
[0.254s] Level 5:colcon.colcon_core.verb:set package 'aerial_grasping_gazebo' build argument 'cmake_clean_first' from command line to 'False'
[0.254s] Level 5:colcon.colcon_core.verb:set package 'aerial_grasping_gazebo' build argument 'cmake_force_configure' from command line to 'False'
[0.254s] Level 5:colcon.colcon_core.verb:set package 'aerial_grasping_gazebo' build argument 'ament_cmake_args' from command line to 'None'
[0.254s] Level 5:colcon.colcon_core.verb:set package 'aerial_grasping_gazebo' build argument 'catkin_cmake_args' from command line to 'None'
[0.255s] Level 5:colcon.colcon_core.verb:set package 'aerial_grasping_gazebo' build argument 'catkin_skip_building_tests' from command line to 'False'
[0.255s] DEBUG:colcon.colcon_core.verb:Building package 'aerial_grasping_gazebo' with the following arguments: {'ament_cmake_args': None, 'build_base': '/home/dario/Desktop/Aerial-Grasping---Adaptive-Control/ros2_ws/build/aerial_grasping_gazebo', 'catkin_cmake_args': None, 'catkin_skip_building_tests': False, 'cmake_args': None, 'cmake_clean_cache': False, 'cmake_clean_first': False, 'cmake_force_configure': False, 'cmake_target': None, 'cmake_target_skip_unavailable': False, 'install_base': '/home/dario/Desktop/Aerial-Grasping---Adaptive-Control/ros2_ws/install/aerial_grasping_gazebo', 'merge_install': False, 'path': '/home/dario/Desktop/Aerial-Grasping---Adaptive-Control/ros2_ws/src/aerial_grasping_gazebo', 'symlink_install': False, 'test_result_base': None}
[0.255s] INFO:colcon.colcon_core.executor:Executing jobs using 'parallel' executor
[0.256s] DEBUG:colcon.colcon_parallel_executor.executor.parallel:run_until_complete
[0.256s] INFO:colcon.colcon_ros.task.ament_cmake.build:Building ROS package in '/home/dario/Desktop/Aerial-Grasping---Adaptive-Control/ros2_ws/src/aerial_grasping_description' with build type 'ament_cmake'
[0.256s] INFO:colcon.colcon_cmake.task.cmake.build:Building CMake package in '/home/dario/Desktop/Aerial-Grasping---Adaptive-Control/ros2_ws/src/aerial_grasping_description'
[0.257s] INFO:colcon.colcon_core.plugin_system:Skipping extension 'colcon_core.shell.bat': Not used on non-Windows systems
[0.257s] INFO:colcon.colcon_core.shell:Skip shell extension 'powershell' for command environment: Not usable outside of PowerShell
[0.257s] DEBUG:colcon.colcon_core.shell:Skip shell extension 'dsv' for command environment
[0.261s] INFO:colcon.colcon_ros.task.ament_cmake.build:Building ROS package in '/home/dario/Desktop/Aerial-Grasping---Adaptive-Control/ros2_ws/src/aerial_grasping_gazebo' with build type 'ament_cmake'
[0.261s] INFO:colcon.colcon_cmake.task.cmake.build:Building CMake package in '/home/dario/Desktop/Aerial-Grasping---Adaptive-Control/ros2_ws/src/aerial_grasping_gazebo'
[0.261s] INFO:colcon.colcon_core.shell:Skip shell extension 'powershell' for command environment: Not usable outside of PowerShell
[0.261s] DEBUG:colcon.colcon_core.shell:Skip shell extension 'dsv' for command environment
[0.271s] DEBUG:colcon.colcon_core.event_handler.log_command:Invoking command in '/home/dario/Desktop/Aerial-Grasping---Adaptive-Control/ros2_ws/build/aerial_grasping_description': CMAKE_PREFIX_PATH=${CMAKE_PREFIX_PATH}:/home/dario/Desktop/Aerial-Grasping---Adaptive-Control/ros2_ws/install/aerial_grasping_control:/home/dario/Desktop/Aerial-Grasping---Adaptive-Control/ros2_ws/install/aerial_grasping_bringup:/opt/ros/humble /usr/bin/cmake --build /home/dario/Desktop/Aerial-Grasping---Adaptive-Control/ros2_ws/build/aerial_grasping_description -- -j22 -l22
[0.276s] DEBUG:colcon.colcon_core.event_handler.log_command:Invoking command in '/home/dario/Desktop/Aerial-Grasping---Adaptive-Control/ros2_ws/build/aerial_grasping_gazebo': CMAKE_PREFIX_PATH=${CMAKE_PREFIX_PATH}:/home/dario/Desktop/Aerial-Grasping---Adaptive-Control/ros2_ws/install/aerial_grasping_control:/home/dario/Desktop/Aerial-Grasping---Adaptive-Control/ros2_ws/install/aerial_grasping_bringup:/opt/ros/humble /usr/bin/cmake --build /home/dario/Desktop/Aerial-Grasping---Adaptive-Control/ros2_ws/build/aerial_grasping_gazebo -- -j22 -l22
[0.309s] DEBUG:colcon.colcon_core.event_handler.log_command:Invoked command in '/home/dario/Desktop/Aerial-Grasping---Adaptive-Control/ros2_ws/build/aerial_grasping_description' returned '0': CMAKE_PREFIX_PATH=${CMAKE_PREFIX_PATH}:/home/dario/Desktop/Aerial-Grasping---Adaptive-Control/ros2_ws/install/aerial_grasping_control:/home/dario/Desktop/Aerial-Grasping---Adaptive-Control/ros2_ws/install/aerial_grasping_bringup:/opt/ros/humble /usr/bin/cmake --build /home/dario/Desktop/Aerial-Grasping---Adaptive-Control/ros2_ws/build/aerial_grasping_description -- -j22 -l22
[0.318s] DEBUG:colcon.colcon_core.event_handler.log_command:Invoking command in '/home/dario/Desktop/Aerial-Grasping---Adaptive-Control/ros2_ws/build/aerial_grasping_description': CMAKE_PREFIX_PATH=${CMAKE_PREFIX_PATH}:/home/dario/Desktop/Aerial-Grasping---Adaptive-Control/ros2_ws/install/aerial_grasping_control:/home/dario/Desktop/Aerial-Grasping---Adaptive-Control/ros2_ws/install/aerial_grasping_bringup:/opt/ros/humble /usr/bin/cmake --install /home/dario/Desktop/Aerial-Grasping---Adaptive-Control/ros2_ws/build/aerial_grasping_description
[0.328s] Level 1:colcon.colcon_core.environment:create_environment_scripts_only(aerial_grasping_description)
[0.329s] DEBUG:colcon.colcon_core.event_handler.log_command:Invoked command in '/home/dario/Desktop/Aerial-Grasping---Adaptive-Control/ros2_ws/build/aerial_grasping_description' returned '0': CMAKE_PREFIX_PATH=${CMAKE_PREFIX_PATH}:/home/dario/Desktop/Aerial-Grasping---Adaptive-Control/ros2_ws/install/aerial_grasping_control:/home/dario/Desktop/Aerial-Grasping---Adaptive-Control/ros2_ws/install/aerial_grasping_bringup:/opt/ros/humble /usr/bin/cmake --install /home/dario/Desktop/Aerial-Grasping---Adaptive-Control/ros2_ws/build/aerial_grasping_description
[0.331s] Level 1:colcon.colcon_core.environment:checking '/home/dario/Desktop/Aerial-Grasping---Adaptive-Control/ros2_ws/install/aerial_grasping_description' for CMake module files
[0.331s] Level 1:colcon.colcon_core.environment:checking '/home/dario/Desktop/Aerial-Grasping---Adaptive-Control/ros2_ws/install/aerial_grasping_description' for CMake config files
[0.332s] Level 1:colcon.colcon_core.shell:create_environment_hook('aerial_grasping_description', 'cmake_prefix_path')
[0.332s] INFO:colcon.colcon_core.shell:Creating environment hook '/home/dario/Desktop/Aerial-Grasping---Adaptive-Control/ros2_ws/install/aerial_grasping_description/share/aerial_grasping_description/hook/cmake_prefix_path.ps1'
[0.333s] INFO:colcon.colcon_core.shell:Creating environment descriptor '/home/dario/Desktop/Aerial-Grasping---Adaptive-Control/ros2_ws/install/aerial_grasping_description/share/aerial_grasping_description/hook/cmake_prefix_path.dsv'
[0.333s] INFO:colcon.colcon_core.shell:Creating environment hook '/home/dario/Desktop/Aerial-Grasping---Adaptive-Control/ros2_ws/install/aerial_grasping_description/share/aerial_grasping_description/hook/cmake_prefix_path.sh'
[0.334s] Level 1:colcon.colcon_core.environment:checking '/home/dario/Desktop/Aerial-Grasping---Adaptive-Control/ros2_ws/install/aerial_grasping_description/bin'
[0.334s] Level 1:colcon.colcon_core.environment:checking '/home/dario/Desktop/Aerial-Grasping---Adaptive-Control/ros2_ws/install/aerial_grasping_description/lib/pkgconfig/aerial_grasping_description.pc'
[0.334s] Level 1:colcon.colcon_core.environment:checking '/home/dario/Desktop/Aerial-Grasping---Adaptive-Control/ros2_ws/install/aerial_grasping_description/lib/python3.10/site-packages'
[0.334s] Level 1:colcon.colcon_core.environment:checking '/home/dario/Desktop/Aerial-Grasping---Adaptive-Control/ros2_ws/install/aerial_grasping_description/bin'
[0.334s] INFO:colcon.colcon_core.shell:Creating package script '/home/dario/Desktop/Aerial-Grasping---Adaptive-Control/ros2_ws/install/aerial_grasping_description/share/aerial_grasping_description/package.ps1'
[0.335s] INFO:colcon.colcon_core.shell:Creating package descriptor '/home/dario/Desktop/Aerial-Grasping---Adaptive-Control/ros2_ws/install/aerial_grasping_description/share/aerial_grasping_description/package.dsv'
[0.335s] INFO:colcon.colcon_core.shell:Creating package script '/home/dario/Desktop/Aerial-Grasping---Adaptive-Control/ros2_ws/install/aerial_grasping_description/share/aerial_grasping_description/package.sh'
[0.335s] INFO:colcon.colcon_core.shell:Creating package script '/home/dario/Desktop/Aerial-Grasping---Adaptive-Control/ros2_ws/install/aerial_grasping_description/share/aerial_grasping_description/package.bash'
[0.336s] INFO:colcon.colcon_core.shell:Creating package script '/home/dario/Desktop/Aerial-Grasping---Adaptive-Control/ros2_ws/install/aerial_grasping_description/share/aerial_grasping_description/package.zsh'
[0.337s] Level 1:colcon.colcon_core.environment:create_file_with_runtime_dependencies(/home/dario/Desktop/Aerial-Grasping---Adaptive-Control/ros2_ws/install/aerial_grasping_description/share/colcon-core/packages/aerial_grasping_description)
[0.338s] Level 1:colcon.colcon_core.environment:create_environment_scripts_only(aerial_grasping_description)
[0.338s] Level 1:colcon.colcon_core.environment:checking '/home/dario/Desktop/Aerial-Grasping---Adaptive-Control/ros2_ws/install/aerial_grasping_description' for CMake module files
[0.338s] Level 1:colcon.colcon_core.environment:checking '/home/dario/Desktop/Aerial-Grasping---Adaptive-Control/ros2_ws/install/aerial_grasping_description' for CMake config files
[0.338s] Level 1:colcon.colcon_core.shell:create_environment_hook('aerial_grasping_description', 'cmake_prefix_path')
[0.339s] INFO:colcon.colcon_core.shell:Creating environment hook '/home/dario/Desktop/Aerial-Grasping---Adaptive-Control/ros2_ws/install/aerial_grasping_description/share/aerial_grasping_description/hook/cmake_prefix_path.ps1'
[0.339s] INFO:colcon.colcon_core.shell:Creating environment descriptor '/home/dario/Desktop/Aerial-Grasping---Adaptive-Control/ros2_ws/install/aerial_grasping_description/share/aerial_grasping_description/hook/cmake_prefix_path.dsv'
[0.339s] INFO:colcon.colcon_core.shell:Creating environment hook '/home/dario/Desktop/Aerial-Grasping---Adaptive-Control/ros2_ws/install/aerial_grasping_description/share/aerial_grasping_description/hook/cmake_prefix_path.sh'
[0.339s] Level 1:colcon.colcon_core.environment:checking '/home/dario/Desktop/Aerial-Grasping---Adaptive-Control/ros2_ws/install/aerial_grasping_description/bin'
[0.339s] Level 1:colcon.colcon_core.environment:checking '/home/dario/Desktop/Aerial-Grasping---Adaptive-Control/ros2_ws/install/aerial_grasping_description/lib/pkgconfig/aerial_grasping_description.pc'
[0.340s] Level 1:colcon.colcon_core.environment:checking '/home/dario/Desktop/Aerial-Grasping---Adaptive-Control/ros2_ws/install/aerial_grasping_description/lib/python3.10/site-packages'
[0.340s] Level 1:colcon.colcon_core.environment:checking '/home/dario/Desktop/Aerial-Grasping---Adaptive-Control/ros2_ws/install/aerial_grasping_description/bin'
[0.340s] INFO:colcon.colcon_core.shell:Creating package script '/home/dario/Desktop/Aerial-Grasping---Adaptive-Control/ros2_ws/install/aerial_grasping_description/share/aerial_grasping_description/package.ps1'
[0.340s] INFO:colcon.colcon_core.shell:Creating package descriptor '/home/dario/Desktop/Aerial-Grasping---Adaptive-Control/ros2_ws/install/aerial_grasping_description/share/aerial_grasping_description/package.dsv'
[0.340s] INFO:colcon.colcon_core.shell:Creating package script '/home/dario/Desktop/Aerial-Grasping---Adaptive-Control/ros2_ws/install/aerial_grasping_description/share/aerial_grasping_description/package.sh'
[0.341s] INFO:colcon.colcon_core.shell:Creating package script '/home/dario/Desktop/Aerial-Grasping---Adaptive-Control/ros2_ws/install/aerial_grasping_description/share/aerial_grasping_description/package.bash'
[0.341s] INFO:colcon.colcon_core.shell:Creating package script '/home/dario/Desktop/Aerial-Grasping---Adaptive-Control/ros2_ws/install/aerial_grasping_description/share/aerial_grasping_description/package.zsh'
[0.341s] Level 1:colcon.colcon_core.environment:create_file_with_runtime_dependencies(/home/dario/Desktop/Aerial-Grasping---Adaptive-Control/ros2_ws/install/aerial_grasping_description/share/colcon-core/packages/aerial_grasping_description)
[0.360s] DEBUG:colcon.colcon_core.event_handler.log_command:Invoked command in '/home/dario/Desktop/Aerial-Grasping---Adaptive-Control/ros2_ws/build/aerial_grasping_gazebo' returned '0': CMAKE_PREFIX_PATH=${CMAKE_PREFIX_PATH}:/home/dario/Desktop/Aerial-Grasping---Adaptive-Control/ros2_ws/install/aerial_grasping_control:/home/dario/Desktop/Aerial-Grasping---Adaptive-Control/ros2_ws/install/aerial_grasping_bringup:/opt/ros/humble /usr/bin/cmake --build /home/dario/Desktop/Aerial-Grasping---Adaptive-Control/ros2_ws/build/aerial_grasping_gazebo -- -j22 -l22
[0.362s] DEBUG:colcon.colcon_core.event_handler.log_command:Invoking command in '/home/dario/Desktop/Aerial-Grasping---Adaptive-Control/ros2_ws/build/aerial_grasping_gazebo': CMAKE_PREFIX_PATH=${CMAKE_PREFIX_PATH}:/home/dario/Desktop/Aerial-Grasping---Adaptive-Control/ros2_ws/install/aerial_grasping_control:/home/dario/Desktop/Aerial-Grasping---Adaptive-Control/ros2_ws/install/aerial_grasping_bringup:/opt/ros/humble /usr/bin/cmake --install /home/dario/Desktop/Aerial-Grasping---Adaptive-Control/ros2_ws/build/aerial_grasping_gazebo
[0.370s] Level 1:colcon.colcon_core.environment:create_environment_scripts_only(aerial_grasping_gazebo)
[0.371s] Level 1:colcon.colcon_core.environment:checking '/home/dario/Desktop/Aerial-Grasping---Adaptive-Control/ros2_ws/install/aerial_grasping_gazebo' for CMake module files
[0.371s] DEBUG:colcon.colcon_core.event_handler.log_command:Invoked command in '/home/dario/Desktop/Aerial-Grasping---Adaptive-Control/ros2_ws/build/aerial_grasping_gazebo' returned '0': CMAKE_PREFIX_PATH=${CMAKE_PREFIX_PATH}:/home/dario/Desktop/Aerial-Grasping---Adaptive-Control/ros2_ws/install/aerial_grasping_control:/home/dario/Desktop/Aerial-Grasping---Adaptive-Control/ros2_ws/install/aerial_grasping_bringup:/opt/ros/humble /usr/bin/cmake --install /home/dario/Desktop/Aerial-Grasping---Adaptive-Control/ros2_ws/build/aerial_grasping_gazebo
[0.371s] Level 1:colcon.colcon_core.environment:checking '/home/dario/Desktop/Aerial-Grasping---Adaptive-Control/ros2_ws/install/aerial_grasping_gazebo' for CMake config files
[0.372s] Level 1:colcon.colcon_core.shell:create_environment_hook('aerial_grasping_gazebo', 'cmake_prefix_path')
[0.372s] INFO:colcon.colcon_core.shell:Creating environment hook '/home/dario/Desktop/Aerial-Grasping---Adaptive-Control/ros2_ws/install/aerial_grasping_gazebo/share/aerial_grasping_gazebo/hook/cmake_prefix_path.ps1'
[0.372s] INFO:colcon.colcon_core.shell:Creating environment descriptor '/home/dario/Desktop/Aerial-Grasping---Adaptive-Control/ros2_ws/install/aerial_grasping_gazebo/share/aerial_grasping_gazebo/hook/cmake_prefix_path.dsv'
[0.373s] INFO:colcon.colcon_core.shell:Creating environment hook '/home/dario/Desktop/Aerial-Grasping---Adaptive-Control/ros2_ws/install/aerial_grasping_gazebo/share/aerial_grasping_gazebo/hook/cmake_prefix_path.sh'
[0.373s] Level 1:colcon.colcon_core.environment:checking '/home/dario/Desktop/Aerial-Grasping---Adaptive-Control/ros2_ws/install/aerial_grasping_gazebo/lib'
[0.373s] Level 1:colcon.colcon_core.shell:create_environment_hook('aerial_grasping_gazebo', 'ld_library_path_lib')
[0.373s] INFO:colcon.colcon_core.shell:Creating environment hook '/home/dario/Desktop/Aerial-Grasping---Adaptive-Control/ros2_ws/install/aerial_grasping_gazebo/share/aerial_grasping_gazebo/hook/ld_library_path_lib.ps1'
[0.374s] INFO:colcon.colcon_core.shell:Creating environment descriptor '/home/dario/Desktop/Aerial-Grasping---Adaptive-Control/ros2_ws/install/aerial_grasping_gazebo/share/aerial_grasping_gazebo/hook/ld_library_path_lib.dsv'
[0.374s] INFO:colcon.colcon_core.shell:Creating environment hook '/home/dario/Desktop/Aerial-Grasping---Adaptive-Control/ros2_ws/install/aerial_grasping_gazebo/share/aerial_grasping_gazebo/hook/ld_library_path_lib.sh'
[0.374s] Level 1:colcon.colcon_core.environment:checking '/home/dario/Desktop/Aerial-Grasping---Adaptive-Control/ros2_ws/install/aerial_grasping_gazebo/bin'
[0.374s] Level 1:colcon.colcon_core.environment:checking '/home/dario/Desktop/Aerial-Grasping---Adaptive-Control/ros2_ws/install/aerial_grasping_gazebo/lib/pkgconfig/aerial_grasping_gazebo.pc'
[0.374s] Level 1:colcon.colcon_core.environment:checking '/home/dario/Desktop/Aerial-Grasping---Adaptive-Control/ros2_ws/install/aerial_grasping_gazebo/lib/python3.10/site-packages'
[0.374s] Level 1:colcon.colcon_core.environment:checking '/home/dario/Desktop/Aerial-Grasping---Adaptive-Control/ros2_ws/install/aerial_grasping_gazebo/bin'
[0.375s] INFO:colcon.colcon_core.shell:Creating package script '/home/dario/Desktop/Aerial-Grasping---Adaptive-Control/ros2_ws/install/aerial_grasping_gazebo/share/aerial_grasping_gazebo/package.ps1'
[0.375s] INFO:colcon.colcon_core.shell:Creating package descriptor '/home/dario/Desktop/Aerial-Grasping---Adaptive-Control/ros2_ws/install/aerial_grasping_gazebo/share/aerial_grasping_gazebo/package.dsv'
[0.375s] INFO:colcon.colcon_core.shell:Creating package script '/home/dario/Desktop/Aerial-Grasping---Adaptive-Control/ros2_ws/install/aerial_grasping_gazebo/share/aerial_grasping_gazebo/package.sh'
[0.376s] INFO:colcon.colcon_core.shell:Creating package script '/home/dario/Desktop/Aerial-Grasping---Adaptive-Control/ros2_ws/install/aerial_grasping_gazebo/share/aerial_grasping_gazebo/package.bash'
[0.376s] INFO:colcon.colcon_core.shell:Creating package script '/home/dario/Desktop/Aerial-Grasping---Adaptive-Control/ros2_ws/install/aerial_grasping_gazebo/share/aerial_grasping_gazebo/package.zsh'
[0.376s] Level 1:colcon.colcon_core.environment:create_file_with_runtime_dependencies(/home/dario/Desktop/Aerial-Grasping---Adaptive-Control/ros2_ws/install/aerial_grasping_gazebo/share/colcon-core/packages/aerial_grasping_gazebo)
[0.376s] Level 1:colcon.colcon_core.environment:create_environment_scripts_only(aerial_grasping_gazebo)
[0.376s] Level 1:colcon.colcon_core.environment:checking '/home/dario/Desktop/Aerial-Grasping---Adaptive-Control/ros2_ws/install/aerial_grasping_gazebo' for CMake module files
[0.377s] Level 1:colcon.colcon_core.environment:checking '/home/dario/Desktop/Aerial-Grasping---Adaptive-Control/ros2_ws/install/aerial_grasping_gazebo' for CMake config files
[0.377s] Level 1:colcon.colcon_core.shell:create_environment_hook('aerial_grasping_gazebo', 'cmake_prefix_path')
[0.377s] INFO:colcon.colcon_core.shell:Creating environment hook '/home/dario/Desktop/Aerial-Grasping---Adaptive-Control/ros2_ws/install/aerial_grasping_gazebo/share/aerial_grasping_gazebo/hook/cmake_prefix_path.ps1'
[0.377s] INFO:colcon.colcon_core.shell:Creating environment descriptor '/home/dario/Desktop/Aerial-Grasping---Adaptive-Control/ros2_ws/install/aerial_grasping_gazebo/share/aerial_grasping_gazebo/hook/cmake_prefix_path.dsv'
[0.377s] INFO:colcon.colcon_core.shell:Creating environment hook '/home/dario/Desktop/Aerial-Grasping---Adaptive-Control/ros2_ws/install/aerial_grasping_gazebo/share/aerial_grasping_gazebo/hook/cmake_prefix_path.sh'
[0.378s] Level 1:colcon.colcon_core.environment:checking '/home/dario/Desktop/Aerial-Grasping---Adaptive-Control/ros2_ws/install/aerial_grasping_gazebo/lib'
[0.378s] Level 1:colcon.colcon_core.shell:create_environment_hook('aerial_grasping_gazebo', 'ld_library_path_lib')
[0.378s] INFO:colcon.colcon_core.shell:Creating environment hook '/home/dario/Desktop/Aerial-Grasping---Adaptive-Control/ros2_ws/install/aerial_grasping_gazebo/share/aerial_grasping_gazebo/hook/ld_library_path_lib.ps1'
[0.378s] INFO:colcon.colcon_core.shell:Creating environment descriptor '/home/dario/Desktop/Aerial-Grasping---Adaptive-Control/ros2_ws/install/aerial_grasping_gazebo/share/aerial_grasping_gazebo/hook/ld_library_path_lib.dsv'
[0.378s] INFO:colcon.colcon_core.shell:Creating environment hook '/home/dario/Desktop/Aerial-Grasping---Adaptive-Control/ros2_ws/install/aerial_grasping_gazebo/share/aerial_grasping_gazebo/hook/ld_library_path_lib.sh'
[0.378s] Level 1:colcon.colcon_core.environment:checking '/home/dario/Desktop/Aerial-Grasping---Adaptive-Control/ros2_ws/install/aerial_grasping_gazebo/bin'
[0.379s] Level 1:colcon.colcon_core.environment:checking '/home/dario/Desktop/Aerial-Grasping---Adaptive-Control/ros2_ws/install/aerial_grasping_gazebo/lib/pkgconfig/aerial_grasping_gazebo.pc'
[0.379s] Level 1:colcon.colcon_core.environment:checking '/home/dario/Desktop/Aerial-Grasping---Adaptive-Control/ros2_ws/install/aerial_grasping_gazebo/lib/python3.10/site-packages'
[0.379s] Level 1:colcon.colcon_core.environment:checking '/home/dario/Desktop/Aerial-Grasping---Adaptive-Control/ros2_ws/install/aerial_grasping_gazebo/bin'
[0.379s] INFO:colcon.colcon_core.shell:Creating package script '/home/dario/Desktop/Aerial-Grasping---Adaptive-Control/ros2_ws/install/aerial_grasping_gazebo/share/aerial_grasping_gazebo/package.ps1'
[0.379s] INFO:colcon.colcon_core.shell:Creating package descriptor '/home/dario/Desktop/Aerial-Grasping---Adaptive-Control/ros2_ws/install/aerial_grasping_gazebo/share/aerial_grasping_gazebo/package.dsv'
[0.379s] INFO:colcon.colcon_core.shell:Creating package script '/home/dario/Desktop/Aerial-Grasping---Adaptive-Control/ros2_ws/install/aerial_grasping_gazebo/share/aerial_grasping_gazebo/package.sh'
[0.380s] INFO:colcon.colcon_core.shell:Creating package script '/home/dario/Desktop/Aerial-Grasping---Adaptive-Control/ros2_ws/install/aerial_grasping_gazebo/share/aerial_grasping_gazebo/package.bash'
[0.380s] INFO:colcon.colcon_core.shell:Creating package script '/home/dario/Desktop/Aerial-Grasping---Adaptive-Control/ros2_ws/install/aerial_grasping_gazebo/share/aerial_grasping_gazebo/package.zsh'
[0.380s] Level 1:colcon.colcon_core.environment:create_file_with_runtime_dependencies(/home/dario/Desktop/Aerial-Grasping---Adaptive-Control/ros2_ws/install/aerial_grasping_gazebo/share/colcon-core/packages/aerial_grasping_gazebo)
[0.380s] DEBUG:colcon.colcon_parallel_executor.executor.parallel:closing loop
[0.380s] DEBUG:colcon.colcon_parallel_executor.executor.parallel:loop closed
[0.380s] DEBUG:colcon.colcon_parallel_executor.executor.parallel:run_until_complete finished with '0'
[0.380s] DEBUG:colcon.colcon_core.event_reactor:joining thread
[0.386s] INFO:colcon.colcon_core.plugin_system:Skipping extension 'colcon_notification.desktop_notification.terminal_notifier': Not used on non-Darwin systems
[0.386s] INFO:colcon.colcon_core.plugin_system:Skipping extension 'colcon_notification.desktop_notification.win32': Not used on non-Windows systems
[0.386s] INFO:colcon.colcon_notification.desktop_notification:Sending desktop notification using 'notify2'
[0.394s] DEBUG:colcon.colcon_core.event_reactor:joined thread
[0.394s] INFO:colcon.colcon_core.shell:Creating prefix script '/home/dario/Desktop/Aerial-Grasping---Adaptive-Control/ros2_ws/install/local_setup.ps1'
[0.395s] INFO:colcon.colcon_core.shell:Creating prefix util module '/home/dario/Desktop/Aerial-Grasping---Adaptive-Control/ros2_ws/install/_local_setup_util_ps1.py'
[0.396s] INFO:colcon.colcon_core.shell:Creating prefix chain script '/home/dario/Desktop/Aerial-Grasping---Adaptive-Control/ros2_ws/install/setup.ps1'
[0.397s] INFO:colcon.colcon_core.shell:Creating prefix script '/home/dario/Desktop/Aerial-Grasping---Adaptive-Control/ros2_ws/install/local_setup.sh'
[0.397s] INFO:colcon.colcon_core.shell:Creating prefix util module '/home/dario/Desktop/Aerial-Grasping---Adaptive-Control/ros2_ws/install/_local_setup_util_sh.py'
[0.398s] INFO:colcon.colcon_core.shell:Creating prefix chain script '/home/dario/Desktop/Aerial-Grasping---Adaptive-Control/ros2_ws/install/setup.sh'
[0.398s] INFO:colcon.colcon_core.shell:Creating prefix script '/home/dario/Desktop/Aerial-Grasping---Adaptive-Control/ros2_ws/install/local_setup.bash'
[0.399s] INFO:colcon.colcon_core.shell:Creating prefix chain script '/home/dario/Desktop/Aerial-Grasping---Adaptive-Control/ros2_ws/install/setup.bash'
[0.399s] INFO:colcon.colcon_core.shell:Creating prefix script '/home/dario/Desktop/Aerial-Grasping---Adaptive-Control/ros2_ws/install/local_setup.zsh'
[0.399s] INFO:colcon.colcon_core.shell:Creating prefix chain script '/home/dario/Desktop/Aerial-Grasping---Adaptive-Control/ros2_ws/install/setup.zsh'
